This is pdfTeX, Version 3.141592653-2.6-1.40.25 (MiKTeX 24.1) (preloaded format=pdflatex 2025.1.12)  1 JUL 2026 20:56
entering extended mode
 restricted \write18 enabled.
 file:line:error style messages enabled.
 %&-line parsing enabled.
**c:/Users/marce/Desktop/MLFCS_RLMM_26/Report/regime_aware_tactical_asset_allocation.tex
(c:/Users/marce/Desktop/MLFCS_RLMM_26/Report/regime_aware_tactical_asset_allocation.tex
LaTeX2e <2023-11-01> patch level 1
L3 programming layer <2024-01-04>
(C:\Users\marce\AppData\Local\Programs\MiKTeX\tex/latex/base\article.cls
Document Class: article 2023/05/17 v1.4n Standard LaTeX document class
(C:\Users\marce\AppData\Local\Programs\MiKTeX\tex/latex/base\size10.clo
File: size10.clo 2023/05/17 v1.4n Standard LaTeX file (size option)
)
\c@part=\count187
\c@section=\count188
\c@subsection=\count189
\c@subsubsection=\count190
\c@paragraph=\count191
\c@subparagraph=\count192
\c@figure=\count193
\c@table=\count194
\abovecaptionskip=\skip48
\belowcaptionskip=\skip49
\bibindent=\dimen140
) (neuripsstyle.sty
Package: neuripsstyle 2024/01/01 NeurIPS-style emulation
 (C:\Users\marce\AppData\Local\Programs\MiKTeX\tex/latex/geometry\geometry.sty
Package: geometry 2026/03/07 v6.0 Page Geometry
 (C:\Users\marce\AppData\Local\Programs\MiKTeX\tex/latex/graphics\keyval.sty
Package: keyval 2022/05/29 v1.15 key=value parser (DPC)
\KV@toks@=\toks17
) (C:\Users\marce\AppData\Local\Programs\MiKTeX\tex/generic/iftex\ifvtex.sty
Package: ifvtex 2019/10/25 v1.7 ifvtex legacy package. Use iftex instead.
 (C:\Users\marce\AppData\Local\Programs\MiKTeX\tex/generic/iftex\iftex.sty
Package: iftex 2022/02/03 v1.0f TeX engine tests
))
\Gm@cnth=\count195
\Gm@cntv=\count196
\c@Gm@tempcnt=\count197
\Gm@bindingoffset=\dimen141
\Gm@wd@mp=\dimen142
\Gm@odd@mp=\dimen143
\Gm@even@mp=\dimen144
\Gm@layoutwidth=\dimen145
\Gm@layoutheight=\dimen146
\Gm@layouthoffset=\dimen147
\Gm@layoutvoffset=\dimen148
\Gm@dimlist=\toks18
 (C:\Users\marce\AppData\Local\Programs\MiKTeX\tex/latex/geometry\geometry.cfg)) (C:\Users\marce\AppData\Local\Programs\MiKTeX\tex/latex/titlesec\titlesec.sty
Package: titlesec 2025/01/04 v2.17 Sectioning titles
\ttl@box=\box51
\beforetitleunit=\skip50
\aftertitleunit=\skip51
\ttl@plus=\dimen149
\ttl@minus=\dimen150
\ttl@toksa=\toks19
\titlewidth=\dimen151
\titlewidthlast=\dimen152
\titlewidthfirst=\dimen153
) (C:\Users\marce\AppData\Local\Programs\MiKTeX\tex/latex/titling\titling.sty
Package: titling 2009/09/04 v2.1d maketitle typesetting
\thanksmarkwidth=\skip52
\thanksmargin=\skip53
\droptitle=\skip54
)) (C:\Users\marce\AppData\Local\Programs\MiKTeX\tex/latex/base\inputenc.sty
Package: inputenc 2021/02/14 v1.3d Input encoding file
\inpenc@prehook=\toks20
\inpenc@posthook=\toks21
) (C:\Users\marce\AppData\Local\Programs\MiKTeX\tex/latex/base\fontenc.sty
Package: fontenc 2021/04/29 v2.0v Standard LaTeX package
) (C:\Users\marce\AppData\Local\Programs\MiKTeX\tex/latex/lm\lmodern.sty
Package: lmodern 2015/05/01 v1.6.1 Latin Modern Fonts
LaTeX Font Info:    Overwriting symbol font `operators' in version `normal'
(Font)                  OT1/cmr/m/n --> OT1/lmr/m/n on input line 22.
LaTeX Font Info:    Overwriting symbol font `letters' in version `normal'
(Font)                  OML/cmm/m/it --> OML/lmm/m/it on input line 23.
LaTeX Font Info:    Overwriting symbol font `symbols' in version `normal'
(Font)                  OMS/cmsy/m/n --> OMS/lmsy/m/n on input line 24.
LaTeX Font Info:    Overwriting symbol font `largesymbols' in version `normal'
(Font)                  OMX/cmex/m/n --> OMX/lmex/m/n on input line 25.
LaTeX Font Info:    Overwriting symbol font `operators' in version `bold'
(Font)                  OT1/cmr/bx/n --> OT1/lmr/bx/n on input line 26.
LaTeX Font Info:    Overwriting symbol font `letters' in version `bold'
(Font)                  OML/cmm/b/it --> OML/lmm/b/it on input line 27.
LaTeX Font Info:    Overwriting symbol font `symbols' in version `bold'
(Font)                  OMS/cmsy/b/n --> OMS/lmsy/b/n on input line 28.
LaTeX Font Info:    Overwriting symbol font `largesymbols' in version `bold'
(Font)                  OMX/cmex/m/n --> OMX/lmex/m/n on input line 29.
LaTeX Font Info:    Overwriting math alphabet `\mathbf' in version `normal'
(Font)                  OT1/cmr/bx/n --> OT1/lmr/bx/n on input line 31.
LaTeX Font Info:    Overwriting math alphabet `\mathsf' in version `normal'
(Font)                  OT1/cmss/m/n --> OT1/lmss/m/n on input line 32.
LaTeX Font Info:    Overwriting math alphabet `\mathit' in version `normal'
(Font)                  OT1/cmr/m/it --> OT1/lmr/m/it on input line 33.
LaTeX Font Info:    Overwriting math alphabet `\mathtt' in version `normal'
(Font)                  OT1/cmtt/m/n --> OT1/lmtt/m/n on input line 34.
LaTeX Font Info:    Overwriting math alphabet `\mathbf' in version `bold'
(Font)                  OT1/cmr/bx/n --> OT1/lmr/bx/n on input line 35.
LaTeX Font Info:    Overwriting math alphabet `\mathsf' in version `bold'
(Font)                  OT1/cmss/bx/n --> OT1/lmss/bx/n on input line 36.
LaTeX Font Info:    Overwriting math alphabet `\mathit' in version `bold'
(Font)                  OT1/cmr/bx/it --> OT1/lmr/bx/it on input line 37.
LaTeX Font Info:    Overwriting math alphabet `\mathtt' in version `bold'
(Font)                  OT1/cmtt/m/n --> OT1/lmtt/m/n on input line 38.
) (C:\Users\marce\AppData\Local\Programs\MiKTeX\tex/latex/amsmath\amsmath.sty
Package: amsmath 2023/05/13 v2.17o AMS math features
\@mathmargin=\skip55

For additional information on amsmath, use the `?' option.
(C:\Users\marce\AppData\Local\Programs\MiKTeX\tex/latex/amsmath\amstext.sty
Package: amstext 2021/08/26 v2.01 AMS text
 (C:\Users\marce\AppData\Local\Programs\MiKTeX\tex/latex/amsmath\amsgen.sty
File: amsgen.sty 1999/11/30 v2.0 generic functions
\@emptytoks=\toks22
\ex@=\dimen154
)) (C:\Users\marce\AppData\Local\Programs\MiKTeX\tex/latex/amsmath\amsbsy.sty
Package: amsbsy 1999/11/29 v1.2d Bold Symbols
\pmbraise@=\dimen155
) (C:\Users\marce\AppData\Local\Programs\MiKTeX\tex/latex/amsmath\amsopn.sty
Package: amsopn 2022/04/08 v2.04 operator names
)
\inf@bad=\count198
LaTeX Info: Redefining \frac on input line 234.
\uproot@=\count199
\leftroot@=\count266
LaTeX Info: Redefining \overline on input line 399.
LaTeX Info: Redefining \colon on input line 410.
\classnum@=\count267
\DOTSCASE@=\count268
LaTeX Info: Redefining \ldots on input line 496.
LaTeX Info: Redefining \dots on input line 499.
LaTeX Info: Redefining \cdots on input line 620.
\Mathstrutbox@=\box52
\strutbox@=\box53
LaTeX Info: Redefining \big on input line 722.
LaTeX Info: Redefining \Big on input line 723.
LaTeX Info: Redefining \bigg on input line 724.
LaTeX Info: Redefining \Bigg on input line 725.
\big@size=\dimen156
LaTeX Font Info:    Redeclaring font encoding OML on input line 743.
LaTeX Font Info:    Redeclaring font encoding OMS on input line 744.
\macc@depth=\count269
LaTeX Info: Redefining \bmod on input line 905.
LaTeX Info: Redefining \pmod on input line 910.
LaTeX Info: Redefining \smash on input line 940.
LaTeX Info: Redefining \relbar on input line 970.
LaTeX Info: Redefining \Relbar on input line 971.
\c@MaxMatrixCols=\count270
\dotsspace@=\muskip16
\c@parentequation=\count271
\dspbrk@lvl=\count272
\tag@help=\toks23
\row@=\count273
\column@=\count274
\maxfields@=\count275
\andhelp@=\toks24
\eqnshift@=\dimen157
\alignsep@=\dimen158
\tagshift@=\dimen159
\tagwidth@=\dimen160
\totwidth@=\dimen161
\lineht@=\dimen162
\@envbody=\toks25
\multlinegap=\skip56
\multlinetaggap=\skip57
\mathdisplay@stack=\toks26
LaTeX Info: Redefining \[ on input line 2953.
LaTeX Info: Redefining \] on input line 2954.
) (C:\Users\marce\AppData\Local\Programs\MiKTeX\tex/latex/amsfonts\amssymb.sty
Package: amssymb 2013/01/14 v3.01 AMS font symbols
 (C:\Users\marce\AppData\Local\Programs\MiKTeX\tex/latex/amsfonts\amsfonts.sty
Package: amsfonts 2013/01/14 v3.01 Basic AMSFonts support
\symAMSa=\mathgroup4
\symAMSb=\mathgroup5
LaTeX Font Info:    Redeclaring math symbol \hbar on input line 98.
LaTeX Font Info:    Overwriting math alphabet `\mathfrak' in version `bold'
(Font)                  U/euf/m/n --> U/euf/b/n on input line 106.
)) (C:\Users\marce\AppData\Local\Programs\MiKTeX\tex/latex/tools\bm.sty
Package: bm 2023/07/08 v1.2f Bold Symbol Support (DPC/FMi)
\symboldoperators=\mathgroup6
\symboldletters=\mathgroup7
\symboldsymbols=\mathgroup8
Package bm Info: No bold for \OMX/lmex/m/n, using \pmb.
Package bm Info: No bold for \U/msa/m/n, using \pmb.
Package bm Info: No bold for \U/msb/m/n, using \pmb.
LaTeX Font Info:    Redeclaring math alphabet \mathbf on input line 149.
) (C:\Users\marce\AppData\Local\Programs\MiKTeX\tex/latex/booktabs\booktabs.sty
Package: booktabs 2020/01/12 v1.61803398 Publication quality tables
\heavyrulewidth=\dimen163
\lightrulewidth=\dimen164
\cmidrulewidth=\dimen165
\belowrulesep=\dimen166
\belowbottomsep=\dimen167
\aboverulesep=\dimen168
\abovetopsep=\dimen169
\cmidrulesep=\dimen170
\cmidrulekern=\dimen171
\defaultaddspace=\dimen172
\@cmidla=\count276
\@cmidlb=\count277
\@aboverulesep=\dimen173
\@belowrulesep=\dimen174
\@thisruleclass=\count278
\@lastruleclass=\count279
\@thisrulewidth=\dimen175
) (C:\Users\marce\AppData\Local\Programs\MiKTeX\tex/latex/tools\array.sty
Package: array 2023/10/16 v2.5g Tabular extension package (FMi)
\col@sep=\dimen176
\ar@mcellbox=\box54
\extrarowheight=\dimen177
\NC@list=\toks27
\extratabsurround=\skip58
\backup@length=\skip59
\ar@cellbox=\box55
) (C:\Users\marce\AppData\Local\Programs\MiKTeX\tex/latex/multirow\multirow.sty
Package: multirow 2024/11/12 v2.9 Span multiple rows of a table
\multirow@colwidth=\skip60
\multirow@cntb=\count280
\multirow@dima=\skip61
\bigstrutjot=\dimen178
) (C:\Users\marce\AppData\Local\Programs\MiKTeX\tex/latex/tools\longtable.sty
Package: longtable 2023-11-01 v4.19 Multi-page Table package (DPC)
\LTleft=\skip62
\LTright=\skip63
\LTpre=\skip64
\LTpost=\skip65
\LTchunksize=\count281
\LTcapwidth=\dimen179
\LT@head=\box56
\LT@firsthead=\box57
\LT@foot=\box58
\LT@lastfoot=\box59
\LT@gbox=\box60
\LT@cols=\count282
\LT@rows=\count283
\c@LT@tables=\count284
\c@LT@chunks=\count285
\LT@p@ftn=\toks28
) (C:\Users\marce\AppData\Local\Programs\MiKTeX\tex/latex/graphics\graphicx.sty
Package: graphicx 2021/09/16 v1.2d Enhanced LaTeX Graphics (DPC,SPQR)
 (C:\Users\marce\AppData\Local\Programs\MiKTeX\tex/latex/graphics\graphics.sty
Package: graphics 2022/03/10 v1.4e Standard LaTeX Graphics (DPC,SPQR)
 (C:\Users\marce\AppData\Local\Programs\MiKTeX\tex/latex/graphics\trig.sty
Package: trig 2021/08/11 v1.11 sin cos tan (DPC)
) (C:\Users\marce\AppData\Local\Programs\MiKTeX\tex/latex/graphics-cfg\graphics.cfg
File: graphics.cfg 2016/06/04 v1.11 sample graphics configuration
)
Package graphics Info: Driver file: pdftex.def on input line 107.
 (C:\Users\marce\AppData\Local\Programs\MiKTeX\tex/latex/graphics-def\pdftex.def
File: pdftex.def 2022/09/22 v1.2b Graphics/color driver for pdftex
))
\Gin@req@height=\dimen180
\Gin@req@width=\dimen181
) (C:\Users\marce\AppData\Local\Programs\MiKTeX\tex/latex/adjustbox\adjustbox.sty
Package: adjustbox 2025/02/26 v1.3c Adjusting TeX boxes (trim, clip, ...)
 (C:\Users\marce\AppData\Local\Programs\MiKTeX\tex/latex/xkeyval\xkeyval.sty
Package: xkeyval 2022/06/16 v2.9 package option processing (HA)
 (C:\Users\marce\AppData\Local\Programs\MiKTeX\tex/generic/xkeyval\xkeyval.tex (C:\Users\marce\AppData\Local\Programs\MiKTeX\tex/generic/xkeyval\xkvutils.tex
\XKV@toks=\toks29
\XKV@tempa@toks=\toks30
)
\XKV@depth=\count286
File: xkeyval.tex 2014/12/03 v2.7a key=value parser (HA)
)) (C:\Users\marce\AppData\Local\Programs\MiKTeX\tex/latex/adjustbox\adjcalc.sty
Package: adjcalc 2012/05/16 v1.1 Provides advanced setlength with multiple back-ends (calc, etex, pgfmath)
) (C:\Users\marce\AppData\Local\Programs\MiKTeX\tex/latex/adjustbox\trimclip.sty
Package: trimclip 2025/02/21 v1.2a Trim and clip general TeX material
 (C:\Users\marce\AppData\Local\Programs\MiKTeX\tex/latex/collectbox\collectbox.sty
Package: collectbox 2022/10/17 v0.4c Collect macro arguments as boxes
\collectedbox=\box61
)
\tc@llx=\dimen182
\tc@lly=\dimen183
\tc@urx=\dimen184
\tc@ury=\dimen185
Package trimclip Info: Using driver 'tc-pdftex.def'.
 (C:\Users\marce\AppData\Local\Programs\MiKTeX\tex/latex/adjustbox\tc-pdftex.def
File: tc-pdftex.def 2025/02/26 v2.3 Clipping driver for pdftex
))
\adjbox@Width=\dimen186
\adjbox@Height=\dimen187
\adjbox@Depth=\dimen188
\adjbox@Totalheight=\dimen189
\adjbox@pwidth=\dimen190
\adjbox@pheight=\dimen191
\adjbox@pdepth=\dimen192
\adjbox@ptotalheight=\dimen193
 (C:\Users\marce\AppData\Local\Programs\MiKTeX\tex/latex/ifoddpage\ifoddpage.sty
Package: ifoddpage 2022/10/18 v1.2 Conditionals for odd/even page detection
\c@checkoddpage=\count287
) (C:\Users\marce\AppData\Local\Programs\MiKTeX\tex/latex/varwidth\varwidth.sty
Package: varwidth 2009/03/30 ver 0.92;  Variable-width minipages
\@vwid@box=\box62
\sift@deathcycles=\count288
\@vwid@loff=\dimen194
\@vwid@roff=\dimen195
)) (C:\Users\marce\AppData\Local\Programs\MiKTeX\tex/latex/siunitx\siunitx.sty
Package: siunitx 2026-05-15 v3.5.5 A comprehensive (SI) units package
\l__siunitx_number_uncert_offset_int=\count289
\l__siunitx_number_exponent_fixed_int=\count290
\l__siunitx_number_min_decimal_int=\count291
\l__siunitx_number_min_integer_int=\count292
\l__siunitx_number_round_precision_int=\count293
\l__siunitx_number_lower_threshold_int=\count294
\l__siunitx_number_upper_threshold_int=\count295
\l__siunitx_number_group_first_int=\count296
\l__siunitx_number_group_size_int=\count297
\l__siunitx_number_group_min_int=\count298
\l__siunitx_number_group_minimum_int=\count299
\l__siunitx_compound_count_int=\count300
 (C:\Users\marce\AppData\Local\Programs\MiKTeX\tex/latex/translations\translations.sty
Package: translations 2022/02/05 v1.12 internationalization of LaTeX2e packages (CN)
 (C:\Users\marce\AppData\Local\Programs\MiKTeX\tex/latex/etoolbox\etoolbox.sty
Package: etoolbox 2020/10/05 v2.5k e-TeX tools for LaTeX (JAW)
\etb@tempcnta=\count301
) (C:\Users\marce\AppData\Local\Programs\MiKTeX\tex/generic/pdftexcmds\pdftexcmds.sty
Package: pdftexcmds 2020-06-27 v0.33 Utility functions of pdfTeX for LuaTeX (HO)
 (C:\Users\marce\AppData\Local\Programs\MiKTeX\tex/generic/infwarerr\infwarerr.sty
Package: infwarerr 2019/12/03 v1.5 Providing info/warning/error messages (HO)
) (C:\Users\marce\AppData\Local\Programs\MiKTeX\tex/generic/ltxcmds\ltxcmds.sty
Package: ltxcmds 2023-12-04 v1.26 LaTeX kernel commands for general use (HO)
)
Package pdftexcmds Info: \pdf@primitive is available.
Package pdftexcmds Info: \pdf@ifprimitive is available.
Package pdftexcmds Info: \pdfdraftmode found.
))
\l__siunitx_table_tmp_box=\box63
\l__siunitx_table_tmp_dim=\dimen196
\l__siunitx_table_column_width_dim=\dimen197
\l__siunitx_table_integer_box=\box64
\l__siunitx_table_decimal_box=\box65
\l__siunitx_table_uncert_box=\box66
\l__siunitx_table_before_box=\box67
\l__siunitx_table_after_box=\box68
\l__siunitx_table_before_dim=\dimen198
\l__siunitx_table_carry_dim=\dimen199
\l__siunitx_unit_tmp_int=\count302
\l__siunitx_unit_position_int=\count303
\l__siunitx_unit_total_int=\count304
\l__siunitx_sexagesimal_tmp_dim=\dimen256
\l__siunitx_sexagesimal_marker_box=\box69
\l__siunitx_sexagesimal_unit_box=\box70
) (C:\Users\marce\AppData\Local\Programs\MiKTeX\tex/latex/float\float.sty
Package: float 2001/11/08 v1.3d Float enhancements (AL)
\c@float@type=\count305
\float@exts=\toks31
\float@box=\box71
\@float@everytoks=\toks32
\@floatcapt=\box72
) (C:\Users\marce\AppData\Local\Programs\MiKTeX\tex/latex/placeins\placeins.sty
Package: placeins 2005/04/18  v 2.2
) (C:\Users\marce\AppData\Local\Programs\MiKTeX\tex/latex/pdflscape\pdflscape.sty
Package: pdflscape 2022-10-27 v0.13 Display of landscape pages in PDF
 (C:\Users\marce\AppData\Local\Programs\MiKTeX\tex/latex/pdflscape\pdflscape-nometadata.sty
Package: pdflscape-nometadata 2022-10-28 v0.13 Display of landscape pages in PDF (HO)
 (C:\Users\marce\AppData\Local\Programs\MiKTeX\tex/latex/graphics\lscape.sty
Package: lscape 2020/05/28 v3.02 Landscape Pages (DPC)
)
Package pdflscape Info: Auto-detected driver: pdftex on input line 81.
)) (C:\Users\marce\AppData\Local\Programs\MiKTeX\tex/latex/caption\caption.sty
Package: caption 2023/08/05 v3.6o Customizing captions (AR)
 (C:\Users\marce\AppData\Local\Programs\MiKTeX\tex/latex/caption\caption3.sty
Package: caption3 2023/07/31 v2.4d caption3 kernel (AR)
\caption@tempdima=\dimen257
\captionmargin=\dimen258
\caption@leftmargin=\dimen259
\caption@rightmargin=\dimen260
\caption@width=\dimen261
\caption@indent=\dimen262
\caption@parindent=\dimen263
\caption@hangindent=\dimen264
Package caption Info: Standard document class detected.
)
\c@caption@flags=\count306
\c@continuedfloat=\count307
Package caption Info: float package is loaded.
Package caption Info: longtable package is loaded.
 (C:\Users\marce\AppData\Local\Programs\MiKTeX\tex/latex/caption\ltcaption.sty
Package: ltcaption 2021/01/08 v1.4c longtable captions (AR)
)) (C:\Users\marce\AppData\Local\Programs\MiKTeX\tex/latex/hyperref\hyperref.sty
Package: hyperref 2023-11-26 v7.01g Hypertext links for LaTeX
 (C:\Users\marce\AppData\Local\Programs\MiKTeX\tex/latex/kvsetkeys\kvsetkeys.sty
Package: kvsetkeys 2022-10-05 v1.19 Key value parser (HO)
) (C:\Users\marce\AppData\Local\Programs\MiKTeX\tex/generic/kvdefinekeys\kvdefinekeys.sty
Package: kvdefinekeys 2019-12-19 v1.6 Define keys (HO)
) (C:\Users\marce\AppData\Local\Programs\MiKTeX\tex/generic/pdfescape\pdfescape.sty
Package: pdfescape 2019/12/09 v1.15 Implements pdfTeX's escape features (HO)
) (C:\Users\marce\AppData\Local\Programs\MiKTeX\tex/latex/hycolor\hycolor.sty
Package: hycolor 2020-01-27 v1.10 Color options for hyperref/bookmark (HO)
) (C:\Users\marce\AppData\Local\Programs\MiKTeX\tex/latex/letltxmacro\letltxmacro.sty
Package: letltxmacro 2019/12/03 v1.6 Let assignment for LaTeX macros (HO)
) (C:\Users\marce\AppData\Local\Programs\MiKTeX\tex/latex/auxhook\auxhook.sty
Package: auxhook 2019-12-17 v1.6 Hooks for auxiliary files (HO)
) (C:\Users\marce\AppData\Local\Programs\MiKTeX\tex/latex/hyperref\nameref.sty
Package: nameref 2023-11-26 v2.56 Cross-referencing by name of section
 (C:\Users\marce\AppData\Local\Programs\MiKTeX\tex/latex/refcount\refcount.sty
Package: refcount 2019/12/15 v3.6 Data extraction from label references (HO)
) (C:\Users\marce\AppData\Local\Programs\MiKTeX\tex/generic/gettitlestring\gettitlestring.sty
Package: gettitlestring 2019/12/15 v1.6 Cleanup title references (HO)
 (C:\Users\marce\AppData\Local\Programs\MiKTeX\tex/latex/kvoptions\kvoptions.sty
Package: kvoptions 2022-06-15 v3.15 Key value format for package options (HO)
))
\c@section@level=\count308
)
\@linkdim=\dimen265
\Hy@linkcounter=\count309
\Hy@pagecounter=\count310
 (C:\Users\marce\AppData\Local\Programs\MiKTeX\tex/latex/hyperref\pd1enc.def
File: pd1enc.def 2023-11-26 v7.01g Hyperref: PDFDocEncoding definition (HO)
Now handling font encoding PD1 ...
... no UTF-8 mapping file for font encoding PD1
) (C:\Users\marce\AppData\Local\Programs\MiKTeX\tex/generic/intcalc\intcalc.sty
Package: intcalc 2019/12/15 v1.3 Expandable calculations with integers (HO)
)
\Hy@SavedSpaceFactor=\count311
 (C:\Users\marce\AppData\Local\Programs\MiKTeX\tex/latex/hyperref\puenc.def
File: puenc.def 2023-11-26 v7.01g Hyperref: PDF Unicode definition (HO)
Now handling font encoding PU ...
... no UTF-8 mapping file for font encoding PU
)
Package hyperref Info: Hyper figures OFF on input line 4181.
Package hyperref Info: Link nesting OFF on input line 4186.
Package hyperref Info: Hyper index ON on input line 4189.
Package hyperref Info: Plain pages OFF on input line 4196.
Package hyperref Info: Backreferencing OFF on input line 4201.
Package hyperref Info: Implicit mode ON; LaTeX internals redefined.
Package hyperref Info: Bookmarks ON on input line 4448.
\c@Hy@tempcnt=\count312
 (C:\Users\marce\AppData\Local\Programs\MiKTeX\tex/latex/url\url.sty
\Urlmuskip=\muskip17
Package: url 2013/09/16  ver 3.4  Verb mode for urls, etc.
)
LaTeX Info: Redefining \url on input line 4786.
\XeTeXLinkMargin=\dimen266
 (C:\Users\marce\AppData\Local\Programs\MiKTeX\tex/generic/bitset\bitset.sty
Package: bitset 2019/12/09 v1.3 Handle bit-vector datatype (HO)
 (C:\Users\marce\AppData\Local\Programs\MiKTeX\tex/generic/bigintcalc\bigintcalc.sty
Package: bigintcalc 2019/12/15 v1.5 Expandable calculations on big integers (HO)
))
\Fld@menulength=\count313
\Field@Width=\dimen267
\Fld@charsize=\dimen268
Package hyperref Info: Hyper figures OFF on input line 6065.
Package hyperref Info: Link nesting OFF on input line 6070.
Package hyperref Info: Hyper index ON on input line 6073.
Package hyperref Info: backreferencing OFF on input line 6080.
Package hyperref Info: Link coloring OFF on input line 6085.
Package hyperref Info: Link coloring with OCG OFF on input line 6090.
Package hyperref Info: PDF/A mode OFF on input line 6095.
 (C:\Users\marce\AppData\Local\Programs\MiKTeX\tex/latex/base\atbegshi-ltx.sty
Package: atbegshi-ltx 2021/01/10 v1.0c Emulation of the original atbegshi
package with kernel methods
)
\Hy@abspage=\count314
\c@Item=\count315
\c@Hfootnote=\count316
)
Package hyperref Info: Driver (autodetected): hpdftex.
 (C:\Users\marce\AppData\Local\Programs\MiKTeX\tex/latex/hyperref\hpdftex.def
File: hpdftex.def 2023-11-26 v7.01g Hyperref driver for pdfTeX
 (C:\Users\marce\AppData\Local\Programs\MiKTeX\tex/latex/base\atveryend-ltx.sty
Package: atveryend-ltx 2020/08/19 v1.0a Emulation of the original atveryend package
with kernel methods
)
\Fld@listcount=\count317
\c@bookmark@seq@number=\count318
 (C:\Users\marce\AppData\Local\Programs\MiKTeX\tex/latex/rerunfilecheck\rerunfilecheck.sty
Package: rerunfilecheck 2022-07-10 v1.10 Rerun checks for auxiliary files (HO)
 (C:\Users\marce\AppData\Local\Programs\MiKTeX\tex/generic/uniquecounter\uniquecounter.sty
Package: uniquecounter 2019/12/15 v1.4 Provide unlimited unique counter (HO)
)
Package uniquecounter Info: New unique counter `rerunfilecheck' on input line 285.
)
\Hy@SectionHShift=\skip66
) (C:\Users\marce\AppData\Local\Programs\MiKTeX\tex/latex/microtype\microtype.sty
Package: microtype 2026/03/01 v3.2d Micro-typographical refinements (RS)
\MT@toks=\toks33
\MT@tempbox=\box73
\MT@count=\count319
LaTeX Info: Redefining \noprotrusionifhmode on input line 1084.
LaTeX Info: Redefining \leftprotrusion on input line 1085.
\MT@prot@toks=\toks34
LaTeX Info: Redefining \rightprotrusion on input line 1104.
LaTeX Info: Redefining \textls on input line 1449.
\MT@outer@kern=\dimen269
LaTeX Info: Redefining \microtypecontext on input line 2053.
LaTeX Info: Redefining \textmicrotypecontext on input line 2070.
\MT@listname@count=\count320
 (C:\Users\marce\AppData\Local\Programs\MiKTeX\tex/latex/microtype\microtype-pdftex.def
File: microtype-pdftex.def 2026/03/01 v3.2d Definitions specific to pdftex (RS)
LaTeX Info: Redefining \lsstyle on input line 944.
LaTeX Info: Redefining \lslig on input line 944.
\MT@outer@space=\skip67
)
Package microtype Info: Loading configuration file microtype.cfg.
 (C:\Users\marce\AppData\Local\Programs\MiKTeX\tex/latex/microtype\microtype.cfg
File: microtype.cfg 2026/03/01 v3.2d microtype main configuration file (RS)
)
LaTeX Info: Redefining \microtypesetup on input line 3065.
)

Package siunitx Info: Option "detect-weight" has been deprecated in this
(siunitx)             release.
(siunitx)             
(siunitx)             Use "reset-text-series = false, text-series-to-math =
(siunitx)             true" as a replacement.


Package siunitx Info: Option "detect-family" has been deprecated in this
(siunitx)             release.
(siunitx)             
(siunitx)             Use "reset-text-family = false, text-family-to-math =
(siunitx)             true" as a replacement.

Package translations Info: No language package found. I am going to use `english' as default language. on input line 56.
 (C:\Users\marce\AppData\Local\Programs\MiKTeX\tex/latex/graphics\color.sty
Package: color 2022/01/06 v1.3d Standard LaTeX Color (DPC)
 (C:\Users\marce\AppData\Local\Programs\MiKTeX\tex/latex/graphics-cfg\color.cfg
File: color.cfg 2016/01/02 v1.6 sample color configuration
)
Package color Info: Driver file: pdftex.def on input line 149.
 (C:\Users\marce\AppData\Local\Programs\MiKTeX\tex/latex/graphics\mathcolor.ltx))
LaTeX Font Info:    Trying to load font information for T1+lmr on input line 56.
 (C:\Users\marce\AppData\Local\Programs\MiKTeX\tex/latex/lm\t1lmr.fd
File: t1lmr.fd 2015/05/01 v1.6.1 Font defs for Latin Modern
) (C:\Users\marce\AppData\Local\Programs\MiKTeX\tex/latex/l3backend\l3backend-pdftex.def
File: l3backend-pdftex.def 2024-01-04 L3 backend support: PDF output (pdfTeX)
\l__color_backend_stack_int=\count321
\l__pdf_internal_box=\box74
) (regime_aware_tactical_asset_allocation.aux)
\openout1 = `regime_aware_tactical_asset_allocation.aux'.

LaTeX Font Info:    Checking defaults for OML/cmm/m/it on input line 56.
LaTeX Font Info:    ... okay on input line 56.
LaTeX Font Info:    Checking defaults for OMS/cmsy/m/n on input line 56.
LaTeX Font Info:    ... okay on input line 56.
LaTeX Font Info:    Checking defaults for OT1/cmr/m/n on input line 56.
LaTeX Font Info:    ... okay on input line 56.
LaTeX Font Info:    Checking defaults for T1/cmr/m/n on input line 56.
LaTeX Font Info:    ... okay on input line 56.
LaTeX Font Info:    Checking defaults for TS1/cmr/m/n on input line 56.
LaTeX Font Info:    ... okay on input line 56.
LaTeX Font Info:    Checking defaults for OMX/cmex/m/n on input line 56.
LaTeX Font Info:    ... okay on input line 56.
LaTeX Font Info:    Checking defaults for U/cmr/m/n on input line 56.
LaTeX Font Info:    ... okay on input line 56.
LaTeX Font Info:    Checking defaults for PD1/pdf/m/n on input line 56.
LaTeX Font Info:    ... okay on input line 56.
LaTeX Font Info:    Checking defaults for PU/pdf/m/n on input line 56.
LaTeX Font Info:    ... okay on input line 56.

*geometry* driver: auto-detecting
*geometry* detected driver: pdftex
*geometry* verbose mode - [ preamble ] result:
* driver: pdftex
* paper: letterpaper
* layout: <same size as paper>
* layoutoffset:(h,v)=(0.0pt,0.0pt)
* modes: 
* h-part:(L,W,R)=(108.405pt, 397.485pt, 108.405pt)
* v-part:(T,H,B)=(72.26999pt, 650.43001pt, 72.26999pt)
* \paperwidth=614.295pt
* \paperheight=794.96999pt
* \textwidth=397.485pt
* \textheight=650.43001pt
* \oddsidemargin=36.13501pt
* \evensidemargin=36.13501pt
* \topmargin=-37.0pt
* \headheight=12.0pt
* \headsep=25.0pt
* \topskip=10.0pt
* \footskip=30.0pt
* \marginparwidth=65.0pt
* \marginparsep=11.0pt
* \columnsep=10.0pt
* \skip\footins=9.0pt plus 4.0pt minus 2.0pt
* \hoffset=0.0pt
* \voffset=0.0pt
* \mag=1000
* \@twocolumnfalse
* \@twosidefalse
* \@mparswitchfalse
* \@reversemarginfalse
* (1in=72.27pt=25.4mm, 1cm=28.453pt)

(C:\Users\marce\AppData\Local\Programs\MiKTeX\tex/context/base/mkii\supp-pdf.mkii
[Loading MPS to PDF converter (version 2006.09.02).]
\scratchcounter=\count322
\scratchdimen=\dimen270
\scratchbox=\box75
\nofMPsegments=\count323
\nofMParguments=\count324
\everyMPshowfont=\toks35
\MPscratchCnt=\count325
\MPscratchDim=\dimen271
\MPnumerator=\count326
\makeMPintoPDFobject=\count327
\everyMPtoPDFconversion=\toks36
) (C:\Users\marce\AppData\Local\Programs\MiKTeX\tex/latex/epstopdf-pkg\epstopdf-base.sty
Package: epstopdf-base 2020-01-24 v2.11 Base part for package epstopdf
Package epstopdf-base Info: Redefining graphics rule for `.eps' on input line 485.
 (C:\Users\marce\AppData\Local\Programs\MiKTeX\tex/latex/00miktex\epstopdf-sys.cfg
File: epstopdf-sys.cfg 2021/03/18 v2.0 Configuration of epstopdf for MiKTeX
)) (C:\Users\marce\AppData\Local\Programs\MiKTeX\tex/latex/translations/dicts\translations-basic-dictionary-english.trsl
File: translations-basic-dictionary-english.trsl (english translation file `translations-basic-dictionary')
)
Package translations Info: loading dictionary `translations-basic-dictionary' for `english'. on input line 56.
Package caption Info: Begin \AtBeginDocument code.
Package caption Info: hyperref package is loaded.
Package caption Info: End \AtBeginDocument code.
Package hyperref Info: Link coloring OFF on input line 56.
 (regime_aware_tactical_asset_allocation.out) (regime_aware_tactical_asset_allocation.out)
\@outlinefile=\write3
\openout3 = `regime_aware_tactical_asset_allocation.out'.

Package microtype Info: Patching varwidth to enable character protrusion.
\MT@vwid@leftmargin=\dimen272
\MT@vwid@rightmargin=\dimen273
LaTeX Info: Redefining \microtypecontext on input line 56.
Package microtype Info: Applying patch `item' on input line 56.
Package microtype Info: Applying patch `toc' on input line 56.
Package microtype Info: Applying patch `eqnum' on input line 56.
Package microtype Info: Applying patch `footnote' on input line 56.
Package microtype Info: Applying patch `verbatim' on input line 56.
LaTeX Info: Redefining \microtypesetup on input line 56.
Package microtype Info: Generating PDF output.
Package microtype Info: Character protrusion enabled (level 2).
Package microtype Info: Using default protrusion set `alltext'.
Package microtype Info: Automatic font expansion enabled (level 2),
(microtype)             stretch: 20, shrink: 20, step: 1, non-selected.
Package microtype Info: Using default expansion set `alltext-nott'.
Package microtype Info: Patching command `\showhyphens'.
Package microtype Info: No adjustment of tracking.
Package microtype Info: No adjustment of interword spacing.
Package microtype Info: No adjustment of character kerning.
 (C:\Users\marce\AppData\Local\Programs\MiKTeX\tex/latex/microtype\mt-cmr.cfg
File: mt-cmr.cfg 2013/05/19 v2.2 microtype config. file: Computer Modern Roman (RS)
)
Package microtype Info: Character `029' is missing
(microtype)             in font `T1/lmr/m/sc/9'.
(microtype)             Ignoring protrusion settings for this character.
Package microtype Info: Character `029' is missing
(microtype)             in font `T1/lmr/m/sc/10'.
(microtype)             Ignoring protrusion settings for this character.
 [1

{C:/Users/marce/AppData/Local/MiKTeX/fonts/map/pdftex/pdftex.map}{C:/Users/marce/AppData/Local/Programs/MiKTeX/fonts/enc/dvips/lm/lm-ec.enc}]
LaTeX Font Info:    Trying to load font information for OT1+lmr on input line 95.
 (C:\Users\marce\AppData\Local\Programs\MiKTeX\tex/latex/lm\ot1lmr.fd
File: ot1lmr.fd 2015/05/01 v1.6.1 Font defs for Latin Modern
)
LaTeX Font Info:    Trying to load font information for OML+lmm on input line 95.
 (C:\Users\marce\AppData\Local\Programs\MiKTeX\tex/latex/lm\omllmm.fd
File: omllmm.fd 2015/05/01 v1.6.1 Font defs for Latin Modern
)
LaTeX Font Info:    Trying to load font information for OMS+lmsy on input line 95.
 (C:\Users\marce\AppData\Local\Programs\MiKTeX\tex/latex/lm\omslmsy.fd
File: omslmsy.fd 2015/05/01 v1.6.1 Font defs for Latin Modern
)
LaTeX Font Info:    Trying to load font information for OMX+lmex on input line 95.
 (C:\Users\marce\AppData\Local\Programs\MiKTeX\tex/latex/lm\omxlmex.fd
File: omxlmex.fd 2015/05/01 v1.6.1 Font defs for Latin Modern
)
LaTeX Font Info:    External font `lmex10' loaded for size
(Font)              <10> on input line 95.
LaTeX Font Info:    External font `lmex10' loaded for size
(Font)              <7> on input line 95.
LaTeX Font Info:    External font `lmex10' loaded for size
(Font)              <5> on input line 95.
LaTeX Font Info:    Trying to load font information for U+msa on input line 95.
 (C:\Users\marce\AppData\Local\Programs\MiKTeX\tex/latex/amsfonts\umsa.fd
File: umsa.fd 2013/01/14 v3.01 AMS symbols A
) (C:\Users\marce\AppData\Local\Programs\MiKTeX\tex/latex/microtype\mt-msa.cfg
File: mt-msa.cfg 2006/02/04 v1.1 microtype config. file: AMS symbols (a) (RS)
)
LaTeX Font Info:    Trying to load font information for U+msb on input line 95.
 (C:\Users\marce\AppData\Local\Programs\MiKTeX\tex/latex/amsfonts\umsb.fd
File: umsb.fd 2013/01/14 v3.01 AMS symbols B
) (C:\Users\marce\AppData\Local\Programs\MiKTeX\tex/latex/microtype\mt-msb.cfg
File: mt-msb.cfg 2005/06/01 v1.0 microtype config. file: AMS symbols (b) (RS)
) [2{C:/Users/marce/AppData/Local/Programs/MiKTeX/fonts/enc/dvips/lm/lm-mathit.enc}{C:/Users/marce/AppData/Local/Programs/MiKTeX/fonts/enc/dvips/lm/lm-rm.enc}{C:/Users/marce/AppData/Local/Programs/MiKTeX/fonts/enc/dvips/lm/lm-mathsy.enc}{C:/Users/marce/AppData/Local/Programs/MiKTeX/fonts/enc/dvips/lm/lm-mathex.enc}] [3]
<figs/teacher_regime_labels.png, id=258, 578.16pt x 382.66965pt>
File: figs/teacher_regime_labels.png Graphic file (type png)
<use figs/teacher_regime_labels.png>
Package pdftex.def Info: figs/teacher_regime_labels.png  used on input line 252.
(pdftex.def)             Requested size: 238.49342pt x 157.85316pt.
<figs/COUPLED__labels.png, id=260, 855.6768pt x 566.5968pt>
File: figs/COUPLED__labels.png Graphic file (type png)
<use figs/COUPLED__labels.png>
Package pdftex.def Info: figs/COUPLED__labels.png  used on input line 252.
(pdftex.def)             Requested size: 238.49342pt x 157.91978pt.
 [4 <./figs/teacher_regime_labels.png> <./figs/COUPLED__labels.png>]
Overfull \hbox (16.9115pt too wide) in paragraph at lines 281--291
 [][] 
 []

LaTeX Font Info:    External font `lmex10' loaded for size
(Font)              <9> on input line 333.
LaTeX Font Info:    External font `lmex10' loaded for size
(Font)              <6> on input line 333.
[5]
LaTeX Font Info:    External font `lmex10' loaded for size
(Font)              <8> on input line 403.
Package microtype Info: Character `029' is missing
(microtype)             in font `T1/lmr/m/sc/8'.
(microtype)             Ignoring protrusion settings for this character.
 [6] [7]
<figs/allocation_wealth_drawdown_focused.jpg, id=333, 615.7404pt x 355.5684pt>
File: figs/allocation_wealth_drawdown_focused.jpg Graphic file (type jpg)
<use figs/allocation_wealth_drawdown_focused.jpg>
Package pdftex.def Info: figs/allocation_wealth_drawdown_focused.jpg  used on input line 552.
(pdftex.def)             Requested size: 198.7425pt x 114.76622pt.
<figs/COUPLED__alloc_wealth_drawdown.pdf, id=334, 711.12483pt x 402.42024pt>
File: figs/COUPLED__alloc_wealth_drawdown.pdf Graphic file (type pdf)
<use figs/COUPLED__alloc_wealth_drawdown.pdf>
Package pdftex.def Info: figs/COUPLED__alloc_wealth_drawdown.pdf  used on input line 552.
(pdftex.def)             Requested size: 198.7425pt x 112.46812pt.
<figs/allocation_mechanics_focused.jpg, id=336, 1004.553pt x 462.7689pt>
File: figs/allocation_mechanics_focused.jpg Graphic file (type jpg)
<use figs/allocation_mechanics_focused.jpg>
Package pdftex.def Info: figs/allocation_mechanics_focused.jpg  used on input line 580.
(pdftex.def)             Requested size: 254.3872pt x 104.06908pt.
<figs/COUPLED__alloc_mechanics.pdf, id=337, 1142.77759pt x 482.89294pt>
File: figs/COUPLED__alloc_mechanics.pdf Graphic file (type pdf)
<use figs/COUPLED__alloc_mechanics.pdf>
Package pdftex.def Info: figs/COUPLED__alloc_mechanics.pdf  used on input line 580.
(pdftex.def)             Requested size: 254.37619pt x 104.07048pt.
 [8 <./figs/allocation_wealth_drawdown_focused.jpg> <./figs/COUPLED__alloc_wealth_drawdown.pdf> <./figs/allocation_mechanics_focused.jpg> <./figs/COUPLED__alloc_mechanics.pdf>] [9] (regime_aware_tactical_asset_allocation_appendix.tex
Underfull \hbox (badness 10000) in paragraph at lines 15--15
[]|\T1/lmr/m/sc/9 (+20) independent
 []


Underfull \hbox (badness 10000) in paragraph at lines 15--15
[]|\T1/lmr/m/n/9 (+20) Exponentially
 []


Underfull \hbox (badness 10000) in paragraph at lines 16--16
[]|\T1/lmr/m/sc/9 (+20) independent
 []


Underfull \hbox (badness 10000) in paragraph at lines 16--16
[]|\T1/lmr/m/n/9 (+20) Exponentially
 []


Underfull \hbox (badness 10000) in paragraph at lines 16--16
\T1/lmr/m/n/9 (+20) down-side risk;
 []


Underfull \hbox (badness 10000) in paragraph at lines 16--16
\T1/lmr/m/n/9 (+20) Sharpe ra-tio;
 []


Underfull \hbox (badness 2726) in paragraph at lines 18--18
[]|\T1/lmr/m/sc/9 (+20) coupled \T1/lmr/m/n/9 (+20) (eq-
 []


Underfull \hbox (badness 2726) in paragraph at lines 19--19
[]|\T1/lmr/m/sc/9 (+20) coupled \T1/lmr/m/n/9 (+20) (eq-
 []


Underfull \hbox (badness 10000) in paragraph at lines 19--19
[]|\T1/lmr/m/n/9 (+20) Downside-
 []


Underfull \hbox (badness 2726) in paragraph at lines 20--20
[]|\T1/lmr/m/sc/9 (+20) coupled \T1/lmr/m/n/9 (+20) (eq-
 []


Overfull \hbox (4.20045pt too wide) in alignment at lines 28--32
 [] [] [] 
 []


Overfull \hbox (4.20045pt too wide) in alignment at lines 32--36
 [] [] [] 
 []


Overfull \hbox (4.20045pt too wide) in alignment at lines 36--60
 [] [] [] 
 []

[10

] [11] [12]
Underfull \hbox (badness 4765) in paragraph at lines 343--344
[]|\T1/lmr/m/n/10 (+20) Initial sam-
 []


Overfull \hbox (16.2065pt too wide) in paragraph at lines 341--356
 [][] 
 []

[13]

Package hyperref Warning: Token not allowed in a PDF string (Unicode):
(hyperref)                removing `math shift' on input line 384.


Package hyperref Warning: Token not allowed in a PDF string (Unicode):
(hyperref)                removing `superscript' on input line 384.


Package hyperref Warning: Token not allowed in a PDF string (Unicode):
(hyperref)                removing `math shift' on input line 399.


Package hyperref Warning: Token not allowed in a PDF string (Unicode):
(hyperref)                removing `superscript' on input line 399.


Overfull \hbox (28.92514pt too wide) detected at line 426
[]
 []

[14]
<figs/fig_teacher_equity_l2_paths.pdf, id=549, 577.43733pt x 341.8371pt>
File: figs/fig_teacher_equity_l2_paths.pdf Graphic file (type pdf)
<use figs/fig_teacher_equity_l2_paths.pdf>
Package pdftex.def Info: figs/fig_teacher_equity_l2_paths.pdf  used on input line 521.
(pdftex.def)             Requested size: 397.49821pt x 235.31494pt.
<figs/fig_teacher_equity_l1_paths.pdf, id=550, 577.43733pt x 341.8371pt>
File: figs/fig_teacher_equity_l1_paths.pdf Graphic file (type pdf)
<use figs/fig_teacher_equity_l1_paths.pdf>
Package pdftex.def Info: figs/fig_teacher_equity_l1_paths.pdf  used on input line 528.
(pdftex.def)             Requested size: 397.49821pt x 235.31494pt.
 [15 <./figs/fig_teacher_equity_l2_paths.pdf>]
<figs/fig_teacher_bond_l2_paths.pdf, id=563, 577.43733pt x 455.06009pt>
File: figs/fig_teacher_bond_l2_paths.pdf Graphic file (type pdf)
<use figs/fig_teacher_bond_l2_paths.pdf>
Package pdftex.def Info: figs/fig_teacher_bond_l2_paths.pdf  used on input line 535.
(pdftex.def)             Requested size: 397.49821pt x 313.25577pt.
<figs/fig_teacher_bond_l1_paths.pdf, id=564, 577.43733pt x 455.06009pt>
File: figs/fig_teacher_bond_l1_paths.pdf Graphic file (type pdf)
<use figs/fig_teacher_bond_l1_paths.pdf>
Package pdftex.def Info: figs/fig_teacher_bond_l1_paths.pdf  used on input line 542.
(pdftex.def)             Requested size: 397.49821pt x 313.25577pt.
 [16 <./figs/fig_teacher_equity_l1_paths.pdf> <./figs/fig_teacher_bond_l2_paths.pdf>]
<figs/fig_teacher_equity_lambda_diagnostics.jpg, id=577, 1124.2pt x 1096.095pt>
File: figs/fig_teacher_equity_lambda_diagnostics.jpg Graphic file (type jpg)
<use figs/fig_teacher_equity_lambda_diagnostics.jpg>
Package pdftex.def Info: figs/fig_teacher_equity_lambda_diagnostics.jpg  used on input line 555.
(pdftex.def)             Requested size: 373.62885pt x 364.28813pt.
 [17 <./figs/fig_teacher_bond_l1_paths.pdf>]
<figs/fig_teacher_bond_lambda_diagnostics.jpg, id=586, 1124.2pt x 1096.095pt>
File: figs/fig_teacher_bond_lambda_diagnostics.jpg Graphic file (type jpg)
<use figs/fig_teacher_bond_lambda_diagnostics.jpg>
Package pdftex.def Info: figs/fig_teacher_bond_lambda_diagnostics.jpg  used on input line 562.
(pdftex.def)             Requested size: 373.62885pt x 364.28813pt.
 [18 <./figs/fig_teacher_equity_lambda_diagnostics.jpg>]
<figs/fig_teacher_equity_majority_vote_scopes.pdf, id=593, 449.76028pt x 331.2375pt>
File: figs/fig_teacher_equity_majority_vote_scopes.pdf Graphic file (type pdf)
<use figs/fig_teacher_equity_majority_vote_scopes.pdf>
Package pdftex.def Info: figs/fig_teacher_equity_majority_vote_scopes.pdf  used on input line 587.
(pdftex.def)             Requested size: 381.59117pt x 281.03261pt.
 [19 <./figs/fig_teacher_bond_lambda_diagnostics.jpg>]
<figs/fig_teacher_bond_majority_vote_scopes.pdf, id=602, 449.76028pt x 331.2375pt>
File: figs/fig_teacher_bond_majority_vote_scopes.pdf Graphic file (type pdf)
<use figs/fig_teacher_bond_majority_vote_scopes.pdf>
Package pdftex.def Info: figs/fig_teacher_bond_majority_vote_scopes.pdf  used on input line 594.
(pdftex.def)             Requested size: 381.59117pt x 281.03261pt.
 [20 <./figs/fig_teacher_equity_majority_vote_scopes.pdf> <./figs/fig_teacher_bond_majority_vote_scopes.pdf>] [21] [22

] [23]
<figs/fig_teacher_equity_features.pdf, id=633, 918.01974pt x 865.69798pt>
File: figs/fig_teacher_equity_features.pdf Graphic file (type pdf)
<use figs/fig_teacher_equity_features.pdf>
Package pdftex.def Info: figs/fig_teacher_equity_features.pdf  used on input line 739.
(pdftex.def)             Requested size: 381.58745pt x 359.83917pt.
<figs/fig_teacher_bond_features.pdf, id=634, 924.34335pt x 865.69798pt>
File: figs/fig_teacher_bond_features.pdf Graphic file (type pdf)
<use figs/fig_teacher_bond_features.pdf>
Package pdftex.def Info: figs/fig_teacher_bond_features.pdf  used on input line 746.
(pdftex.def)             Requested size: 381.59253pt x 357.38222pt.
 [24

 <./figs/fig_teacher_equity_features.pdf>] [25 <./figs/fig_teacher_bond_features.pdf>] [26] [27]
<figs/COUPLED__vote_kappa.png, id=753, 855.6768pt x 504.80595pt>
File: figs/COUPLED__vote_kappa.png Graphic file (type png)
<use figs/COUPLED__vote_kappa.png>
Package pdftex.def Info: figs/COUPLED__vote_kappa.png  used on input line 928.
(pdftex.def)             Requested size: 397.485pt x 234.49356pt.
 [28 <./figs/COUPLED__vote_kappa.png>]
Overfull \hbox (34.62718pt too wide) in paragraph at lines 1003--1012
 [][] 
 []

[29]
<figs/COUPLED__feats_eq.png, id=779, 926.86275pt x 837.6093pt>
File: figs/COUPLED__feats_eq.png Graphic file (type png)
<use figs/COUPLED__feats_eq.png>
Package pdftex.def Info: figs/COUPLED__feats_eq.png  used on input line 1116.
(pdftex.def)             Requested size: 397.485pt x 359.2064pt.
 [30]
<figs/COUPLED__feats_bd.png, id=786, 926.86275pt x 837.6093pt>
File: figs/COUPLED__feats_bd.png Graphic file (type png)
<use figs/COUPLED__feats_bd.png>
Package pdftex.def Info: figs/COUPLED__feats_bd.png  used on input line 1124.
(pdftex.def)             Requested size: 397.485pt x 359.2064pt.
 [31 <./figs/COUPLED__feats_eq.png>]
<figs/COUPLED__member_raster.pdf, id=793, 999.57094pt x 568.99503pt>
File: figs/COUPLED__member_raster.pdf Graphic file (type pdf)
<use figs/COUPLED__member_raster.pdf>
Package pdftex.def Info: figs/COUPLED__member_raster.pdf  used on input line 1132.
(pdftex.def)             Requested size: 397.485pt x 226.25693pt.
 [32 <./figs/COUPLED__feats_bd.png> <./figs/COUPLED__member_raster.pdf>]
<figs/COUPLED__majority_vote_scopes.pdf, id=842, 891.68803pt x 539.40811pt>
File: figs/COUPLED__majority_vote_scopes.pdf Graphic file (type pdf)
<use figs/COUPLED__majority_vote_scopes.pdf>
Package pdftex.def Info: figs/COUPLED__majority_vote_scopes.pdf  used on input line 1145.
(pdftex.def)             Requested size: 381.59517pt x 230.83806pt.
<figs/COUPLED__lambda_sweep_eq_l2.png, id=846, 1028.76344pt x 693.0693pt>
File: figs/COUPLED__lambda_sweep_eq_l2.png Graphic file (type png)
<use figs/COUPLED__lambda_sweep_eq_l2.png>
Package pdftex.def Info: figs/COUPLED__lambda_sweep_eq_l2.png  used on input line 1171.
(pdftex.def)             Requested size: 397.485pt x 267.77899pt.
<figs/COUPLED__lambda_sweep_eq_l1.png, id=847, 1028.76344pt x 693.0693pt>
File: figs/COUPLED__lambda_sweep_eq_l1.png Graphic file (type png)
<use figs/COUPLED__lambda_sweep_eq_l1.png>
Package pdftex.def Info: figs/COUPLED__lambda_sweep_eq_l1.png  used on input line 1180.
(pdftex.def)             Requested size: 397.485pt x 267.77899pt.
 [33 <./figs/COUPLED__majority_vote_scopes.pdf>]
<figs/COUPLED__lambda_sweep_bd_l2.png, id=901, 1029.1248pt x 693.0693pt>
File: figs/COUPLED__lambda_sweep_bd_l2.png Graphic file (type png)
<use figs/COUPLED__lambda_sweep_bd_l2.png>
Package pdftex.def Info: figs/COUPLED__lambda_sweep_bd_l2.png  used on input line 1186.
(pdftex.def)             Requested size: 397.485pt x 267.6944pt.
<figs/COUPLED__lambda_sweep_bd_l1.png, id=904, 1029.1248pt x 693.0693pt>
File: figs/COUPLED__lambda_sweep_bd_l1.png Graphic file (type png)
<use figs/COUPLED__lambda_sweep_bd_l1.png>
Package pdftex.def Info: figs/COUPLED__lambda_sweep_bd_l1.png  used on input line 1192.
(pdftex.def)             Requested size: 397.485pt x 267.6944pt.
 [34 <./figs/COUPLED__lambda_sweep_eq_l2.png> <./figs/COUPLED__lambda_sweep_eq_l1.png>]
<figs/COUPLED__lambda_diag.png, id=914, 1288.93546pt x 578.52135pt>
File: figs/COUPLED__lambda_diag.png Graphic file (type png)
<use figs/COUPLED__lambda_diag.png>
Package pdftex.def Info: figs/COUPLED__lambda_diag.png  used on input line 1198.
(pdftex.def)             Requested size: 397.485pt x 178.40404pt.
 [35 <./figs/COUPLED__lambda_sweep_bd_l2.png> <./figs/COUPLED__lambda_sweep_bd_l1.png>]
<figs/COUPLED__lambda_diag_eq.pdf, id=927, 1289.33047pt x 578.1448pt>
File: figs/COUPLED__lambda_diag_eq.pdf Graphic file (type pdf)
<use figs/COUPLED__lambda_diag_eq.pdf>
Package pdftex.def Info: figs/COUPLED__lambda_diag_eq.pdf  used on input line 1213.
(pdftex.def)             Requested size: 381.58864pt x 171.10701pt.
<figs/COUPLED__lambda_diag_bd.pdf, id=928, 1289.50177pt x 578.1448pt>
File: figs/COUPLED__lambda_diag_bd.pdf Graphic file (type pdf)
<use figs/COUPLED__lambda_diag_bd.pdf>
Package pdftex.def Info: figs/COUPLED__lambda_diag_bd.pdf  used on input line 1223.
(pdftex.def)             Requested size: 381.5803pt x 171.08054pt.
 [36 <./figs/COUPLED__lambda_diag.png> <./figs/COUPLED__lambda_diag_eq.pdf>] [37 <./figs/COUPLED__lambda_diag_bd.pdf>]
<figs/equity_prediction_probabilities.jpg, id=1110, 679.6665pt x 412.9245pt>
File: figs/equity_prediction_probabilities.jpg Graphic file (type jpg)
<use figs/equity_prediction_probabilities.jpg>
Package pdftex.def Info: figs/equity_prediction_probabilities.jpg  used on input line 1296.
(pdftex.def)             Requested size: 365.68547pt x 222.1694pt.
<figs/bond_prediction_probabilities.jpg, id=1111, 679.6665pt x 412.9245pt>
File: figs/bond_prediction_probabilities.jpg Graphic file (type jpg)
<use figs/bond_prediction_probabilities.jpg>
Package pdftex.def Info: figs/bond_prediction_probabilities.jpg  used on input line 1300.
(pdftex.def)             Requested size: 365.68547pt x 222.1694pt.
 [38]
<figs/feature_block_importance.jpg, id=1119, 751.608pt x 519.687pt>
File: figs/feature_block_importance.jpg Graphic file (type jpg)
<use figs/feature_block_importance.jpg>
Package pdftex.def Info: figs/feature_block_importance.jpg  used on input line 1313.
(pdftex.def)             Requested size: 397.485pt x 274.83806pt.
 [39 <./figs/equity_prediction_probabilities.jpg> <./figs/bond_prediction_probabilities.jpg>]
<figs/individual_predictor_importance.jpg, id=1125, 926.0415pt x 682.623pt>
File: figs/individual_predictor_importance.jpg Graphic file (type jpg)
<use figs/individual_predictor_importance.jpg>
Package pdftex.def Info: figs/individual_predictor_importance.jpg  used on input line 1352.
(pdftex.def)             Requested size: 389.5336pt x 287.13718pt.
 [40 <./figs/feature_block_importance.jpg>] [41 <./figs/individual_predictor_importance.jpg>]
<figs/COUPLED__pred_probabilities.pdf, id=1143, 927.82303pt x 566.34958pt>
File: figs/COUPLED__pred_probabilities.pdf Graphic file (type pdf)
<use figs/COUPLED__pred_probabilities.pdf>
Package pdftex.def Info: figs/COUPLED__pred_probabilities.pdf  used on input line 1435.
(pdftex.def)             Requested size: 397.485pt x 242.62682pt.
 [42]
<figs/COUPLED__feature_block_importance.pdf, id=1154, 1072.18597pt x 507.03113pt>
File: figs/COUPLED__feature_block_importance.pdf Graphic file (type pdf)
<use figs/COUPLED__feature_block_importance.pdf>
Package pdftex.def Info: figs/COUPLED__feature_block_importance.pdf  used on input line 1445.
(pdftex.def)             Requested size: 397.485pt x 187.96994pt.
<figs/COUPLED__individual_predictor_importance.pdf, id=1155, 1144.55743pt x 507.03113pt>
File: figs/COUPLED__individual_predictor_importance.pdf Graphic file (type pdf)
<use figs/COUPLED__individual_predictor_importance.pdf>
Package pdftex.def Info: figs/COUPLED__individual_predictor_importance.pdf  used on input line 1455.
(pdftex.def)             Requested size: 389.5336pt x 172.5585pt.
 [43 <./figs/COUPLED__pred_probabilities.pdf> <./figs/COUPLED__feature_block_importance.pdf>] [44 <./figs/COUPLED__individual_predictor_importance.pdf>] (tabs/allocation_summary_focused.tex) (tabs/allocation_selected_strategies_appendix.tex)
<figs/allocation_mechanics_appendix.jpg, id=1327, 946.737pt x 794.0064pt>
File: figs/allocation_mechanics_appendix.jpg Graphic file (type jpg)
<use figs/allocation_mechanics_appendix.jpg>
Package pdftex.def Info: figs/allocation_mechanics_appendix.jpg  used on input line 1600.
(pdftex.def)             Requested size: 397.485pt x 333.35925pt.
 [45]
<figs/allocation_sweep_risk_aversion_high_return.jpg, id=1336, 946.737pt x 626.8218pt>
File: figs/allocation_sweep_risk_aversion_high_return.jpg Graphic file (type jpg)
<use figs/allocation_sweep_risk_aversion_high_return.jpg>
Package pdftex.def Info: figs/allocation_sweep_risk_aversion_high_return.jpg  used on input line 1619.
(pdftex.def)             Requested size: 397.48238pt x 263.16771pt.
 (tabs/allocation_sweep_risk_aversion_high_return.tex [46 <./figs/allocation_mechanics_appendix.jpg>])
<figs/allocation_sweep_risk_aversion_defensive.jpg, id=1342, 946.737pt x 626.8218pt>
File: figs/allocation_sweep_risk_aversion_defensive.jpg Graphic file (type jpg)
<use figs/allocation_sweep_risk_aversion_defensive.jpg>
Package pdftex.def Info: figs/allocation_sweep_risk_aversion_defensive.jpg  used on input line 1632.
(pdftex.def)             Requested size: 397.48238pt x 263.16771pt.
 (tabs/allocation_sweep_risk_aversion_defensive.tex [47 <./figs/allocation_sweep_risk_aversion_high_return.jpg>])
<figs/allocation_sweep_risk_aversion_low_turnover.jpg, id=1350, 946.737pt x 626.8218pt>
File: figs/allocation_sweep_risk_aversion_low_turnover.jpg Graphic file (type jpg)
<use figs/allocation_sweep_risk_aversion_low_turnover.jpg>
Package pdftex.def Info: figs/allocation_sweep_risk_aversion_low_turnover.jpg  used on input line 1645.
(pdftex.def)             Requested size: 397.48238pt x 263.16771pt.
 (tabs/allocation_sweep_risk_aversion_low_turnover.tex [48 <./figs/allocation_sweep_risk_aversion_defensive.jpg>])
<figs/allocation_sweep_smoothing_high_return.jpg, id=1358, 946.737pt x 626.8218pt>
File: figs/allocation_sweep_smoothing_high_return.jpg Graphic file (type jpg)
<use figs/allocation_sweep_smoothing_high_return.jpg>
Package pdftex.def Info: figs/allocation_sweep_smoothing_high_return.jpg  used on input line 1658.
(pdftex.def)             Requested size: 397.48238pt x 263.16771pt.
 (tabs/allocation_sweep_smoothing_high_return.tex [49 <./figs/allocation_sweep_risk_aversion_low_turnover.jpg>])
<figs/allocation_sweep_smoothing_defensive.jpg, id=1367, 946.737pt x 626.8218pt>
File: figs/allocation_sweep_smoothing_defensive.jpg Graphic file (type jpg)
<use figs/allocation_sweep_smoothing_defensive.jpg>
Package pdftex.def Info: figs/allocation_sweep_smoothing_defensive.jpg  used on input line 1671.
(pdftex.def)             Requested size: 397.48238pt x 263.16771pt.
 (tabs/allocation_sweep_smoothing_defensive.tex [50 <./figs/allocation_sweep_smoothing_high_return.jpg>])
<figs/allocation_sweep_smoothing_low_turnover.jpg, id=1375, 946.737pt x 626.8218pt>
File: figs/allocation_sweep_smoothing_low_turnover.jpg Graphic file (type jpg)
<use figs/allocation_sweep_smoothing_low_turnover.jpg>
Package pdftex.def Info: figs/allocation_sweep_smoothing_low_turnover.jpg  used on input line 1684.
(pdftex.def)             Requested size: 397.48238pt x 263.16771pt.
 (tabs/allocation_sweep_smoothing_low_turnover.tex [51 <./figs/allocation_sweep_smoothing_defensive.jpg>])
<figs/allocation_sweep_turnover_penalty_high_return.jpg, id=1383, 946.737pt x 966.4908pt>
File: figs/allocation_sweep_turnover_penalty_high_return.jpg Graphic file (type jpg)
<use figs/allocation_sweep_turnover_penalty_high_return.jpg>
Package pdftex.def Info: figs/allocation_sweep_turnover_penalty_high_return.jpg  used on input line 1697.
(pdftex.def)             Requested size: 397.48238pt x 405.7759pt.
 (tabs/allocation_sweep_turnover_penalty_high_return.tex [52 <./figs/allocation_sweep_smoothing_low_turnover.jpg>])
<figs/allocation_sweep_turnover_penalty_defensive.jpg, id=1391, 943.6053pt x 966.4908pt>
File: figs/allocation_sweep_turnover_penalty_defensive.jpg Graphic file (type jpg)
<use figs/allocation_sweep_turnover_penalty_defensive.jpg>
Package pdftex.def Info: figs/allocation_sweep_turnover_penalty_defensive.jpg  used on input line 1710.
(pdftex.def)             Requested size: 397.47778pt x 407.1179pt.
 (tabs/allocation_sweep_turnover_penalty_defensive.tex [53 <./figs/allocation_sweep_turnover_penalty_high_return.jpg>])
<figs/allocation_sweep_turnover_penalty_low_turnover.jpg, id=1399, 943.6053pt x 966.4908pt>
File: figs/allocation_sweep_turnover_penalty_low_turnover.jpg Graphic file (type jpg)
<use figs/allocation_sweep_turnover_penalty_low_turnover.jpg>
Package pdftex.def Info: figs/allocation_sweep_turnover_penalty_low_turnover.jpg  used on input line 1723.
(pdftex.def)             Requested size: 397.47778pt x 407.1179pt.
 (tabs/allocation_sweep_turnover_penalty_low_turnover.tex [54 <./figs/allocation_sweep_turnover_penalty_defensive.jpg>]) (tabs/allocation_sweep_cost_turnover_controlled.tex) [55 <./figs/allocation_sweep_turnover_penalty_low_turnover.jpg>]
<figs/allocation_sweep_moment_shrinkage_high_return.jpg, id=1415, 968.418pt x 749.6808pt>
File: figs/allocation_sweep_moment_shrinkage_high_return.jpg Graphic file (type jpg)
<use figs/allocation_sweep_moment_shrinkage_high_return.jpg>
Package pdftex.def Info: figs/allocation_sweep_moment_shrinkage_high_return.jpg  used on input line 1739.
(pdftex.def)             Requested size: 397.48248pt x 307.70285pt.
 (tabs/allocation_sweep_moment_shrinkage_high_return.tex) [56 <./figs/allocation_sweep_moment_shrinkage_high_return.jpg>]
<figs/allocation_sweep_moment_shrinkage_defensive.jpg, id=1423, 968.418pt x 749.6808pt>
File: figs/allocation_sweep_moment_shrinkage_defensive.jpg Graphic file (type jpg)
<use figs/allocation_sweep_moment_shrinkage_defensive.jpg>
Package pdftex.def Info: figs/allocation_sweep_moment_shrinkage_defensive.jpg  used on input line 1752.
(pdftex.def)             Requested size: 397.48248pt x 307.70285pt.
 (tabs/allocation_sweep_moment_shrinkage_defensive.tex) [57 <./figs/allocation_sweep_moment_shrinkage_defensive.jpg>]
<figs/allocation_sweep_moment_shrinkage_low_turnover.jpg, id=1431, 968.418pt x 749.6808pt>
File: figs/allocation_sweep_moment_shrinkage_low_turnover.jpg Graphic file (type jpg)
<use figs/allocation_sweep_moment_shrinkage_low_turnover.jpg>
Package pdftex.def Info: figs/allocation_sweep_moment_shrinkage_low_turnover.jpg  used on input line 1765.
(pdftex.def)             Requested size: 397.48248pt x 307.70285pt.
 (tabs/allocation_sweep_moment_shrinkage_low_turnover.tex) [58 <./figs/allocation_sweep_moment_shrinkage_low_turnover.jpg>]
Underfull \hbox (badness 5431) in paragraph at lines 1796--1796
[]|\T1/lmr/m/n/9 (+20) Equity return--Sortino fea-
 []


Underfull \hbox (badness 10000) in paragraph at lines 1796--1796
[]|\T1/lmr/m/n/9 (+20) Final re-ported
 []


Underfull \hbox (badness 10000) in paragraph at lines 1796--1796
\T1/lmr/m/n/9 (+20) fea-ture blocks
 []


Underfull \hbox (badness 3323) in paragraph at lines 1796--1796
\T1/lmr/m/n/9 (+20) dent pre-dic-tion
 []


Overfull \hbox (5.78664pt too wide) in paragraph at lines 1796--1797
[]|\T1/lmr/m/n/9 (-20) Volatility/downside
 []


Underfull \hbox (badness 1072) in paragraph at lines 1796--1797
\T1/lmr/m/n/9 (+20) only as di-ag-nos-
 []


Underfull \hbox (badness 10000) in paragraph at lines 1797--1797
[]|\T1/lmr/m/n/9 (+20) Teacher jump
 []


Underfull \hbox (badness 2213) in paragraph at lines 1797--1797
[]|\T1/lmr/m/n/9 (+20) Separate eq-uity and bond
 []


Underfull \hbox (badness 5175) in paragraph at lines 1797--1797
[]|\T1/lmr/m/n/9 (+20) Grid fixed be-
 []


Underfull \hbox (badness 10000) in paragraph at lines 1797--1797
\T1/lmr/m/n/9 (+20) fit-ted teacher
 []


Underfull \hbox (badness 1406) in paragraph at lines 1797--1798
[]|\T1/lmr/m/n/9 (+20) Path per-sis-tence
 []


Underfull \hbox (badness 10000) in paragraph at lines 1797--1798
\T1/lmr/m/n/9 (+20) and feature-
 []


Underfull \hbox (badness 5756) in paragraph at lines 1797--1798
\T1/lmr/m/n/9 (+20) separation plots
 []


Underfull \hbox (badness 10000) in paragraph at lines 1798--1798
[]|\T1/lmr/m/n/9 (+20) Both norm
 []


Underfull \hbox (badness 10000) in paragraph at lines 1798--1798
\T1/lmr/m/n/9 (+20) teacher can-di-
 []


Underfull \hbox (badness 1424) in paragraph at lines 1798--1798
[]|\T1/lmr/m/n/9 (+20) Final la-bel uses
 []


Underfull \hbox (badness 10000) in paragraph at lines 1799--1799
[]|\T1/lmr/m/n/9 (+20) Teacher ma-jor-ity
 []


Underfull \hbox (badness 10000) in paragraph at lines 1799--1799
\T1/lmr/m/n/9 (+20) be-fore stu-dent
 []


Underfull \hbox (badness 10000) in paragraph at lines 1800--1800
[]|\T1/lmr/m/n/9 (+20) Student pre-dic-tor
 []


Underfull \hbox (badness 10000) in paragraph at lines 1800--1800
[]|\T1/lmr/m/n/9 (+20) Transformations
 []


Underfull \hbox (badness 10000) in paragraph at lines 1800--1800
\T1/lmr/m/n/9 (+20) fixed be-fore
 []


Underfull \hbox (badness 1281) in paragraph at lines 1800--1800
\T1/lmr/m/n/9 (+20) par-i-son re-ported
 []


Underfull \hbox (badness 10000) in paragraph at lines 1800--1801
[]|\T1/lmr/m/n/9 (+20) Feature-
 []


Underfull \hbox (badness 10000) in paragraph at lines 1800--1801
\T1/lmr/m/n/9 (+20) importance
 []


Underfull \hbox (badness 1199) in paragraph at lines 1800--1801
\T1/lmr/m/n/9 (+20) fig-ures are di-ag-
 []


Underfull \hbox (badness 10000) in paragraph at lines 1801--1801
[]|\T1/lmr/m/n/9 (+20) Model classes
 []


Underfull \hbox (badness 10000) in paragraph at lines 1801--1801
\T1/lmr/m/n/9 (+20) fixed be-fore
 []


Underfull \hbox (badness 10000) in paragraph at lines 1801--1801
[]|\T1/lmr/m/n/9 (+20) Hyperparameters
 []


Underfull \hbox (badness 10000) in paragraph at lines 1801--1801
\T1/lmr/m/n/9 (+20) se-lected within
 []


Underfull \hbox (badness 10000) in paragraph at lines 1801--1802
[]|\T1/lmr/m/n/9 (+20) Model-frequency
 []


Underfull \hbox (badness 10000) in paragraph at lines 1801--1802
\T1/lmr/m/n/9 (+20) ta-ble re-ports
 []


Underfull \hbox (badness 1199) in paragraph at lines 1802--1802
[]|\T1/lmr/m/n/9 (+20) Student val-i-da-tion
 []


Underfull \hbox (badness 10000) in paragraph at lines 1802--1802
[]|\T1/lmr/m/n/9 (+20) AUC, bal-anced ac-cu-racy,
 []


Underfull \hbox (badness 1810) in paragraph at lines 1802--1802
\T1/lmr/m/n/9 (+20) Brier score, log loss, and
 []


Underfull \hbox (badness 10000) in paragraph at lines 1802--1802
[]|\T1/lmr/m/n/9 (+20) Best re-ported
 []


Underfull \hbox (badness 10000) in paragraph at lines 1802--1802
\T1/lmr/m/n/9 (+20) spec-i-fi-ca-tions
 []


Underfull \hbox (badness 10000) in paragraph at lines 1802--1802
\T1/lmr/m/n/9 (+20) se-lected from
 []


Underfull \hbox (badness 10000) in paragraph at lines 1803--1803
[]|\T1/lmr/m/n/9 (+20) Asset uni-verse
 []


Underfull \hbox (badness 10000) in paragraph at lines 1803--1803
\T1/lmr/m/n/9 (+20) and al-lo-ca-tion
 []


Underfull \hbox (badness 10000) in paragraph at lines 1803--1803
\T1/lmr/m/n/9 (+20) ob-jec-tive fixed
 []


Underfull \hbox (badness 10000) in paragraph at lines 1803--1803
\T1/lmr/m/n/9 (+20) be-fore grid
 []


Underfull \hbox (badness 10000) in paragraph at lines 1803--1803
[]|\T1/lmr/m/n/9 (+20) Candidate grid
 []


Underfull \hbox (badness 2103) in paragraph at lines 1803--1803
\T1/lmr/m/n/9 (+20) varies risk aver-
 []


Underfull \hbox (badness 10000) in paragraph at lines 1803--1803
\T1/lmr/m/n/9 (+20) sion, turnover
 []


Underfull \hbox (badness 10000) in paragraph at lines 1803--1803
\T1/lmr/m/n/9 (+20) penalty, trans-
 []


Underfull \hbox (badness 10000) in paragraph at lines 1803--1803
\T1/lmr/m/n/9 (+20) ac-tion cost,
 []


Underfull \hbox (badness 10000) in paragraph at lines 1803--1803
\T1/lmr/m/n/9 (+20) and prob-a-bil-ity
 []


Underfull \hbox (badness 10000) in paragraph at lines 1803--1804
[]|\T1/lmr/m/n/9 (+20) Parameter-
 []


Underfull \hbox (badness 10000) in paragraph at lines 1803--1804
\T1/lmr/m/n/9 (+20) sensitivity ap-
 []


Underfull \hbox (badness 10000) in paragraph at lines 1803--1804
\T1/lmr/m/n/9 (+20) pendix re-ports
 []


Underfull \hbox (badness 1019) in paragraph at lines 1804--1804
\T1/lmr/m/n/9 (+20) head-line re-port-
 []


Underfull \hbox (badness 10000) in paragraph at lines 1804--1804
[]|\T1/lmr/m/n/9 (+20) Representative
 []


Underfull \hbox (badness 10000) in paragraph at lines 1804--1805
[]|\T1/lmr/m/n/9 (+20) Risk-aversion
 []


Underfull \hbox (badness 5667) in paragraph at lines 1804--1805
\T1/lmr/m/n/9 (+20) sweeps re-ported
 []


Underfull \hbox (badness 1019) in paragraph at lines 1805--1805
\T1/lmr/m/n/9 (+20) head-line re-port-
 []


Underfull \hbox (badness 10000) in paragraph at lines 1805--1806
[]|\T1/lmr/m/n/9 (+20) Cost and
 []


Underfull \hbox (badness 10000) in paragraph at lines 1805--1806
\T1/lmr/m/n/9 (+20) turnover-penalty
 []


Underfull \hbox (badness 10000) in paragraph at lines 1805--1806
\T1/lmr/m/n/9 (+20) sen-si-tiv-ity re-
 []


Underfull \hbox (badness 10000) in paragraph at lines 1805--1806
\T1/lmr/m/n/9 (+20) ported in ap-
 []


Underfull \hbox (badness 1019) in paragraph at lines 1806--1806
\T1/lmr/m/n/9 (+20) head-line re-port-
 []


Underfull \hbox (badness 10000) in paragraph at lines 1806--1806
[]|\T1/lmr/m/n/9 (+20) Representative
 []


Underfull \hbox (badness 10000) in paragraph at lines 1806--1806
\T1/lmr/m/n/9 (+20) rows use role-
 []


Underfull \hbox (badness 10000) in paragraph at lines 1806--1806
\T1/lmr/m/n/9 (+20) specific penalty
 []


Underfull \hbox (badness 10000) in paragraph at lines 1806--1807
[]|\T1/lmr/m/n/9 (+20) Turnover-penalty
 []


Underfull \hbox (badness 5667) in paragraph at lines 1806--1807
\T1/lmr/m/n/9 (+20) sweeps re-ported
 []


Underfull \hbox (badness 8170) in paragraph at lines 1807--1807
\T1/lmr/m/n/9 (+20) low-turnover rep-re-sen-ta-tive
 []


Underfull \hbox (badness 2042) in paragraph at lines 1807--1807
[]|\T1/lmr/m/n/9 (+20) Roles fixed for
 []


Underfull \hbox (badness 10000) in paragraph at lines 1807--1807
[]|\T1/lmr/m/n/9 (+20) Rows se-lected
 []


Underfull \hbox (badness 1681) in paragraph at lines 1807--1807
\T1/lmr/m/n/9 (+20) points from the
 []

[59] [60]
<figs/COUPLED__alloc_mechanics_appendix.pdf, id=1458, 1144.7052pt x 881.51329pt>
File: figs/COUPLED__alloc_mechanics_appendix.pdf Graphic file (type pdf)
<use figs/COUPLED__alloc_mechanics_appendix.pdf>
Package pdftex.def Info: figs/COUPLED__alloc_mechanics_appendix.pdf  used on input line 1903.
(pdftex.def)             Requested size: 397.485pt x 306.08623pt.
 [61]
<figs/COUPLED__sweep_gamma_logit.pdf, id=1465, 962.9182pt x 575.04974pt>
File: figs/COUPLED__sweep_gamma_logit.pdf Graphic file (type pdf)
<use figs/COUPLED__sweep_gamma_logit.pdf>
Package pdftex.def Info: figs/COUPLED__sweep_gamma_logit.pdf  used on input line 1912.
(pdftex.def)             Requested size: 397.485pt x 237.37766pt.
<figs/COUPLED__sweep_gamma_rf.pdf, id=1466, 962.9182pt x 575.04974pt>
File: figs/COUPLED__sweep_gamma_rf.pdf Graphic file (type pdf)
<use figs/COUPLED__sweep_gamma_rf.pdf>
Package pdftex.def Info: figs/COUPLED__sweep_gamma_rf.pdf  used on input line 1919.
(pdftex.def)             Requested size: 397.485pt x 237.37766pt.
<figs/COUPLED__sweep_tp_logit.pdf, id=1467, 961.7565pt x 575.04974pt>
File: figs/COUPLED__sweep_tp_logit.pdf Graphic file (type pdf)
<use figs/COUPLED__sweep_tp_logit.pdf>
Package pdftex.def Info: figs/COUPLED__sweep_tp_logit.pdf  used on input line 1925.
(pdftex.def)             Requested size: 397.485pt x 237.65843pt.
 [62 <./figs/COUPLED__alloc_mechanics_appendix.pdf> <./figs/COUPLED__sweep_gamma_logit.pdf>]
<figs/COUPLED__sweep_tp_rf.pdf, id=1586, 961.7565pt x 575.04974pt>
File: figs/COUPLED__sweep_tp_rf.pdf Graphic file (type pdf)
<use figs/COUPLED__sweep_tp_rf.pdf>
Package pdftex.def Info: figs/COUPLED__sweep_tp_rf.pdf  used on input line 1932.
(pdftex.def)             Requested size: 397.485pt x 237.65843pt.
 [63 <./figs/COUPLED__sweep_gamma_rf.pdf> <./figs/COUPLED__sweep_tp_logit.pdf>]
<figs/COUPLED__allocation_sweep_risk_aversion_high_return.pdf, id=1713, 962.9182pt x 575.04974pt>
File: figs/COUPLED__allocation_sweep_risk_aversion_high_return.pdf Graphic file (type pdf)
<use figs/COUPLED__allocation_sweep_risk_aversion_high_return.pdf>
Package pdftex.def Info: figs/COUPLED__allocation_sweep_risk_aversion_high_return.pdf  used on input line 1997.
(pdftex.def)             Requested size: 397.48782pt x 237.37766pt.
<figs/COUPLED__allocation_sweep_risk_aversion_defensive.pdf, id=1714, 962.9182pt x 575.04974pt>
File: figs/COUPLED__allocation_sweep_risk_aversion_defensive.pdf Graphic file (type pdf)
<use figs/COUPLED__allocation_sweep_risk_aversion_defensive.pdf>
Package pdftex.def Info: figs/COUPLED__allocation_sweep_risk_aversion_defensive.pdf  used on input line 2003.
(pdftex.def)             Requested size: 397.48782pt x 237.37766pt.
 [64 <./figs/COUPLED__sweep_tp_rf.pdf>]
<figs/COUPLED__allocation_sweep_risk_aversion_low_turnover.pdf, id=1782, 962.9182pt x 575.04974pt>
File: figs/COUPLED__allocation_sweep_risk_aversion_low_turnover.pdf Graphic file (type pdf)
<use figs/COUPLED__allocation_sweep_risk_aversion_low_turnover.pdf>
Package pdftex.def Info: figs/COUPLED__allocation_sweep_risk_aversion_low_turnover.pdf  used on input line 2009.
(pdftex.def)             Requested size: 397.48782pt x 237.37766pt.
<figs/COUPLED__allocation_sweep_smoothing_high_return.pdf, id=1783, 961.7565pt x 575.04974pt>
File: figs/COUPLED__allocation_sweep_smoothing_high_return.pdf Graphic file (type pdf)
<use figs/COUPLED__allocation_sweep_smoothing_high_return.pdf>
Package pdftex.def Info: figs/COUPLED__allocation_sweep_smoothing_high_return.pdf  used on input line 2015.
(pdftex.def)             Requested size: 397.47789pt x 237.65843pt.
 [65 <./figs/COUPLED__allocation_sweep_risk_aversion_high_return.pdf> <./figs/COUPLED__allocation_sweep_risk_aversion_defensive.pdf>]
<figs/COUPLED__allocation_sweep_smoothing_defensive.pdf, id=1892, 961.7565pt x 575.04974pt>
File: figs/COUPLED__allocation_sweep_smoothing_defensive.pdf Graphic file (type pdf)
<use figs/COUPLED__allocation_sweep_smoothing_defensive.pdf>
Package pdftex.def Info: figs/COUPLED__allocation_sweep_smoothing_defensive.pdf  used on input line 2021.
(pdftex.def)             Requested size: 397.47789pt x 237.65843pt.
<figs/COUPLED__allocation_sweep_smoothing_low_turnover.pdf, id=1893, 961.7565pt x 575.04974pt>
File: figs/COUPLED__allocation_sweep_smoothing_low_turnover.pdf Graphic file (type pdf)
<use figs/COUPLED__allocation_sweep_smoothing_low_turnover.pdf>
Package pdftex.def Info: figs/COUPLED__allocation_sweep_smoothing_low_turnover.pdf  used on input line 2027.
(pdftex.def)             Requested size: 397.47789pt x 237.65843pt.
 [66 <./figs/COUPLED__allocation_sweep_risk_aversion_low_turnover.pdf> <./figs/COUPLED__allocation_sweep_smoothing_high_return.pdf>]
<figs/COUPLED__allocation_sweep_turnover_penalty_high_return.pdf, id=2003, 961.7565pt x 575.04974pt>
File: figs/COUPLED__allocation_sweep_turnover_penalty_high_return.pdf Graphic file (type pdf)
<use figs/COUPLED__allocation_sweep_turnover_penalty_high_return.pdf>
Package pdftex.def Info: figs/COUPLED__allocation_sweep_turnover_penalty_high_return.pdf  used on input line 2033.
(pdftex.def)             Requested size: 397.47789pt x 237.65843pt.
<figs/COUPLED__allocation_sweep_turnover_penalty_defensive.pdf, id=2006, 961.7565pt x 575.04974pt>
File: figs/COUPLED__allocation_sweep_turnover_penalty_defensive.pdf Graphic file (type pdf)
<use figs/COUPLED__allocation_sweep_turnover_penalty_defensive.pdf>
Package pdftex.def Info: figs/COUPLED__allocation_sweep_turnover_penalty_defensive.pdf  used on input line 2039.
(pdftex.def)             Requested size: 397.47789pt x 237.65843pt.
 [67 <./figs/COUPLED__allocation_sweep_smoothing_defensive.pdf> <./figs/COUPLED__allocation_sweep_smoothing_low_turnover.pdf>]
<figs/COUPLED__allocation_sweep_turnover_penalty_low_turnover.pdf, id=2119, 961.7565pt x 575.04974pt>
File: figs/COUPLED__allocation_sweep_turnover_penalty_low_turnover.pdf Graphic file (type pdf)
<use figs/COUPLED__allocation_sweep_turnover_penalty_low_turnover.pdf>
Package pdftex.def Info: figs/COUPLED__allocation_sweep_turnover_penalty_low_turnover.pdf  used on input line 2045.
(pdftex.def)             Requested size: 397.47789pt x 237.65843pt.
<figs/COUPLED__allocation_sweep_moment_shrinkage_high_return.pdf, id=2122, 962.9182pt x 748.49774pt>
File: figs/COUPLED__allocation_sweep_moment_shrinkage_high_return.pdf Graphic file (type pdf)
<use figs/COUPLED__allocation_sweep_moment_shrinkage_high_return.pdf>
Package pdftex.def Info: figs/COUPLED__allocation_sweep_moment_shrinkage_high_return.pdf  used on input line 2051.
(pdftex.def)             Requested size: 397.48782pt x 308.97614pt.
 [68 <./figs/COUPLED__allocation_sweep_turnover_penalty_high_return.pdf> <./figs/COUPLED__allocation_sweep_turnover_penalty_defensive.pdf>]
<figs/COUPLED__allocation_sweep_moment_shrinkage_defensive.pdf, id=2231, 962.9182pt x 748.49774pt>
File: figs/COUPLED__allocation_sweep_moment_shrinkage_defensive.pdf Graphic file (type pdf)
<use figs/COUPLED__allocation_sweep_moment_shrinkage_defensive.pdf>
Package pdftex.def Info: figs/COUPLED__allocation_sweep_moment_shrinkage_defensive.pdf  used on input line 2057.
(pdftex.def)             Requested size: 397.48782pt x 308.97614pt.
<figs/COUPLED__allocation_sweep_moment_shrinkage_low_turnover.pdf, id=2232, 962.9182pt x 748.49774pt>
File: figs/COUPLED__allocation_sweep_moment_shrinkage_low_turnover.pdf Graphic file (type pdf)
<use figs/COUPLED__allocation_sweep_moment_shrinkage_low_turnover.pdf>
Package pdftex.def Info: figs/COUPLED__allocation_sweep_moment_shrinkage_low_turnover.pdf  used on input line 2063.
(pdftex.def)             Requested size: 397.48782pt x 308.97614pt.
 [69 <./figs/COUPLED__allocation_sweep_turnover_penalty_low_turnover.pdf> <./figs/COUPLED__allocation_sweep_moment_shrinkage_high_return.pdf>] [70 <./figs/COUPLED__allocation_sweep_moment_shrinkage_defensive.pdf> <./figs/COUPLED__allocation_sweep_moment_shrinkage_low_turnover.pdf>]
Underfull \hbox (badness 10000) in paragraph at lines 2091--2092
[]|\T1/lmr/m/n/8 (+20) Per-leg feature-
 []


Underfull \hbox (badness 10000) in paragraph at lines 2091--2092
\T1/lmr/m/n/8 (+20) separation sum-
 []


Underfull \hbox (badness 2626) in paragraph at lines 2092--2092
[]|\T1/lmr/m/n/8 (+20) Three-state joint
 []


Underfull \hbox (badness 1082) in paragraph at lines 2092--2092
[]|\T1/lmr/m/n/8 (+20) No; the map-ping
 []


Underfull \hbox (badness 1210) in paragraph at lines 2092--2092
\T1/lmr/m/n/8 (+20) the joint la-bel is
 []


Underfull \hbox (badness 1953) in paragraph at lines 2092--2093
[]|\T1/lmr/m/n/8 (+20) Per-leg state eco-
 []


Underfull \hbox (badness 10000) in paragraph at lines 2093--2094
[]|\T1/lmr/m/n/8 (+20) Jump-penalty di-
 []


Underfull \hbox (badness 5260) in paragraph at lines 2094--2094
[]|$\OML/lmm/m/it/8 L[]$ \T1/lmr/m/n/8 (+20) cen-troid and $\OML/lmm/m/it/8 L[]$\T1/lmr/m/n/8 (+20) -medoid
 []


Underfull \hbox (badness 2088) in paragraph at lines 2094--2094
[]|\T1/lmr/m/n/8 (+20) Both norm fam-
 []


Underfull \hbox (badness 10000) in paragraph at lines 2094--2094
\T1/lmr/m/n/8 (+20) i-lies fixed as
 []


Underfull \hbox (badness 1990) in paragraph at lines 2094--2094
\T1/lmr/m/n/8 (+20) vote across mem-
 []


Underfull \hbox (badness 4403) in paragraph at lines 2095--2096
\T1/lmr/m/n/8 (+20) vote-scope fig-ures
 []


Underfull \hbox (badness 10000) in paragraph at lines 2095--2096
\T1/lmr/m/n/8 (+20) re-port candidate-
 []


Underfull \hbox (badness 10000) in paragraph at lines 2096--2096
[]|\T1/lmr/m/n/8 (+20) Transformations
 []


Underfull \hbox (badness 10000) in paragraph at lines 2096--2097
[]|\T1/lmr/m/n/8 (+20) Individual-
 []


Underfull \hbox (badness 10000) in paragraph at lines 2096--2097
\T1/lmr/m/n/8 (+20) predictor im-
 []


Underfull \hbox (badness 1742) in paragraph at lines 2097--2097
[]|\T1/lmr/m/n/8 (+20) Three-class lo-gis-tic re-gres-sion
 []


Underfull \hbox (badness 10000) in paragraph at lines 2097--2097
[]|\T1/lmr/m/n/8 (+20) Hyperparameters
 []


Underfull \hbox (badness 10000) in paragraph at lines 2097--2097
\T1/lmr/m/n/8 (+20) rolling val-i-da-tion
 []


Underfull \hbox (badness 10000) in paragraph at lines 2097--2098
[]|\T1/lmr/m/n/8 (+20) Most-frequent-
 []


Underfull \hbox (badness 1377) in paragraph at lines 2097--2098
\T1/lmr/m/n/8 (+20) specification ta-ble
 []


Underfull \hbox (badness 10000) in paragraph at lines 2097--2098
\T1/lmr/m/n/8 (+20) re-ports se-lected
 []


Underfull \hbox (badness 10000) in paragraph at lines 2098--2098
[]|\T1/lmr/m/n/8 (+20) Student val-i-da-tion
 []


Underfull \hbox (badness 2050) in paragraph at lines 2098--2098
[]|\T1/lmr/m/n/8 (+20) Macro one-vs-rest AUC, bal-
 []


Underfull \hbox (badness 5878) in paragraph at lines 2098--2098
\T1/lmr/m/n/8 (+20) i-fi-ca-tions se-lected
 []


Underfull \hbox (badness 4660) in paragraph at lines 2098--2098
\T1/lmr/m/n/8 (+20) from rolling out-
 []


Underfull \hbox (badness 10000) in paragraph at lines 2099--2099
[]|\T1/lmr/m/n/8 (+20) Asset uni-verse
 []


Underfull \hbox (badness 10000) in paragraph at lines 2099--2099
\T1/lmr/m/n/8 (+20) and al-lo-ca-tion
 []


Underfull \hbox (badness 10000) in paragraph at lines 2099--2099
\T1/lmr/m/n/8 (+20) ob-jec-tive fixed
 []


Underfull \hbox (badness 10000) in paragraph at lines 2099--2099
[]|\T1/lmr/m/n/8 (+20) Candidate grid
 []


Underfull \hbox (badness 10000) in paragraph at lines 2099--2099
\T1/lmr/m/n/8 (+20) turnover penalty,
 []


Underfull \hbox (badness 10000) in paragraph at lines 2099--2099
\T1/lmr/m/n/8 (+20) trans-ac-tion cost,
 []


Underfull \hbox (badness 10000) in paragraph at lines 2099--2099
\T1/lmr/m/n/8 (+20) and prob-a-bil-ity
 []


Underfull \hbox (badness 10000) in paragraph at lines 2099--2100
[]|\T1/lmr/m/n/8 (+20) Parameter-
 []


Underfull \hbox (badness 10000) in paragraph at lines 2099--2100
\T1/lmr/m/n/8 (+20) sensitivity ap-
 []


Underfull \hbox (badness 10000) in paragraph at lines 2099--2100
\T1/lmr/m/n/8 (+20) pendix re-ports
 []


Underfull \hbox (badness 10000) in paragraph at lines 2100--2100
[]|\T1/lmr/m/n/8 (+20) Probability-to-
 []


Underfull \hbox (badness 10000) in paragraph at lines 2100--2100
[]|\T1/lmr/m/n/8 (+20) Probability-mixture map-ping
 []


Underfull \hbox (badness 1466) in paragraph at lines 2100--2100
\T1/lmr/m/n/8 (+20) over the three joint regimes,
 []


Underfull \hbox (badness 10000) in paragraph at lines 2100--2100
[]|\T1/lmr/m/n/8 (+20) Mapping and
 []


Underfull \hbox (badness 10000) in paragraph at lines 2100--2100
\T1/lmr/m/n/8 (+20) shrink-age form
 []


Underfull \hbox (badness 4686) in paragraph at lines 2100--2100
[]|\T1/lmr/m/n/8 (+20) Headline and re-
 []


Underfull \hbox (badness 1748) in paragraph at lines 2101--2101
[]|\T1/lmr/m/n/8 (+20) Mean--variance al-lo-ca-tor with
 []


Underfull \hbox (badness 10000) in paragraph at lines 2101--2102
[]|\T1/lmr/m/n/8 (+20) Risk-aversion
 []


Underfull \hbox (badness 10000) in paragraph at lines 2102--2102
[]|\T1/lmr/m/n/8 (+20) Headline cou-pled
 []


Underfull \hbox (badness 10000) in paragraph at lines 2103--2103
[]|\T1/lmr/m/n/8 (+20) Headline al-lo-ca-tion
 []


Underfull \hbox (badness 3209) in paragraph at lines 2103--2103
[]|\T1/lmr/m/n/8 (+20) Defensive, low-turnover, and
 []


Underfull \hbox (badness 1546) in paragraph at lines 2103--2103
\T1/lmr/m/n/8 (+20) grid: de-fen-sive $\OT1/lmr/m/n/8 (+20) =$ \T1/lmr/m/n/8 (+20) max-i-mum
 []


Underfull \hbox (badness 10000) in paragraph at lines 2103--2103
[]|\T1/lmr/m/n/8 (+20) Role ob-jec-tives
 []


Underfull \hbox (badness 10000) in paragraph at lines 2103--2103
\T1/lmr/m/n/8 (+20) and con-straints
 []


Underfull \hbox (badness 7613) in paragraph at lines 2103--2103
\T1/lmr/m/n/8 (+20) fixed be-fore re-
 []


Underfull \hbox (badness 1721) in paragraph at lines 2103--2103
\T1/lmr/m/n/8 (+20) con-straint; a set-
 []


LaTeX Warning: Float too large for page by 0.85873pt on input line 2111.

[71] [72]) [73

] (regime_aware_tactical_asset_allocation.aux)
 ***********
LaTeX2e <2023-11-01> patch level 1
L3 programming layer <2024-01-04>
 ***********
Package rerunfilecheck Info: File `regime_aware_tactical_asset_allocation.out' has not changed.
(rerunfilecheck)             Checksum: B466BE8E11A001316A2F712C882CAE43;10538.
 ) 
Here is how much of TeX's memory you used:
 21567 strings out of 474486
 433522 string characters out of 5743755
 1968542 words of memory out of 5000000
 42681 multiletter control sequences out of 15000+600000
 685662 words of font info for 337 fonts, out of 8000000 for 9000
 1141 hyphenation exceptions out of 8191
 75i,14n,117p,1079b,1225s stack positions out of 10000i,1000n,20000p,200000b,200000s
<C:/Users/marce/AppData/Local/Programs/MiKTeX/fonts/type1/public/lm/lmbx10.pfb><C:/Users/marce/AppData/Local/Programs/MiKTeX/fonts/type1/public/lm/lmbx12.pfb><C:/Users/marce/AppData/Local/Programs/MiKTeX/fonts/type1/public/lm/lmbx7.pfb><C:/Users/marce/AppData/Local/Programs/MiKTeX/fonts/type1/public/lm/lmbx9.pfb><C:/Users/marce/AppData/Local/Programs/MiKTeX/fonts/type1/public/lm/lmcsc10.pfb><C:/Users/marce/AppData/Local/Programs/MiKTeX/fonts/type1/public/lm/lmex10.pfb><C:/Users/marce/AppData/Local/Programs/MiKTeX/fonts/type1/public/lm/lmmi10.pfb><C:/Users/marce/AppData/Local/Programs/MiKTeX/fonts/type1/public/lm/lmmi5.pfb><C:/Users/marce/AppData/Local/Programs/MiKTeX/fonts/type1/public/lm/lmmi6.pfb><C:/Users/marce/AppData/Local/Programs/MiKTeX/fonts/type1/public/lm/lmmi7.pfb><C:/Users/marce/AppData/Local/Programs/MiKTeX/fonts/type1/public/lm/lmmi8.pfb><C:/Users/marce/AppData/Local/Programs/MiKTeX/fonts/type1/public/lm/lmmi9.pfb><C:/Users/marce/AppData/Local/Programs/MiKTeX/fonts/type1/public/lm/lmr10.pfb><C:/Users/marce/AppData/Local/Programs/MiKTeX/fonts/type1/public/lm/lmr5.pfb><C:/Users/marce/AppData/Local/Programs/MiKTeX/fonts/type1/public/lm/lmr6.pfb><C:/Users/marce/AppData/Local/Programs/MiKTeX/fonts/type1/public/lm/lmr7.pfb><C:/Users/marce/AppData/Local/Programs/MiKTeX/fonts/type1/public/lm/lmr8.pfb><C:/Users/marce/AppData/Local/Programs/MiKTeX/fonts/type1/public/lm/lmr9.pfb><C:/Users/marce/AppData/Local/Programs/MiKTeX/fonts/type1/public/lm/lmri10.pfb><C:/Users/marce/AppData/Local/Programs/MiKTeX/fonts/type1/public/lm/lmri8.pfb><C:/Users/marce/AppData/Local/Programs/MiKTeX/fonts/type1/public/lm/lmri9.pfb><C:/Users/marce/AppData/Local/Programs/MiKTeX/fonts/type1/public/lm/lmsy10.pfb><C:/Users/marce/AppData/Local/Programs/MiKTeX/fonts/type1/public/lm/lmsy5.pfb><C:/Users/marce/AppData/Local/Programs/MiKTeX/fonts/type1/public/lm/lmsy6.pfb><C:/Users/marce/AppData/Local/Programs/MiKTeX/fonts/type1/public/lm/lmsy7.pfb><C:/Users/marce/AppData/Local/Programs/MiKTeX/fonts/type1/public/lm/lmsy8.pfb><C:/Users/marce/AppData/Local/Programs/MiKTeX/fonts/type1/public/lm/lmsy9.pfb>
Output written on regime_aware_tactical_asset_allocation.pdf (73 pages, 20542119 bytes).
PDF statistics:
 2681 PDF objects out of 2984 (max. 8388607)
 349 named destinations out of 1000 (max. 500000)
 64214 words of extra memory for PDF output out of 74296 (max. 10000000)

