\BOOKMARK [1][-]{section.1}{\376\377\000I\000n\000t\000r\000o\000d\000u\000c\000t\000i\000o\000n}{}% 1
\BOOKMARK [1][-]{section.2}{\376\377\000D\000a\000t\000a}{}% 2
\BOOKMARK [1][-]{section.3}{\376\377\000T\000e\000a\000c\000h\000e\000r\000:\000\040\000r\000e\000g\000i\000m\000e\000\040\000l\000a\000b\000e\000l\000l\000i\000n\000g\000\040\000w\000i\000t\000h\000\040\000s\000t\000a\000t\000i\000s\000t\000i\000c\000a\000l\000\040\000j\000u\000m\000p\000\040\000m\000o\000d\000e\000l\000s}{}% 3
\BOOKMARK [2][-]{subsection.3.1}{\376\377\000T\000h\000e\000\040\000j\000u\000m\000p\000\040\000m\000o\000d\000e\000l}{section.3}% 4
\BOOKMARK [2][-]{subsection.3.2}{\376\377\000T\000w\000o\000\040\000r\000e\000g\000i\000m\000e\000\040\000p\000a\000r\000a\000m\000e\000t\000e\000r\000i\000s\000a\000t\000i\000o\000n\000s}{section.3}% 5
\BOOKMARK [2][-]{subsection.3.3}{\376\377\000E\000n\000s\000e\000m\000b\000l\000i\000n\000g\000\040\000a\000n\000d\000\040\000v\000o\000t\000i\000n\000g}{section.3}% 6
\BOOKMARK [2][-]{subsection.3.4}{\376\377\000L\000a\000b\000e\000l\000\040\000r\000e\000s\000u\000l\000t\000s}{section.3}% 7
\BOOKMARK [1][-]{section.4}{\376\377\000S\000t\000u\000d\000e\000n\000t\000:\000\040\000f\000o\000r\000e\000c\000a\000s\000t\000i\000n\000g\000\040\000t\000h\000e\000\040\000n\000e\000x\000t\000-\000m\000o\000n\000t\000h\000\040\000r\000e\000g\000i\000m\000e}{}% 8
\BOOKMARK [1][-]{section.5}{\376\377\000R\000e\000g\000i\000m\000e\000-\000a\000w\000a\000r\000e\000\040\000a\000l\000l\000o\000c\000a\000t\000i\000o\000n}{}% 9
\BOOKMARK [2][-]{subsection.5.1}{\376\377\000A\000l\000l\000o\000c\000a\000t\000i\000o\000n\000\040\000t\000r\000a\000d\000e\000-\000o\000f\000f}{section.5}% 10
\BOOKMARK [2][-]{subsection.5.2}{\376\377\000A\000l\000l\000o\000c\000a\000t\000i\000o\000n\000\040\000m\000e\000c\000h\000a\000n\000i\000c\000s}{section.5}% 11
\BOOKMARK [2][-]{subsection.5.3}{\376\377\000S\000e\000n\000s\000i\000t\000i\000v\000i\000t\000y}{section.5}% 12
\BOOKMARK [1][-]{section.6}{\376\377\000D\000i\000s\000c\000u\000s\000s\000i\000o\000n\000\040\000a\000n\000d\000\040\000c\000o\000n\000c\000l\000u\000s\000i\000o\000n}{}% 13
\BOOKMARK [1][-]{appendix.A}{\376\377\000D\000a\000t\000a\000\040\000S\000o\000u\000r\000c\000e\000s\000\040\000a\000n\000d\000\040\000F\000e\000a\000t\000u\000r\000e\000\040\000C\000o\000n\000s\000t\000r\000u\000c\000t\000i\000o\000n}{}% 14
\BOOKMARK [2][-]{subsection.A.1}{\376\377\000T\000i\000m\000e\000\040\000s\000e\000r\000i\000e\000s\000\040\000p\000u\000l\000l\000e\000d}{appendix.A}% 15
\BOOKMARK [2][-]{subsection.A.2}{\376\377\000T\000e\000a\000c\000h\000e\000r\000-\000f\000e\000a\000t\000u\000r\000e\000\040\000d\000e\000f\000i\000n\000i\000t\000i\000o\000n\000s}{appendix.A}% 16
\BOOKMARK [2][-]{subsection.A.3}{\376\377\000S\000t\000u\000d\000e\000n\000t\000\040\000b\000a\000s\000e\000-\000f\000e\000a\000t\000u\000r\000e\000\040\000d\000e\000f\000i\000n\000i\000t\000i\000o\000n\000s}{appendix.A}% 17
\BOOKMARK [2][-]{subsection.A.4}{\376\377\000S\000t\000u\000d\000e\000n\000t\000-\000f\000e\000a\000t\000u\000r\000e\000\040\000t\000r\000a\000n\000s\000f\000o\000r\000m\000a\000t\000i\000o\000n\000s}{appendix.A}% 18
\BOOKMARK [2][-]{subsection.A.5}{\376\377\000C\000o\000u\000p\000l\000e\000d\000\040\000a\000p\000p\000r\000o\000a\000c\000h\000:\000\040\000r\000e\000t\000u\000r\000n\000\040\000d\000e\000f\000i\000n\000i\000t\000i\000o\000n\000s\000\040\000a\000n\000d\000\040\000f\000e\000a\000t\000u\000r\000e\000s}{appendix.A}% 19
\BOOKMARK [1][-]{appendix.B}{\376\377\000T\000e\000a\000c\000h\000e\000r\000\040\000L\000a\000b\000e\000l\000\040\000E\000s\000t\000i\000m\000a\000t\000i\000o\000n\000\040\000D\000e\000t\000a\000i\000l\000s}{}% 20
\BOOKMARK [2][-]{subsection.B.1}{\376\377\000T\000e\000a\000c\000h\000e\000r\000\040\000p\000a\000n\000e\000l\000s\000\040\000a\000n\000d\000\040\000r\000e\000f\000i\000t\000t\000i\000n\000g\000\040\000s\000c\000h\000e\000d\000u\000l\000e}{appendix.B}% 21
\BOOKMARK [2][-]{subsection.B.2}{\376\377\000J\000u\000m\000p\000-\000m\000o\000d\000e\000l\000\040\000o\000b\000j\000e\000c\000t\000i\000v\000e}{appendix.B}% 22
\BOOKMARK [2][-]{subsection.B.3}{\376\377\000L\0002\000\040\000j\000u\000m\000p\000\040\000m\000o\000d\000e\000l}{appendix.B}% 23
\BOOKMARK [2][-]{subsection.B.4}{\376\377\000L\0001\000\040\000m\000e\000d\000o\000i\000d\000\040\000j\000u\000m\000p\000\040\000m\000o\000d\000e\000l}{appendix.B}% 24
\BOOKMARK [2][-]{subsection.B.5}{\376\377\000P\000e\000n\000a\000l\000t\000y\000\040\000g\000r\000i\000d\000s\000\040\000a\000n\000d\000\040\000o\000p\000t\000i\000m\000i\000s\000a\000t\000i\000o\000n}{appendix.B}% 25
\BOOKMARK [2][-]{subsection.B.6}{\376\377\000S\000t\000a\000t\000e\000\040\000o\000r\000d\000e\000r\000i\000n\000g}{appendix.B}% 26
\BOOKMARK [2][-]{subsection.B.7}{\376\377\000M\000o\000n\000t\000h\000l\000y\000\040\000l\000a\000b\000e\000l\000s}{appendix.B}% 27
\BOOKMARK [1][-]{appendix.C}{\376\377\000T\000e\000a\000c\000h\000e\000r\000\040\000L\000a\000b\000e\000l\000\040\000a\000n\000d\000\040\000F\000e\000a\000t\000u\000r\000e\000\040\000D\000i\000a\000g\000n\000o\000s\000t\000i\000c\000s}{}% 28
\BOOKMARK [2][-]{subsection.C.1}{\376\377\000I\000n\000d\000i\000v\000i\000d\000u\000a\000l\000\040\000t\000e\000a\000c\000h\000e\000r\000\040\000p\000a\000t\000h\000s}{appendix.C}% 29
\BOOKMARK [2][-]{subsection.C.2}{\376\377\000J\000u\000m\000p\000-\000p\000e\000n\000a\000l\000t\000y\000\040\000d\000i\000a\000g\000n\000o\000s\000t\000i\000c\000s}{appendix.C}% 30
\BOOKMARK [2][-]{subsection.C.3}{\376\377\000M\000a\000j\000o\000r\000i\000t\000y\000-\000v\000o\000t\000e\000\040\000c\000o\000n\000s\000t\000r\000u\000c\000t\000i\000o\000n}{appendix.C}% 31
\BOOKMARK [2][-]{subsection.C.4}{\376\377\000T\000r\000a\000n\000s\000i\000t\000i\000o\000n\000s\000,\000\040\000p\000e\000r\000s\000i\000s\000t\000e\000n\000c\000e\000,\000\040\000a\000n\000d\000\040\000c\000r\000i\000s\000i\000s\000\040\000w\000i\000n\000d\000o\000w\000s}{appendix.C}% 32
\BOOKMARK [2][-]{subsection.C.5}{\376\377\000T\000e\000a\000c\000h\000e\000r\000\040\000f\000e\000a\000t\000u\000r\000e\000s\000\040\000a\000n\000d\000\040\000s\000t\000a\000t\000e\000\040\000s\000e\000p\000a\000r\000a\000t\000i\000o\000n}{appendix.C}% 33
\BOOKMARK [1][-]{appendix.D}{\376\377\000C\000o\000u\000p\000l\000e\000d\000\040\000t\000e\000a\000c\000h\000e\000r\000:\000\040\000e\000s\000t\000i\000m\000a\000t\000i\000o\000n\000\040\000d\000e\000t\000a\000i\000l\000s\000\040\000a\000n\000d\000\040\000d\000i\000a\000g\000n\000o\000s\000t\000i\000c\000s}{}% 34
\BOOKMARK [1][-]{appendix.E}{\376\377\000S\000t\000u\000d\000e\000n\000t\000\040\000P\000r\000e\000d\000i\000c\000t\000i\000o\000n\000\040\000D\000e\000t\000a\000i\000l\000s}{}% 35
\BOOKMARK [2][-]{subsection.E.1}{\376\377\000T\000a\000r\000g\000e\000t\000s\000,\000\040\000f\000e\000a\000t\000u\000r\000e\000s\000,\000\040\000a\000n\000d\000\040\000v\000a\000l\000i\000d\000a\000t\000i\000o\000n}{appendix.E}% 36
\BOOKMARK [2][-]{subsection.E.2}{\376\377\000M\000o\000d\000e\000l\000\040\000g\000r\000i\000d\000s}{appendix.E}% 37
\BOOKMARK [1][-]{appendix.F}{\376\377\000S\000t\000u\000d\000e\000n\000t\000\040\000r\000e\000g\000i\000m\000e\000\040\000p\000r\000e\000d\000i\000c\000t\000i\000o\000n\000\040\000d\000i\000a\000g\000n\000o\000s\000t\000i\000c\000s}{}% 38
\BOOKMARK [1][-]{appendix.G}{\376\377\000C\000o\000u\000p\000l\000e\000d\000\040\000s\000t\000u\000d\000e\000n\000t\000:\000\040\000e\000s\000t\000i\000m\000a\000t\000i\000o\000n\000\040\000d\000e\000t\000a\000i\000l\000s}{}% 39
\BOOKMARK [1][-]{appendix.H}{\376\377\000A\000l\000l\000o\000c\000a\000t\000i\000o\000n\000\040\000D\000e\000t\000a\000i\000l\000s}{}% 40
\BOOKMARK [2][-]{subsection.H.1}{\376\377\000P\000r\000o\000b\000a\000b\000i\000l\000i\000t\000y\000\040\000s\000m\000o\000o\000t\000h\000i\000n\000g\000\040\000a\000n\000d\000\040\000s\000h\000r\000i\000n\000k\000a\000g\000e}{appendix.H}% 41
\BOOKMARK [2][-]{subsection.H.2}{\376\377\000P\000r\000o\000b\000a\000b\000i\000l\000i\000t\000y\000-\000t\000o\000-\000m\000o\000m\000e\000n\000t\000\040\000m\000a\000p\000p\000i\000n\000g}{appendix.H}% 42
\BOOKMARK [2][-]{subsection.H.3}{\376\377\000P\000o\000r\000t\000f\000o\000l\000i\000o\000\040\000g\000r\000i\000d\000\040\000a\000n\000d\000\040\000n\000e\000t\000\040\000r\000e\000t\000u\000r\000n\000s}{appendix.H}% 43
\BOOKMARK [2][-]{subsection.H.4}{\376\377\000A\000l\000l\000o\000c\000a\000t\000i\000o\000n\000\040\000d\000i\000a\000g\000n\000o\000s\000t\000i\000c\000s\000\040\000a\000n\000d\000\040\000p\000a\000r\000a\000m\000e\000t\000e\000r\000\040\000s\000e\000n\000s\000i\000t\000i\000v\000i\000t\000y}{appendix.H}% 44
\BOOKMARK [2][-]{subsection.H.5}{\376\377\000A\000d\000d\000i\000t\000i\000o\000n\000a\000l\000\040\000i\000n\000d\000e\000p\000e\000n\000d\000e\000n\000t\000\040\000b\000e\000n\000c\000h\000m\000a\000r\000k\000s}{appendix.H}% 45
\BOOKMARK [3][-]{subsubsection.H.5.1}{\376\377\000P\000a\000r\000a\000m\000e\000t\000e\000r\000\040\000s\000e\000n\000s\000i\000t\000i\000v\000i\000t\000y\000\040\000a\000r\000o\000u\000n\000d\000\040\000s\000e\000l\000e\000c\000t\000e\000d\000\040\000s\000t\000r\000a\000t\000e\000g\000i\000e\000s}{subsection.H.5}% 46
\BOOKMARK [2][-]{subsection.H.6}{\376\377\000I\000n\000d\000e\000p\000e\000n\000d\000e\000n\000t\000\040\000m\000o\000d\000e\000l\000-\000s\000e\000l\000e\000c\000t\000i\000o\000n\000\040\000p\000r\000o\000t\000o\000c\000o\000l}{appendix.H}% 47
\BOOKMARK [1][-]{appendix.I}{\376\377\000C\000o\000u\000p\000l\000e\000d\000\040\000a\000l\000l\000o\000c\000a\000t\000i\000o\000n\000:\000\040\000d\000e\000t\000a\000i\000l\000s\000\040\000a\000n\000d\000\040\000s\000e\000n\000s\000i\000t\000i\000v\000i\000t\000y}{}% 48
\BOOKMARK [2][-]{subsection.I.1}{\376\377\000C\000o\000u\000p\000l\000e\000d\000\040\000a\000l\000l\000o\000c\000a\000t\000i\000o\000n\000:\000\040\000a\000d\000d\000i\000t\000i\000o\000n\000a\000l\000\040\000b\000e\000n\000c\000h\000m\000a\000r\000k\000s\000\040\000a\000n\000d\000\040\000p\000a\000r\000a\000m\000e\000t\000e\000r\000\040\000s\000e\000n\000s\000i\000t\000i\000v\000i\000t\000y}{appendix.I}% 49
\BOOKMARK [2][-]{subsection.I.2}{\376\377\000C\000o\000u\000p\000l\000e\000d\000\040\000m\000o\000d\000e\000l\000-\000s\000e\000l\000e\000c\000t\000i\000o\000n\000\040\000p\000r\000o\000t\000o\000c\000o\000l}{appendix.I}% 50
