This is pdfTeX, Version 3.141592653-2.6-1.40.25 (MiKTeX 24.1) (preloaded format=pdflatex 2025.1.12)  29 JUN 2026 00:49
entering extended mode
 restricted \write18 enabled.
 %&-line parsing enabled.
**./regime_aware_tactical_asset_allocation.tex
(regime_aware_tactical_asset_allocation.tex
LaTeX2e <2023-11-01> patch level 1
L3 programming layer <2024-01-04>
(C:\Users\marce\AppData\Local\Programs\MiKTeX\tex/latex/base\article.cls
Document Class: article 2023/05/17 v1.4n Standard LaTeX document class
(C:\Users\marce\AppData\Local\Programs\MiKTeX\tex/latex/base\size10.clo
File: size10.clo 2023/05/17 v1.4n Standard LaTeX file (size option)
)
\c@part=\count187
\c@section=\count188
\c@subsection=\count189
\c@subsubsection=\count190
\c@paragraph=\count191
\c@subparagraph=\count192
\c@figure=\count193
\c@table=\count194
\abovecaptionskip=\skip48
\belowcaptionskip=\skip49
\bibindent=\dimen140
)
(neuripsstyle.sty
Package: neuripsstyle 2024/01/01 NeurIPS-style emulation

(C:\Users\marce\AppData\Local\Programs\MiKTeX\tex/latex/geometry\geometry.sty
Package: geometry 2026/03/07 v6.0 Page Geometry

(C:\Users\marce\AppData\Local\Programs\MiKTeX\tex/latex/graphics\keyval.sty
Package: keyval 2022/05/29 v1.15 key=value parser (DPC)
\KV@toks@=\toks17
)
(C:\Users\marce\AppData\Local\Programs\MiKTeX\tex/generic/iftex\ifvtex.sty
Package: ifvtex 2019/10/25 v1.7 ifvtex legacy package. Use iftex instead.

(C:\Users\marce\AppData\Local\Programs\MiKTeX\tex/generic/iftex\iftex.sty
Package: iftex 2022/02/03 v1.0f TeX engine tests
))
\Gm@cnth=\count195
\Gm@cntv=\count196
\c@Gm@tempcnt=\count197
\Gm@bindingoffset=\dimen141
\Gm@wd@mp=\dimen142
\Gm@odd@mp=\dimen143
\Gm@even@mp=\dimen144
\Gm@layoutwidth=\dimen145
\Gm@layoutheight=\dimen146
\Gm@layouthoffset=\dimen147
\Gm@layoutvoffset=\dimen148
\Gm@dimlist=\toks18

(C:\Users\marce\AppData\Local\Programs\MiKTeX\tex/latex/geometry\geometry.cfg))
(C:\Users\marce\AppData\Local\Programs\MiKTeX\tex/latex/titlesec\titlesec.sty
Package: titlesec 2025/01/04 v2.17 Sectioning titles
\ttl@box=\box51
\beforetitleunit=\skip50
\aftertitleunit=\skip51
\ttl@plus=\dimen149
\ttl@minus=\dimen150
\ttl@toksa=\toks19
\titlewidth=\dimen151
\titlewidthlast=\dimen152
\titlewidthfirst=\dimen153
)
(C:\Users\marce\AppData\Local\Programs\MiKTeX\tex/latex/titling\titling.sty
Package: titling 2009/09/04 v2.1d maketitle typesetting
\thanksmarkwidth=\skip52
\thanksmargin=\skip53
\droptitle=\skip54
))
(C:\Users\marce\AppData\Local\Programs\MiKTeX\tex/latex/base\inputenc.sty
Package: inputenc 2021/02/14 v1.3d Input encoding file
\inpenc@prehook=\toks20
\inpenc@posthook=\toks21
)
(C:\Users\marce\AppData\Local\Programs\MiKTeX\tex/latex/base\fontenc.sty
Package: fontenc 2021/04/29 v2.0v Standard LaTeX package
)
(C:\Users\marce\AppData\Local\Programs\MiKTeX\tex/latex/amsmath\amsmath.sty
Package: amsmath 2023/05/13 v2.17o AMS math features
\@mathmargin=\skip55

For additional information on amsmath, use the `?' option.
(C:\Users\marce\AppData\Local\Programs\MiKTeX\tex/latex/amsmath\amstext.sty
Package: amstext 2021/08/26 v2.01 AMS text

(C:\Users\marce\AppData\Local\Programs\MiKTeX\tex/latex/amsmath\amsgen.sty
File: amsgen.sty 1999/11/30 v2.0 generic functions
\@emptytoks=\toks22
\ex@=\dimen154
))
(C:\Users\marce\AppData\Local\Programs\MiKTeX\tex/latex/amsmath\amsbsy.sty
Package: amsbsy 1999/11/29 v1.2d Bold Symbols
\pmbraise@=\dimen155
)
(C:\Users\marce\AppData\Local\Programs\MiKTeX\tex/latex/amsmath\amsopn.sty
Package: amsopn 2022/04/08 v2.04 operator names
)
\inf@bad=\count198
LaTeX Info: Redefining \frac on input line 234.
\uproot@=\count199
\leftroot@=\count266
LaTeX Info: Redefining \overline on input line 399.
LaTeX Info: Redefining \colon on input line 410.
\classnum@=\count267
\DOTSCASE@=\count268
LaTeX Info: Redefining \ldots on input line 496.
LaTeX Info: Redefining \dots on input line 499.
LaTeX Info: Redefining \cdots on input line 620.
\Mathstrutbox@=\box52
\strutbox@=\box53
LaTeX Info: Redefining \big on input line 722.
LaTeX Info: Redefining \Big on input line 723.
LaTeX Info: Redefining \bigg on input line 724.
LaTeX Info: Redefining \Bigg on input line 725.
\big@size=\dimen156
LaTeX Font Info:    Redeclaring font encoding OML on input line 743.
LaTeX Font Info:    Redeclaring font encoding OMS on input line 744.
\macc@depth=\count269
LaTeX Info: Redefining \bmod on input line 905.
LaTeX Info: Redefining \pmod on input line 910.
LaTeX Info: Redefining \smash on input line 940.
LaTeX Info: Redefining \relbar on input line 970.
LaTeX Info: Redefining \Relbar on input line 971.
\c@MaxMatrixCols=\count270
\dotsspace@=\muskip16
\c@parentequation=\count271
\dspbrk@lvl=\count272
\tag@help=\toks23
\row@=\count273
\column@=\count274
\maxfields@=\count275
\andhelp@=\toks24
\eqnshift@=\dimen157
\alignsep@=\dimen158
\tagshift@=\dimen159
\tagwidth@=\dimen160
\totwidth@=\dimen161
\lineht@=\dimen162
\@envbody=\toks25
\multlinegap=\skip56
\multlinetaggap=\skip57
\mathdisplay@stack=\toks26
LaTeX Info: Redefining \[ on input line 2953.
LaTeX Info: Redefining \] on input line 2954.
)
(C:\Users\marce\AppData\Local\Programs\MiKTeX\tex/latex/amsfonts\amssymb.sty
Package: amssymb 2013/01/14 v3.01 AMS font symbols

(C:\Users\marce\AppData\Local\Programs\MiKTeX\tex/latex/amsfonts\amsfonts.sty
Package: amsfonts 2013/01/14 v3.01 Basic AMSFonts support
\symAMSa=\mathgroup4
\symAMSb=\mathgroup5
LaTeX Font Info:    Redeclaring math symbol \hbar on input line 98.
LaTeX Font Info:    Overwriting math alphabet `\mathfrak' in version `bold'
(Font)                  U/euf/m/n --> U/euf/b/n on input line 106.
)) (C:\Users\marce\AppData\Local\Programs\MiKTeX\tex/latex/tools\bm.sty
Package: bm 2023/07/08 v1.2f Bold Symbol Support (DPC/FMi)
\symboldoperators=\mathgroup6
\symboldletters=\mathgroup7
\symboldsymbols=\mathgroup8
Package bm Info: No bold for \OMX/cmex/m/n, using \pmb.
Package bm Info: No bold for \U/msa/m/n, using \pmb.
Package bm Info: No bold for \U/msb/m/n, using \pmb.
LaTeX Font Info:    Redeclaring math alphabet \mathbf on input line 149.
)
(C:\Users\marce\AppData\Local\Programs\MiKTeX\tex/latex/booktabs\booktabs.sty
Package: booktabs 2020/01/12 v1.61803398 Publication quality tables
\heavyrulewidth=\dimen163
\lightrulewidth=\dimen164
\cmidrulewidth=\dimen165
\belowrulesep=\dimen166
\belowbottomsep=\dimen167
\aboverulesep=\dimen168
\abovetopsep=\dimen169
\cmidrulesep=\dimen170
\cmidrulekern=\dimen171
\defaultaddspace=\dimen172
\@cmidla=\count276
\@cmidlb=\count277
\@aboverulesep=\dimen173
\@belowrulesep=\dimen174
\@thisruleclass=\count278
\@lastruleclass=\count279
\@thisrulewidth=\dimen175
)
(C:\Users\marce\AppData\Local\Programs\MiKTeX\tex/latex/tools\array.sty
Package: array 2023/10/16 v2.5g Tabular extension package (FMi)
\col@sep=\dimen176
\ar@mcellbox=\box54
\extrarowheight=\dimen177
\NC@list=\toks27
\extratabsurround=\skip58
\backup@length=\skip59
\ar@cellbox=\box55
)
(C:\Users\marce\AppData\Local\Programs\MiKTeX\tex/latex/multirow\multirow.sty
Package: multirow 2024/11/12 v2.9 Span multiple rows of a table
\multirow@colwidth=\skip60
\multirow@cntb=\count280
\multirow@dima=\skip61
\bigstrutjot=\dimen178
)
(C:\Users\marce\AppData\Local\Programs\MiKTeX\tex/latex/tools\longtable.sty
Package: longtable 2023-11-01 v4.19 Multi-page Table package (DPC)
\LTleft=\skip62
\LTright=\skip63
\LTpre=\skip64
\LTpost=\skip65
\LTchunksize=\count281
\LTcapwidth=\dimen179
\LT@head=\box56
\LT@firsthead=\box57
\LT@foot=\box58
\LT@lastfoot=\box59
\LT@gbox=\box60
\LT@cols=\count282
\LT@rows=\count283
\c@LT@tables=\count284
\c@LT@chunks=\count285
\LT@p@ftn=\toks28
)
(C:\Users\marce\AppData\Local\Programs\MiKTeX\tex/latex/graphics\graphicx.sty
Package: graphicx 2021/09/16 v1.2d Enhanced LaTeX Graphics (DPC,SPQR)

(C:\Users\marce\AppData\Local\Programs\MiKTeX\tex/latex/graphics\graphics.sty
Package: graphics 2022/03/10 v1.4e Standard LaTeX Graphics (DPC,SPQR)

(C:\Users\marce\AppData\Local\Programs\MiKTeX\tex/latex/graphics\trig.sty
Package: trig 2021/08/11 v1.11 sin cos tan (DPC)
)
(C:\Users\marce\AppData\Local\Programs\MiKTeX\tex/latex/graphics-cfg\graphics.c
fg
File: graphics.cfg 2016/06/04 v1.11 sample graphics configuration
)
Package graphics Info: Driver file: pdftex.def on input line 107.

(C:\Users\marce\AppData\Local\Programs\MiKTeX\tex/latex/graphics-def\pdftex.def
File: pdftex.def 2022/09/22 v1.2b Graphics/color driver for pdftex
))
\Gin@req@height=\dimen180
\Gin@req@width=\dimen181
)
(C:\Users\marce\AppData\Local\Programs\MiKTeX\tex/latex/adjustbox\adjustbox.sty
Package: adjustbox 2025/02/26 v1.3c Adjusting TeX boxes (trim, clip, ...)
(C:\Users\marce\AppData\Local\Programs\MiKTeX\tex/latex/xkeyval\xkeyval.sty
Package: xkeyval 2022/06/16 v2.9 package option processing (HA)

(C:\Users\marce\AppData\Local\Programs\MiKTeX\tex/generic/xkeyval\xkeyval.tex
(C:\Users\marce\AppData\Local\Programs\MiKTeX\tex/generic/xkeyval\xkvutils.tex
\XKV@toks=\toks29
\XKV@tempa@toks=\toks30
)
\XKV@depth=\count286
File: xkeyval.tex 2014/12/03 v2.7a key=value parser (HA)
))
(C:\Users\marce\AppData\Local\Programs\MiKTeX\tex/latex/adjustbox\adjcalc.sty
Package: adjcalc 2012/05/16 v1.1 Provides advanced setlength with multiple back
-ends (calc, etex, pgfmath)
)
(C:\Users\marce\AppData\Local\Programs\MiKTeX\tex/latex/adjustbox\trimclip.sty
Package: trimclip 2025/02/21 v1.2a Trim and clip general TeX material

(C:\Users\marce\AppData\Local\Programs\MiKTeX\tex/latex/collectbox\collectbox.s
ty
Package: collectbox 2022/10/17 v0.4c Collect macro arguments as boxes
\collectedbox=\box61
)
\tc@llx=\dimen182
\tc@lly=\dimen183
\tc@urx=\dimen184
\tc@ury=\dimen185
Package trimclip Info: Using driver 'tc-pdftex.def'.

(C:\Users\marce\AppData\Local\Programs\MiKTeX\tex/latex/adjustbox\tc-pdftex.def
File: tc-pdftex.def 2025/02/26 v2.3 Clipping driver for pdftex
))
\adjbox@Width=\dimen186
\adjbox@Height=\dimen187
\adjbox@Depth=\dimen188
\adjbox@Totalheight=\dimen189
\adjbox@pwidth=\dimen190
\adjbox@pheight=\dimen191
\adjbox@pdepth=\dimen192
\adjbox@ptotalheight=\dimen193

(C:\Users\marce\AppData\Local\Programs\MiKTeX\tex/latex/ifoddpage\ifoddpage.sty
Package: ifoddpage 2022/10/18 v1.2 Conditionals for odd/even page detection
\c@checkoddpage=\count287
) (C:\Users\marce\AppData\Local\Programs\MiKTeX\tex/latex/varwidth\varwidth.sty
Package: varwidth 2009/03/30 ver 0.92;  Variable-width minipages
\@vwid@box=\box62
\sift@deathcycles=\count288
\@vwid@loff=\dimen194
\@vwid@roff=\dimen195
)) (C:\Users\marce\AppData\Local\Programs\MiKTeX\tex/latex/siunitx\siunitx.sty
Package: siunitx 2026-05-15 v3.5.5 A comprehensive (SI) units package
\l__siunitx_number_uncert_offset_int=\count289
\l__siunitx_number_exponent_fixed_int=\count290
\l__siunitx_number_min_decimal_int=\count291
\l__siunitx_number_min_integer_int=\count292
\l__siunitx_number_round_precision_int=\count293
\l__siunitx_number_lower_threshold_int=\count294
\l__siunitx_number_upper_threshold_int=\count295
\l__siunitx_number_group_first_int=\count296
\l__siunitx_number_group_size_int=\count297
\l__siunitx_number_group_min_int=\count298
\l__siunitx_number_group_minimum_int=\count299
\l__siunitx_compound_count_int=\count300

(C:\Users\marce\AppData\Local\Programs\MiKTeX\tex/latex/translations\translatio
ns.sty
Package: translations 2022/02/05 v1.12 internationalization of LaTeX2e packages
 (CN)

(C:\Users\marce\AppData\Local\Programs\MiKTeX\tex/latex/etoolbox\etoolbox.sty
Package: etoolbox 2020/10/05 v2.5k e-TeX tools for LaTeX (JAW)
\etb@tempcnta=\count301
)
(C:\Users\marce\AppData\Local\Programs\MiKTeX\tex/generic/pdftexcmds\pdftexcmds
.sty
Package: pdftexcmds 2020-06-27 v0.33 Utility functions of pdfTeX for LuaTeX (HO
)

(C:\Users\marce\AppData\Local\Programs\MiKTeX\tex/generic/infwarerr\infwarerr.s
ty
Package: infwarerr 2019/12/03 v1.5 Providing info/warning/error messages (HO)
)
(C:\Users\marce\AppData\Local\Programs\MiKTeX\tex/generic/ltxcmds\ltxcmds.sty
Package: ltxcmds 2023-12-04 v1.26 LaTeX kernel commands for general use (HO)
)
Package pdftexcmds Info: \pdf@primitive is available.
Package pdftexcmds Info: \pdf@ifprimitive is available.
Package pdftexcmds Info: \pdfdraftmode found.
))
\l__siunitx_table_tmp_box=\box63
\l__siunitx_table_tmp_dim=\dimen196
\l__siunitx_table_column_width_dim=\dimen197
\l__siunitx_table_integer_box=\box64
\l__siunitx_table_decimal_box=\box65
\l__siunitx_table_uncert_box=\box66
\l__siunitx_table_before_box=\box67
\l__siunitx_table_after_box=\box68
\l__siunitx_table_before_dim=\dimen198
\l__siunitx_table_carry_dim=\dimen199
\l__siunitx_unit_tmp_int=\count302
\l__siunitx_unit_position_int=\count303
\l__siunitx_unit_total_int=\count304
\l__siunitx_sexagesimal_tmp_dim=\dimen256
\l__siunitx_sexagesimal_marker_box=\box69
\l__siunitx_sexagesimal_unit_box=\box70
) (C:\Users\marce\AppData\Local\Programs\MiKTeX\tex/latex/float\float.sty
Package: float 2001/11/08 v1.3d Float enhancements (AL)
\c@float@type=\count305
\float@exts=\toks31
\float@box=\box71
\@float@everytoks=\toks32
\@floatcapt=\box72
)
(C:\Users\marce\AppData\Local\Programs\MiKTeX\tex/latex/placeins\placeins.sty
Package: placeins 2005/04/18  v 2.2
)
(C:\Users\marce\AppData\Local\Programs\MiKTeX\tex/latex/pdflscape\pdflscape.sty
Package: pdflscape 2022-10-27 v0.13 Display of landscape pages in PDF

(C:\Users\marce\AppData\Local\Programs\MiKTeX\tex/latex/pdflscape\pdflscape-nom
etadata.sty
Package: pdflscape-nometadata 2022-10-28 v0.13 Display of landscape pages in PD
F (HO)

(C:\Users\marce\AppData\Local\Programs\MiKTeX\tex/latex/graphics\lscape.sty
Package: lscape 2020/05/28 v3.02 Landscape Pages (DPC)
)
Package pdflscape Info: Auto-detected driver: pdftex on input line 81.
))
(C:\Users\marce\AppData\Local\Programs\MiKTeX\tex/latex/caption\caption.sty
Package: caption 2023/08/05 v3.6o Customizing captions (AR)

(C:\Users\marce\AppData\Local\Programs\MiKTeX\tex/latex/caption\caption3.sty
Package: caption3 2023/07/31 v2.4d caption3 kernel (AR)
\caption@tempdima=\dimen257
\captionmargin=\dimen258
\caption@leftmargin=\dimen259
\caption@rightmargin=\dimen260
\caption@width=\dimen261
\caption@indent=\dimen262
\caption@parindent=\dimen263
\caption@hangindent=\dimen264
Package caption Info: Standard document class detected.
)
\c@caption@flags=\count306
\c@continuedfloat=\count307
Package caption Info: float package is loaded.
Package caption Info: longtable package is loaded.

(C:\Users\marce\AppData\Local\Programs\MiKTeX\tex/latex/caption\ltcaption.sty
Package: ltcaption 2021/01/08 v1.4c longtable captions (AR)
)) (C:\Users\marce\AppData\Local\Programs\MiKTeX\tex/latex/hyperref\hyperref.st
y
Package: hyperref 2023-11-26 v7.01g Hypertext links for LaTeX

(C:\Users\marce\AppData\Local\Programs\MiKTeX\tex/latex/kvsetkeys\kvsetkeys.sty
Package: kvsetkeys 2022-10-05 v1.19 Key value parser (HO)
)
(C:\Users\marce\AppData\Local\Programs\MiKTeX\tex/generic/kvdefinekeys\kvdefine
keys.sty
Package: kvdefinekeys 2019-12-19 v1.6 Define keys (HO)
)
(C:\Users\marce\AppData\Local\Programs\MiKTeX\tex/generic/pdfescape\pdfescape.s
ty
Package: pdfescape 2019/12/09 v1.15 Implements pdfTeX's escape features (HO)
) (C:\Users\marce\AppData\Local\Programs\MiKTeX\tex/latex/hycolor\hycolor.sty
Package: hycolor 2020-01-27 v1.10 Color options for hyperref/bookmark (HO)
)
(C:\Users\marce\AppData\Local\Programs\MiKTeX\tex/latex/letltxmacro\letltxmacro
.sty
Package: letltxmacro 2019/12/03 v1.6 Let assignment for LaTeX macros (HO)
)
(C:\Users\marce\AppData\Local\Programs\MiKTeX\tex/latex/auxhook\auxhook.sty
Package: auxhook 2019-12-17 v1.6 Hooks for auxiliary files (HO)
)
(C:\Users\marce\AppData\Local\Programs\MiKTeX\tex/latex/hyperref\nameref.sty
Package: nameref 2023-11-26 v2.56 Cross-referencing by name of section

(C:\Users\marce\AppData\Local\Programs\MiKTeX\tex/latex/refcount\refcount.sty
Package: refcount 2019/12/15 v3.6 Data extraction from label references (HO)
)
(C:\Users\marce\AppData\Local\Programs\MiKTeX\tex/generic/gettitlestring\gettit
lestring.sty
Package: gettitlestring 2019/12/15 v1.6 Cleanup title references (HO)

(C:\Users\marce\AppData\Local\Programs\MiKTeX\tex/latex/kvoptions\kvoptions.sty
Package: kvoptions 2022-06-15 v3.15 Key value format for package options (HO)
))
\c@section@level=\count308
)
\@linkdim=\dimen265
\Hy@linkcounter=\count309
\Hy@pagecounter=\count310
 (C:\Users\marce\AppData\Local\Programs\MiKTeX\tex/latex/hyperref\pd1enc.def
File: pd1enc.def 2023-11-26 v7.01g Hyperref: PDFDocEncoding definition (HO)
Now handling font encoding PD1 ...
... no UTF-8 mapping file for font encoding PD1
) (C:\Users\marce\AppData\Local\Programs\MiKTeX\tex/generic/intcalc\intcalc.sty
Package: intcalc 2019/12/15 v1.3 Expandable calculations with integers (HO)
)
\Hy@SavedSpaceFactor=\count311
 (C:\Users\marce\AppData\Local\Programs\MiKTeX\tex/latex/hyperref\puenc.def
File: puenc.def 2023-11-26 v7.01g Hyperref: PDF Unicode definition (HO)
Now handling font encoding PU ...
... no UTF-8 mapping file for font encoding PU
)
Package hyperref Info: Hyper figures OFF on input line 4181.
Package hyperref Info: Link nesting OFF on input line 4186.
Package hyperref Info: Hyper index ON on input line 4189.
Package hyperref Info: Plain pages OFF on input line 4196.
Package hyperref Info: Backreferencing OFF on input line 4201.
Package hyperref Info: Implicit mode ON; LaTeX internals redefined.
Package hyperref Info: Bookmarks ON on input line 4448.
\c@Hy@tempcnt=\count312

(C:\Users\marce\AppData\Local\Programs\MiKTeX\tex/latex/url\url.sty
\Urlmuskip=\muskip17
Package: url 2013/09/16  ver 3.4  Verb mode for urls, etc.
)
LaTeX Info: Redefining \url on input line 4786.
\XeTeXLinkMargin=\dimen266

(C:\Users\marce\AppData\Local\Programs\MiKTeX\tex/generic/bitset\bitset.sty
Package: bitset 2019/12/09 v1.3 Handle bit-vector datatype (HO)

(C:\Users\marce\AppData\Local\Programs\MiKTeX\tex/generic/bigintcalc\bigintcalc
.sty
Package: bigintcalc 2019/12/15 v1.5 Expandable calculations on big integers (HO
)
))
\Fld@menulength=\count313
\Field@Width=\dimen267
\Fld@charsize=\dimen268
Package hyperref Info: Hyper figures OFF on input line 6065.
Package hyperref Info: Link nesting OFF on input line 6070.
Package hyperref Info: Hyper index ON on input line 6073.
Package hyperref Info: backreferencing OFF on input line 6080.
Package hyperref Info: Link coloring OFF on input line 6085.
Package hyperref Info: Link coloring with OCG OFF on input line 6090.
Package hyperref Info: PDF/A mode OFF on input line 6095.

(C:\Users\marce\AppData\Local\Programs\MiKTeX\tex/latex/base\atbegshi-ltx.sty
Package: atbegshi-ltx 2021/01/10 v1.0c Emulation of the original atbegshi
package with kernel methods
)
\Hy@abspage=\count314
\c@Item=\count315
\c@Hfootnote=\count316
)
Package hyperref Info: Driver (autodetected): hpdftex.
(C:\Users\marce\AppData\Local\Programs\MiKTeX\tex/latex/hyperref\hpdftex.def
File: hpdftex.def 2023-11-26 v7.01g Hyperref driver for pdfTeX

(C:\Users\marce\AppData\Local\Programs\MiKTeX\tex/latex/base\atveryend-ltx.sty
Package: atveryend-ltx 2020/08/19 v1.0a Emulation of the original atveryend pac
kage
with kernel methods
)
\Fld@listcount=\count317
\c@bookmark@seq@number=\count318

(C:\Users\marce\AppData\Local\Programs\MiKTeX\tex/latex/rerunfilecheck\rerunfil
echeck.sty
Package: rerunfilecheck 2022-07-10 v1.10 Rerun checks for auxiliary files (HO)

(C:\Users\marce\AppData\Local\Programs\MiKTeX\tex/generic/uniquecounter\uniquec
ounter.sty
Package: uniquecounter 2019/12/15 v1.4 Provide unlimited unique counter (HO)
)
Package uniquecounter Info: New unique counter `rerunfilecheck' on input line 2
85.
)
\Hy@SectionHShift=\skip66
)

Package siunitx Info: Option "detect-weight" has been deprecated in this
(siunitx)             release.
(siunitx)             
(siunitx)             Use "reset-text-series = false, text-series-to-math =
(siunitx)             true" as a replacement.


Package siunitx Info: Option "detect-family" has been deprecated in this
(siunitx)             release.
(siunitx)             
(siunitx)             Use "reset-text-family = false, text-family-to-math =
(siunitx)             true" as a replacement.

Package translations Info: No language package found. I am going to use `englis
h' as default language. on input line 39.

(C:\Users\marce\AppData\Local\Programs\MiKTeX\tex/latex/graphics\color.sty
Package: color 2022/01/06 v1.3d Standard LaTeX Color (DPC)

(C:\Users\marce\AppData\Local\Programs\MiKTeX\tex/latex/graphics-cfg\color.cfg
File: color.cfg 2016/01/02 v1.6 sample color configuration
)
Package color Info: Driver file: pdftex.def on input line 149.
(C:\Users\marce\AppData\Local\Programs\MiKTeX\tex/latex/graphics\mathcolor.ltx)
)
(C:\Users\marce\AppData\Local\Programs\MiKTeX\tex/latex/l3backend\l3backend-pdf
tex.def
File: l3backend-pdftex.def 2024-01-04 L3 backend support: PDF output (pdfTeX)
\l__color_backend_stack_int=\count319
\l__pdf_internal_box=\box73
) (regime_aware_tactical_asset_allocation.aux)
\openout1 = `regime_aware_tactical_asset_allocation.aux'.

LaTeX Font Info:    Checking defaults for OML/cmm/m/it on input line 39.
LaTeX Font Info:    ... okay on input line 39.
LaTeX Font Info:    Checking defaults for OMS/cmsy/m/n on input line 39.
LaTeX Font Info:    ... okay on input line 39.
LaTeX Font Info:    Checking defaults for OT1/cmr/m/n on input line 39.
LaTeX Font Info:    ... okay on input line 39.
LaTeX Font Info:    Checking defaults for T1/cmr/m/n on input line 39.
LaTeX Font Info:    ... okay on input line 39.
LaTeX Font Info:    Checking defaults for TS1/cmr/m/n on input line 39.
LaTeX Font Info:    ... okay on input line 39.
LaTeX Font Info:    Checking defaults for OMX/cmex/m/n on input line 39.
LaTeX Font Info:    ... okay on input line 39.
LaTeX Font Info:    Checking defaults for U/cmr/m/n on input line 39.
LaTeX Font Info:    ... okay on input line 39.
LaTeX Font Info:    Checking defaults for PD1/pdf/m/n on input line 39.
LaTeX Font Info:    ... okay on input line 39.
LaTeX Font Info:    Checking defaults for PU/pdf/m/n on input line 39.
LaTeX Font Info:    ... okay on input line 39.

*geometry* driver: auto-detecting
*geometry* detected driver: pdftex
*geometry* verbose mode - [ preamble ] result:
* driver: pdftex
* paper: letterpaper
* layout: <same size as paper>
* layoutoffset:(h,v)=(0.0pt,0.0pt)
* modes: 
* h-part:(L,W,R)=(108.405pt, 397.485pt, 108.405pt)
* v-part:(T,H,B)=(72.26999pt, 650.43001pt, 72.26999pt)
* \paperwidth=614.295pt
* \paperheight=794.96999pt
* \textwidth=397.485pt
* \textheight=650.43001pt
* \oddsidemargin=36.13501pt
* \evensidemargin=36.13501pt
* \topmargin=-37.0pt
* \headheight=12.0pt
* \headsep=25.0pt
* \topskip=10.0pt
* \footskip=30.0pt
* \marginparwidth=65.0pt
* \marginparsep=11.0pt
* \columnsep=10.0pt
* \skip\footins=9.0pt plus 4.0pt minus 2.0pt
* \hoffset=0.0pt
* \voffset=0.0pt
* \mag=1000
* \@twocolumnfalse
* \@twosidefalse
* \@mparswitchfalse
* \@reversemarginfalse
* (1in=72.27pt=25.4mm, 1cm=28.453pt)


(C:\Users\marce\AppData\Local\Programs\MiKTeX\tex/context/base/mkii\supp-pdf.mk
ii
[Loading MPS to PDF converter (version 2006.09.02).]
\scratchcounter=\count320
\scratchdimen=\dimen269
\scratchbox=\box74
\nofMPsegments=\count321
\nofMParguments=\count322
\everyMPshowfont=\toks33
\MPscratchCnt=\count323
\MPscratchDim=\dimen270
\MPnumerator=\count324
\makeMPintoPDFobject=\count325
\everyMPtoPDFconversion=\toks34
)
(C:\Users\marce\AppData\Local\Programs\MiKTeX\tex/latex/epstopdf-pkg\epstopdf-b
ase.sty
Package: epstopdf-base 2020-01-24 v2.11 Base part for package epstopdf
Package epstopdf-base Info: Redefining graphics rule for `.eps' on input line 4
85.

(C:\Users\marce\AppData\Local\Programs\MiKTeX\tex/latex/00miktex\epstopdf-sys.c
fg
File: epstopdf-sys.cfg 2021/03/18 v2.0 Configuration of epstopdf for MiKTeX
))
(C:\Users\marce\AppData\Local\Programs\MiKTeX\tex/latex/translations/dicts\tran
slations-basic-dictionary-english.trsl
File: translations-basic-dictionary-english.trsl (english translation file `tra
nslations-basic-dictionary')
)
Package translations Info: loading dictionary `translations-basic-dictionary' f
or `english'. on input line 39.
Package caption Info: Begin \AtBeginDocument code.
Package caption Info: hyperref package is loaded.
Package caption Info: End \AtBeginDocument code.
Package hyperref Info: Link coloring OFF on input line 39.

(regime_aware_tactical_asset_allocation.out)
(regime_aware_tactical_asset_allocation.out)
\@outlinefile=\write3
\openout3 = `regime_aware_tactical_asset_allocation.out'.

LaTeX Font Info:    Trying to load font information for U+msa on input line 55.


(C:\Users\marce\AppData\Local\Programs\MiKTeX\tex/latex/amsfonts\umsa.fd
File: umsa.fd 2013/01/14 v3.01 AMS symbols A
)
LaTeX Font Info:    Trying to load font information for U+msb on input line 55.


(C:\Users\marce\AppData\Local\Programs\MiKTeX\tex/latex/amsfonts\umsb.fd
File: umsb.fd 2013/01/14 v3.01 AMS symbols B
)
[1

{C:/Users/marce/AppData/Local/MiKTeX/fonts/map/pdftex/pdftex.map}] [2]
[3]
<figs/teacher_regime_labels.pdf, id=256, 439.6425pt x 256.3176pt>
File: figs/teacher_regime_labels.pdf Graphic file (type pdf)
<use figs/teacher_regime_labels.pdf>
Package pdftex.def Info: figs/teacher_regime_labels.pdf  used on input line 215
.
(pdftex.def)             Requested size: 182.84576pt x 106.60057pt.
<figs/COUPLED__labels.png, id=257, 1606.0pt x 1062.97125pt>
File: figs/COUPLED__labels.png Graphic file (type png)
<use figs/COUPLED__labels.png>
Package pdftex.def Info: figs/COUPLED__labels.png  used on input line 218.
(pdftex.def)             Requested size: 206.6939pt x 136.79622pt.
 [4 <./figs/teacher_regime_labels.pdf> <./figs/COUPLED__labels.png>]
[5] [6] [7]
<figs/allocation_wealth_drawdown_focused.jpg, id=326, 896.148pt x 489.5088pt>
File: figs/allocation_wealth_drawdown_focused.jpg Graphic file (type jpg)
<use figs/allocation_wealth_drawdown_focused.jpg>
Package pdftex.def Info: figs/allocation_wealth_drawdown_focused.jpg  used on i
nput line 504.
(pdftex.def)             Requested size: 190.79109pt x 104.21158pt.
<figs/COUPLED__alloc_wealth_drawdown.pdf, id=327, 855.49286pt x 494.07957pt>
File: figs/COUPLED__alloc_wealth_drawdown.pdf Graphic file (type pdf)
<use figs/COUPLED__alloc_wealth_drawdown.pdf>
Package pdftex.def Info: figs/COUPLED__alloc_wealth_drawdown.pdf  used on input
 line 508.
(pdftex.def)             Requested size: 198.7425pt x 114.78185pt.
 [8 <./figs/allocation_wealth_drawdown_focused.jpg> <./figs/COUPLED__alloc_weal
th_drawdown.pdf>]
<figs/allocation_mechanics_focused.jpg, id=390, 1004.553pt x 462.7689pt>
File: figs/allocation_mechanics_focused.jpg Graphic file (type jpg)
<use figs/allocation_mechanics_focused.jpg>
Package pdftex.def Info: figs/allocation_mechanics_focused.jpg  used on input l
ine 536.
(pdftex.def)             Requested size: 190.7904pt x 87.8917pt.
<figs/COUPLED__alloc_mechanics.pdf, id=391, 1144.63303pt x 482.89294pt>
File: figs/COUPLED__alloc_mechanics.pdf Graphic file (type pdf)
<use figs/COUPLED__alloc_mechanics.pdf>
Package pdftex.def Info: figs/COUPLED__alloc_mechanics.pdf  used on input line 
540.
(pdftex.def)             Requested size: 198.74187pt x 83.84438pt.

(regime_aware_tactical_asset_allocation_appendix.tex
Underfull \hbox (badness 10000) in paragraph at lines 15--15
[]|\T1/cmr/m/sc/9 independent
 []


Underfull \hbox (badness 10000) in paragraph at lines 15--15
[]|\T1/cmr/m/n/9 Exponentially
 []


Underfull \hbox (badness 10000) in paragraph at lines 15--15
\T1/cmr/m/n/9 weighted re-
 []


Underfull \hbox (badness 10000) in paragraph at lines 15--15
\T1/cmr/m/n/9 turn; Sortino
 []


Underfull \hbox (badness 10000) in paragraph at lines 16--16
[]|\T1/cmr/m/sc/9 independent
 []


Underfull \hbox (badness 10000) in paragraph at lines 16--16
[]|\T1/cmr/m/n/9 Exponentially
 []


Underfull \hbox (badness 10000) in paragraph at lines 16--16
\T1/cmr/m/n/9 weighted re-
 []


Underfull \hbox (badness 1354) in paragraph at lines 16--16
\T1/cmr/m/n/9 turn; down-side
 []


Underfull \hbox (badness 10000) in paragraph at lines 16--16
\T1/cmr/m/n/9 risk; Sharpe
 []


Underfull \hbox (badness 1527) in paragraph at lines 18--18
[]|\T1/cmr/m/sc/9 coupled \T1/cmr/m/n/9 (eq-
 []


Underfull \hbox (badness 1527) in paragraph at lines 19--19
[]|\T1/cmr/m/sc/9 coupled \T1/cmr/m/n/9 (eq-
 []


Underfull \hbox (badness 1527) in paragraph at lines 20--20
[]|\T1/cmr/m/sc/9 coupled \T1/cmr/m/n/9 (eq-
 []


Underfull \hbox (badness 2103) in paragraph at lines 20--20
[]|\T1/cmr/m/n/9 Short mi-nus long av-er-age ex-cess re-turn,
 []

[9 <./figs/allocation_mechanics_focused.jpg> <./figs/COUPLED__alloc_mechanics.p
df>]
Overfull \hbox (4.20045pt too wide) in alignment at lines 28--32
 [] [] [] 
 []


Overfull \hbox (4.20045pt too wide) in alignment at lines 32--36
 [] [] [] 
 []


Overfull \hbox (4.20045pt too wide) in alignment at lines 36--60
 [] [] [] 
 []

[10]
Overfull \hbox (5.30534pt too wide) in paragraph at lines 83--84
[] []\T1/cmr/bx/n/10 Eq-uity teacher fea-tures.[] \T1/cmr/m/n/10 Daily eq-uity 
ex-cess re-turn: $\OML/cmm/m/it/10 r[]$\T1/cmr/m/n/10 . Hori-zons: $\OML/cmm/m/
it/10 h \OMS/cmsy/m/n/10 2 f\OT1/cmr/m/n/10 21\OML/cmm/m/it/10 ; \OT1/cmr/m/n/1
0 63\OML/cmm/m/it/10 ; \OT1/cmr/m/n/10 126\OML/cmm/m/it/10 ; \OT1/cmr/m/n/10 25
2\OMS/cmsy/m/n/10 g$\T1/cmr/m/n/10 . 
 []

[11] [12] [13]
Underfull \hbox (badness 3260) in paragraph at lines 343--344
[]|\T1/cmr/m/n/10 Initial sam-
 []


Overfull \hbox (16.2065pt too wide) in paragraph at lines 341--356
 [][] 
 []


Package hyperref Warning: Token not allowed in a PDF string (Unicode):
(hyperref)                removing `math shift' on input line 382.


Package hyperref Warning: Token not allowed in a PDF string (Unicode):
(hyperref)                removing `superscript' on input line 382.

[14]

Package hyperref Warning: Token not allowed in a PDF string (Unicode):
(hyperref)                removing `math shift' on input line 397.


Package hyperref Warning: Token not allowed in a PDF string (Unicode):
(hyperref)                removing `superscript' on input line 397.


Overfull \hbox (28.92627pt too wide) detected at line 424
[]
 []

[15]
<figs/fig_teacher_equity_l2_paths.pdf, id=563, 577.43733pt x 341.8371pt>
File: figs/fig_teacher_equity_l2_paths.pdf Graphic file (type pdf)
<use figs/fig_teacher_equity_l2_paths.pdf>
Package pdftex.def Info: figs/fig_teacher_equity_l2_paths.pdf  used on input li
ne 519.
(pdftex.def)             Requested size: 397.49821pt x 235.31494pt.
<figs/fig_teacher_equity_l1_paths.pdf, id=564, 577.43733pt x 341.8371pt>
File: figs/fig_teacher_equity_l1_paths.pdf Graphic file (type pdf)
<use figs/fig_teacher_equity_l1_paths.pdf>
Package pdftex.def Info: figs/fig_teacher_equity_l1_paths.pdf  used on input li
ne 526.
(pdftex.def)             Requested size: 397.49821pt x 235.31494pt.
 [16 <./figs/fig_teacher_equity_l2_paths.pdf>]
<figs/fig_teacher_bond_l2_paths.pdf, id=577, 577.43733pt x 455.06009pt>
File: figs/fig_teacher_bond_l2_paths.pdf Graphic file (type pdf)
<use figs/fig_teacher_bond_l2_paths.pdf>
Package pdftex.def Info: figs/fig_teacher_bond_l2_paths.pdf  used on input line
 533.
(pdftex.def)             Requested size: 397.49821pt x 313.25577pt.
<figs/fig_teacher_bond_l1_paths.pdf, id=578, 577.43733pt x 455.06009pt>
File: figs/fig_teacher_bond_l1_paths.pdf Graphic file (type pdf)
<use figs/fig_teacher_bond_l1_paths.pdf>
Package pdftex.def Info: figs/fig_teacher_bond_l1_paths.pdf  used on input line
 540.
(pdftex.def)             Requested size: 397.49821pt x 313.25577pt.
 [17 <./figs/fig_teacher_equity_l1_paths.pdf> <./figs/fig_teacher_bond_l2_paths
.pdf>]
<figs/fig_teacher_equity_lambda_diagnostics.jpg, id=591, 1124.2pt x 1096.095pt>

File: figs/fig_teacher_equity_lambda_diagnostics.jpg Graphic file (type jpg)
<use figs/fig_teacher_equity_lambda_diagnostics.jpg>
Package pdftex.def Info: figs/fig_teacher_equity_lambda_diagnostics.jpg  used o
n input line 553.
(pdftex.def)             Requested size: 373.62885pt x 364.28813pt.
 [18 <./figs/fig_teacher_bond_l1_paths.pdf>]
<figs/fig_teacher_bond_lambda_diagnostics.jpg, id=600, 1124.2pt x 1096.095pt>
File: figs/fig_teacher_bond_lambda_diagnostics.jpg Graphic file (type jpg)
<use figs/fig_teacher_bond_lambda_diagnostics.jpg>
Package pdftex.def Info: figs/fig_teacher_bond_lambda_diagnostics.jpg  used on 
input line 560.
(pdftex.def)             Requested size: 373.62885pt x 364.28813pt.
 [19 <./figs/fig_teacher_equity_lambda_diagnostics.jpg>]
<figs/fig_teacher_equity_majority_vote_scopes.pdf, id=608, 449.76028pt x 331.23
75pt>
File: figs/fig_teacher_equity_majority_vote_scopes.pdf Graphic file (type pdf)
<use figs/fig_teacher_equity_majority_vote_scopes.pdf>
Package pdftex.def Info: figs/fig_teacher_equity_majority_vote_scopes.pdf  used
 on input line 585.
(pdftex.def)             Requested size: 381.59117pt x 281.03261pt.

[20 <./figs/fig_teacher_bond_lambda_diagnostics.jpg>]
<figs/fig_teacher_bond_majority_vote_scopes.pdf, id=616, 449.76028pt x 331.2375
pt>
File: figs/fig_teacher_bond_majority_vote_scopes.pdf Graphic file (type pdf)
<use figs/fig_teacher_bond_majority_vote_scopes.pdf>
Package pdftex.def Info: figs/fig_teacher_bond_majority_vote_scopes.pdf  used o
n input line 592.
(pdftex.def)             Requested size: 381.59117pt x 281.03261pt.
 [21 <./figs/fig_teacher_equity_majority_vote_scopes.pdf> <./figs/fig_teacher_b
ond_majority_vote_scopes.pdf>] [22] [23

] [24]
<figs/fig_teacher_equity_features.pdf, id=648, 523.9575pt x 404.712pt>
File: figs/fig_teacher_equity_features.pdf Graphic file (type pdf)
<use figs/fig_teacher_equity_features.pdf>
Package pdftex.def Info: figs/fig_teacher_equity_features.pdf  used on input li
ne 737.
(pdftex.def)             Requested size: 381.59836pt x 294.75183pt.
<figs/fig_teacher_bond_features.pdf, id=649, 523.9575pt x 606.10443pt>
File: figs/fig_teacher_bond_features.pdf Graphic file (type pdf)
<use figs/fig_teacher_bond_features.pdf>
Package pdftex.def Info: figs/fig_teacher_bond_features.pdf  used on input line
 744.
(pdftex.def)             Requested size: 381.59836pt x 441.42598pt.
 [25

 <./figs/fig_teacher_equity_features.pdf>] [26 <./figs/fig_teacher_bond_feature
s.pdf>] [27]
<figs/COUPLED__vote_kappa.png, id=677, 855.6768pt x 504.80595pt>
File: figs/COUPLED__vote_kappa.png Graphic file (type png)
<use figs/COUPLED__vote_kappa.png>
Package pdftex.def Info: figs/COUPLED__vote_kappa.png  used on input line 849.
(pdftex.def)             Requested size: 397.485pt x 234.49356pt.
 [28 <./figs/COUPLED__vote_kappa.png>]
Overfull \hbox (34.62718pt too wide) in paragraph at lines 924--933
 [][] 
 []

[29]
<figs/COUPLED__feats_eq.png, id=703, 926.86275pt x 837.6093pt>
File: figs/COUPLED__feats_eq.png Graphic file (type png)
<use figs/COUPLED__feats_eq.png>
Package pdftex.def Info: figs/COUPLED__feats_eq.png  used on input line 1036.
(pdftex.def)             Requested size: 397.485pt x 359.2064pt.
 [30]
<figs/COUPLED__feats_bd.png, id=708, 926.86275pt x 837.6093pt>
File: figs/COUPLED__feats_bd.png Graphic file (type png)
<use figs/COUPLED__feats_bd.png>
Package pdftex.def Info: figs/COUPLED__feats_bd.png  used on input line 1044.
(pdftex.def)             Requested size: 397.485pt x 359.2064pt.
 [31 <./figs/COUPLED__feats_eq.png>]
<figs/COUPLED__member_raster.pdf, id=715, 999.57094pt x 568.99503pt>
File: figs/COUPLED__member_raster.pdf Graphic file (type pdf)
<use figs/COUPLED__member_raster.pdf>
Package pdftex.def Info: figs/COUPLED__member_raster.pdf  used on input line 10
52.
(pdftex.def)             Requested size: 397.485pt x 226.25693pt.
 [32 <./figs/COUPLED__feats_bd.png>]
<figs/COUPLED__majority_vote_scopes.pdf, id=724, 891.68803pt x 539.40811pt>
File: figs/COUPLED__majority_vote_scopes.pdf Graphic file (type pdf)
<use figs/COUPLED__majority_vote_scopes.pdf>
Package pdftex.def Info: figs/COUPLED__majority_vote_scopes.pdf  used on input 
line 1065.
(pdftex.def)             Requested size: 381.59517pt x 230.83806pt.
 [33 <./figs/COUPLED__member_raster.pdf> <./figs/COUPLED__majority_vote_scopes.
pdf>]
<figs/COUPLED__lambda_sweep_eq_l2.png, id=815, 1028.76344pt x 693.0693pt>
File: figs/COUPLED__lambda_sweep_eq_l2.png Graphic file (type png)
<use figs/COUPLED__lambda_sweep_eq_l2.png>
Package pdftex.def Info: figs/COUPLED__lambda_sweep_eq_l2.png  used on input li
ne 1085.
(pdftex.def)             Requested size: 397.485pt x 267.77899pt.
<figs/COUPLED__lambda_sweep_eq_l1.png, id=816, 1028.76344pt x 693.0693pt>
File: figs/COUPLED__lambda_sweep_eq_l1.png Graphic file (type png)
<use figs/COUPLED__lambda_sweep_eq_l1.png>
Package pdftex.def Info: figs/COUPLED__lambda_sweep_eq_l1.png  used on input li
ne 1092.
(pdftex.def)             Requested size: 397.485pt x 267.77899pt.
<figs/COUPLED__lambda_sweep_bd_l2.png, id=817, 1029.1248pt x 693.0693pt>
File: figs/COUPLED__lambda_sweep_bd_l2.png Graphic file (type png)
<use figs/COUPLED__lambda_sweep_bd_l2.png>
Package pdftex.def Info: figs/COUPLED__lambda_sweep_bd_l2.png  used on input li
ne 1098.
(pdftex.def)             Requested size: 397.485pt x 267.6944pt.
 [34 <./figs/COUPLED__lambda_sweep_eq_l2.png>]
<figs/COUPLED__lambda_sweep_bd_l1.png, id=826, 1029.1248pt x 693.0693pt>
File: figs/COUPLED__lambda_sweep_bd_l1.png Graphic file (type png)
<use figs/COUPLED__lambda_sweep_bd_l1.png>
Package pdftex.def Info: figs/COUPLED__lambda_sweep_bd_l1.png  used on input li
ne 1104.
(pdftex.def)             Requested size: 397.485pt x 267.6944pt.
<figs/COUPLED__lambda_diag.png, id=827, 1288.93546pt x 578.52135pt>
File: figs/COUPLED__lambda_diag.png Graphic file (type png)
<use figs/COUPLED__lambda_diag.png>
Package pdftex.def Info: figs/COUPLED__lambda_diag.png  used on input line 1110
.
(pdftex.def)             Requested size: 397.485pt x 178.40404pt.
 [35 <./figs/COUPLED__lambda_sweep_eq_l1.png> <./figs/COUPLED__lambda_sweep_bd_
l2.png>]
<figs/COUPLED__lambda_diag_eq.pdf, id=840, 1289.33047pt x 578.1448pt>
File: figs/COUPLED__lambda_diag_eq.pdf Graphic file (type pdf)
<use figs/COUPLED__lambda_diag_eq.pdf>
Package pdftex.def Info: figs/COUPLED__lambda_diag_eq.pdf  used on input line 1
125.
(pdftex.def)             Requested size: 381.58864pt x 171.10701pt.
 [36 <./figs/COUPLED__lambda_sweep_bd_l1.png> <./figs/COUPLED__lambda_diag.png>
]
<figs/COUPLED__lambda_diag_bd.pdf, id=850, 1289.50177pt x 578.1448pt>
File: figs/COUPLED__lambda_diag_bd.pdf Graphic file (type pdf)
<use figs/COUPLED__lambda_diag_bd.pdf>
Package pdftex.def Info: figs/COUPLED__lambda_diag_bd.pdf  used on input line 1
135.
(pdftex.def)             Requested size: 381.5803pt x 171.08054pt.
 [37 <./figs/COUPLED__lambda_diag_eq.pdf> <./figs/COUPLED__lambda_diag_bd.pdf>]
<figs/equity_prediction_probabilities.jpg, id=1023, 679.6665pt x 412.9245pt>
File: figs/equity_prediction_probabilities.jpg Graphic file (type jpg)
<use figs/equity_prediction_probabilities.jpg>
Package pdftex.def Info: figs/equity_prediction_probabilities.jpg  used on inpu
t line 1208.
(pdftex.def)             Requested size: 365.68547pt x 222.1694pt.
<figs/bond_prediction_probabilities.jpg, id=1024, 679.6665pt x 412.9245pt>
File: figs/bond_prediction_probabilities.jpg Graphic file (type jpg)
<use figs/bond_prediction_probabilities.jpg>
Package pdftex.def Info: figs/bond_prediction_probabilities.jpg  used on input 
line 1212.
(pdftex.def)             Requested size: 365.68547pt x 222.1694pt.
 [38]
<figs/feature_block_importance.jpg, id=1035, 751.608pt x 519.687pt>
File: figs/feature_block_importance.jpg Graphic file (type jpg)
<use figs/feature_block_importance.jpg>
Package pdftex.def Info: figs/feature_block_importance.jpg  used on input line 
1225.
(pdftex.def)             Requested size: 397.485pt x 274.83806pt.
 [39 <./figs/equity_prediction_probabilities.jpg> <./figs/bond_prediction_proba
bilities.jpg>]
<figs/individual_predictor_importance.jpg, id=1041, 926.0415pt x 682.623pt>
File: figs/individual_predictor_importance.jpg Graphic file (type jpg)
<use figs/individual_predictor_importance.jpg>
Package pdftex.def Info: figs/individual_predictor_importance.jpg  used on inpu
t line 1264.
(pdftex.def)             Requested size: 389.5336pt x 287.13718pt.
 [40 <./figs/feature_block_importance.jpg>] [41 <./figs/individual_predictor_im
portance.jpg>]
<figs/COUPLED__pred_probabilities.pdf, id=1058, 927.82303pt x 566.34958pt>
File: figs/COUPLED__pred_probabilities.pdf Graphic file (type pdf)
<use figs/COUPLED__pred_probabilities.pdf>
Package pdftex.def Info: figs/COUPLED__pred_probabilities.pdf  used on input li
ne 1335.
(pdftex.def)             Requested size: 397.485pt x 242.62682pt.
 [42]
<figs/COUPLED__feature_block_importance.pdf, id=1070, 1072.18597pt x 507.03113p
t>
File: figs/COUPLED__feature_block_importance.pdf Graphic file (type pdf)
<use figs/COUPLED__feature_block_importance.pdf>
Package pdftex.def Info: figs/COUPLED__feature_block_importance.pdf  used on in
put line 1345.
(pdftex.def)             Requested size: 397.485pt x 187.96994pt.
<figs/COUPLED__individual_predictor_importance.pdf, id=1071, 1144.60533pt x 507
.03113pt>
File: figs/COUPLED__individual_predictor_importance.pdf Graphic file (type pdf)

<use figs/COUPLED__individual_predictor_importance.pdf>
Package pdftex.def Info: figs/COUPLED__individual_predictor_importance.pdf  use
d on input line 1355.
(pdftex.def)             Requested size: 389.5336pt x 172.55077pt.
 [43 <./figs/COUPLED__pred_probabilities.pdf> <./figs/COUPLED__feature_block_im
portance.pdf>] [44 <./figs/COUPLED__individual_predictor_importance.pdf>] (tabs
/allocation_summary_focused.tex)
(tabs/allocation_selected_strategies_appendix.tex) [45]
<figs/allocation_mechanics_appendix.jpg, id=1244, 1004.553pt x 923.8515pt>
File: figs/allocation_mechanics_appendix.jpg Graphic file (type jpg)
<use figs/allocation_mechanics_appendix.jpg>
Package pdftex.def Info: figs/allocation_mechanics_appendix.jpg  used on input 
line 1501.
(pdftex.def)             Requested size: 397.485pt x 365.55875pt.
 [46 <./figs/allocation_mechanics_appendix.jpg>]
<figs/allocation_sweep_risk_aversion_high_return.jpg, id=1251, 968.418pt x 576.
2328pt>
File: figs/allocation_sweep_risk_aversion_high_return.jpg Graphic file (type jp
g)
<use figs/allocation_sweep_risk_aversion_high_return.jpg>
Package pdftex.def Info: figs/allocation_sweep_risk_aversion_high_return.jpg  u
sed on input line 1520.
(pdftex.def)             Requested size: 397.48248pt x 236.51196pt.
 (tabs/allocation_sweep_risk_aversion_high_return.tex)
<figs/allocation_sweep_risk_aversion_defensive.jpg, id=1253, 968.418pt x 576.23
28pt>
File: figs/allocation_sweep_risk_aversion_defensive.jpg Graphic file (type jpg)

<use figs/allocation_sweep_risk_aversion_defensive.jpg>
Package pdftex.def Info: figs/allocation_sweep_risk_aversion_defensive.jpg  use
d on input line 1533.
(pdftex.def)             Requested size: 397.48248pt x 236.51196pt.

(tabs/allocation_sweep_risk_aversion_defensive.tex [47 <./figs/allocation_sweep
_risk_aversion_high_return.jpg>])
<figs/allocation_sweep_risk_aversion_low_turnover.jpg, id=1261, 968.418pt x 576
.2328pt>
File: figs/allocation_sweep_risk_aversion_low_turnover.jpg Graphic file (type j
pg)
<use figs/allocation_sweep_risk_aversion_low_turnover.jpg>
Package pdftex.def Info: figs/allocation_sweep_risk_aversion_low_turnover.jpg  
used on input line 1546.
(pdftex.def)             Requested size: 397.48248pt x 236.51196pt.

(tabs/allocation_sweep_risk_aversion_low_turnover.tex [48 <./figs/allocation_sw
eep_risk_aversion_defensive.jpg>])
<figs/allocation_sweep_smoothing_high_return.jpg, id=1269, 968.418pt x 576.2328
pt>
File: figs/allocation_sweep_smoothing_high_return.jpg Graphic file (type jpg)
<use figs/allocation_sweep_smoothing_high_return.jpg>
Package pdftex.def Info: figs/allocation_sweep_smoothing_high_return.jpg  used 
on input line 1559.
(pdftex.def)             Requested size: 397.48248pt x 236.51196pt.

(tabs/allocation_sweep_smoothing_high_return.tex [49 <./figs/allocation_sweep_r
isk_aversion_low_turnover.jpg>])
<figs/allocation_sweep_smoothing_defensive.jpg, id=1278, 968.418pt x 576.2328pt
>
File: figs/allocation_sweep_smoothing_defensive.jpg Graphic file (type jpg)
<use figs/allocation_sweep_smoothing_defensive.jpg>
Package pdftex.def Info: figs/allocation_sweep_smoothing_defensive.jpg  used on
 input line 1572.
(pdftex.def)             Requested size: 397.48248pt x 236.51196pt.
 (tabs/allocation_sweep_smoothing_defensive.tex [50 <./figs/allocation_sweep_sm
oothing_high_return.jpg>])
<figs/allocation_sweep_smoothing_low_turnover.jpg, id=1286, 968.418pt x 576.232
8pt>
File: figs/allocation_sweep_smoothing_low_turnover.jpg Graphic file (type jpg)
<use figs/allocation_sweep_smoothing_low_turnover.jpg>
Package pdftex.def Info: figs/allocation_sweep_smoothing_low_turnover.jpg  used
 on input line 1585.
(pdftex.def)             Requested size: 397.48248pt x 236.51196pt.

(tabs/allocation_sweep_smoothing_low_turnover.tex [51 <./figs/allocation_sweep_
smoothing_defensive.jpg>])
<figs/allocation_sweep_turnover_penalty_high_return.jpg, id=1294, 968.418pt x 5
76.2328pt>
File: figs/allocation_sweep_turnover_penalty_high_return.jpg Graphic file (type
 jpg)
<use figs/allocation_sweep_turnover_penalty_high_return.jpg>
Package pdftex.def Info: figs/allocation_sweep_turnover_penalty_high_return.jpg
  used on input line 1598.
(pdftex.def)             Requested size: 397.48248pt x 236.51196pt.

(tabs/allocation_sweep_turnover_penalty_high_return.tex [52 <./figs/allocation_
sweep_smoothing_low_turnover.jpg>])
<figs/allocation_sweep_turnover_penalty_defensive.jpg, id=1302, 968.418pt x 576
.2328pt>
File: figs/allocation_sweep_turnover_penalty_defensive.jpg Graphic file (type j
pg)
<use figs/allocation_sweep_turnover_penalty_defensive.jpg>
Package pdftex.def Info: figs/allocation_sweep_turnover_penalty_defensive.jpg  
used on input line 1611.
(pdftex.def)             Requested size: 397.48248pt x 236.51196pt.

(tabs/allocation_sweep_turnover_penalty_defensive.tex [53 <./figs/allocation_sw
eep_turnover_penalty_high_return.jpg>])
<figs/allocation_sweep_turnover_penalty_low_turnover.jpg, id=1310, 968.418pt x 
576.2328pt>
File: figs/allocation_sweep_turnover_penalty_low_turnover.jpg Graphic file (typ
e jpg)
<use figs/allocation_sweep_turnover_penalty_low_turnover.jpg>
Package pdftex.def Info: figs/allocation_sweep_turnover_penalty_low_turnover.jp
g  used on input line 1624.
(pdftex.def)             Requested size: 397.48248pt x 236.51196pt.

(tabs/allocation_sweep_turnover_penalty_low_turnover.tex [54 <./figs/allocation
_sweep_turnover_penalty_defensive.jpg>])
(tabs/allocation_sweep_cost_turnover_controlled.tex) [55 <./figs/allocation_swe
ep_turnover_penalty_low_turnover.jpg>]
<figs/allocation_sweep_moment_shrinkage_high_return.jpg, id=1326, 968.418pt x 7
49.6808pt>
File: figs/allocation_sweep_moment_shrinkage_high_return.jpg Graphic file (type
 jpg)
<use figs/allocation_sweep_moment_shrinkage_high_return.jpg>
Package pdftex.def Info: figs/allocation_sweep_moment_shrinkage_high_return.jpg
  used on input line 1640.
(pdftex.def)             Requested size: 397.48248pt x 307.70285pt.

(tabs/allocation_sweep_moment_shrinkage_high_return.tex
Overfull \vbox (12.15057pt too high) has occurred while \output is active []


[56 <./figs/allocation_sweep_moment_shrinkage_high_return.jpg>])
<figs/allocation_sweep_moment_shrinkage_defensive.jpg, id=1334, 968.418pt x 749
.6808pt>
File: figs/allocation_sweep_moment_shrinkage_defensive.jpg Graphic file (type j
pg)
<use figs/allocation_sweep_moment_shrinkage_defensive.jpg>
Package pdftex.def Info: figs/allocation_sweep_moment_shrinkage_defensive.jpg  
used on input line 1653.
(pdftex.def)             Requested size: 397.48248pt x 307.70285pt.

(tabs/allocation_sweep_moment_shrinkage_defensive.tex) [57 <./figs/allocation_s
weep_moment_shrinkage_defensive.jpg>]
<figs/allocation_sweep_moment_shrinkage_low_turnover.jpg, id=1342, 968.418pt x 
749.6808pt>
File: figs/allocation_sweep_moment_shrinkage_low_turnover.jpg Graphic file (typ
e jpg)
<use figs/allocation_sweep_moment_shrinkage_low_turnover.jpg>
Package pdftex.def Info: figs/allocation_sweep_moment_shrinkage_low_turnover.jp
g  used on input line 1666.
(pdftex.def)             Requested size: 397.48248pt x 307.70285pt.

(tabs/allocation_sweep_moment_shrinkage_low_turnover.tex) [58 <./figs/allocatio
n_sweep_moment_shrinkage_low_turnover.jpg>]
Underfull \hbox (badness 6173) in paragraph at lines 1697--1697
[]|\T1/cmr/m/n/9 Equity return--Sortino fea-
 []


Underfull \hbox (badness 10000) in paragraph at lines 1697--1697
[]|\T1/cmr/m/n/9 Final re-ported
 []


Underfull \hbox (badness 10000) in paragraph at lines 1697--1697
\T1/cmr/m/n/9 fea-ture blocks
 []


Underfull \hbox (badness 6332) in paragraph at lines 1697--1697
\T1/cmr/m/n/9 dent pre-dic-tion
 []


Overfull \hbox (7.37164pt too wide) in paragraph at lines 1697--1698
[]|\T1/cmr/m/n/9 Volatility/downside
 []


Underfull \hbox (badness 10000) in paragraph at lines 1698--1698
[]|\T1/cmr/m/n/9 Teacher jump
 []


Underfull \hbox (badness 3354) in paragraph at lines 1698--1698
[]|\T1/cmr/m/n/9 Separate eq-uity and bond
 []


Underfull \hbox (badness 4492) in paragraph at lines 1698--1698
[]|\T1/cmr/m/n/9 Grid fixed be-
 []


Underfull \hbox (badness 10000) in paragraph at lines 1698--1698
\T1/cmr/m/n/9 fit-ted teacher
 []


Underfull \hbox (badness 3417) in paragraph at lines 1698--1699
[]|\T1/cmr/m/n/9 Path per-sis-tence
 []


Underfull \hbox (badness 10000) in paragraph at lines 1698--1699
\T1/cmr/m/n/9 and feature-
 []


Underfull \hbox (badness 10000) in paragraph at lines 1698--1699
\T1/cmr/m/n/9 separation plots
 []


Underfull \hbox (badness 10000) in paragraph at lines 1699--1699
\T1/cmr/m/n/9 i-lies fixed as
 []


Underfull \hbox (badness 10000) in paragraph at lines 1699--1699
\T1/cmr/m/n/9 teacher can-di-
 []


Underfull \hbox (badness 2189) in paragraph at lines 1699--1699
[]|\T1/cmr/m/n/9 Final la-bel uses
 []


Underfull \hbox (badness 10000) in paragraph at lines 1700--1700
[]|\T1/cmr/m/n/9 Teacher ma-jor-ity
 []


Underfull \hbox (badness 10000) in paragraph at lines 1700--1700
\T1/cmr/m/n/9 be-fore stu-dent
 []


Underfull \hbox (badness 10000) in paragraph at lines 1700--1701
[]|\T1/cmr/m/n/9 Vote-scope fig-
 []


Underfull \hbox (badness 10000) in paragraph at lines 1700--1701
\T1/cmr/m/n/9 ures re-port
 []


Underfull \hbox (badness 10000) in paragraph at lines 1700--1701
\T1/cmr/m/n/9 candidate-path
 []


Underfull \hbox (badness 10000) in paragraph at lines 1701--1701
[]|\T1/cmr/m/n/9 Student pre-dic-tor
 []


Underfull \hbox (badness 10000) in paragraph at lines 1701--1701
[]|\T1/cmr/m/n/9 Transformations
 []


Underfull \hbox (badness 10000) in paragraph at lines 1701--1701
\T1/cmr/m/n/9 fixed be-fore
 []


Underfull \hbox (badness 10000) in paragraph at lines 1701--1701
[]|\T1/cmr/m/n/9 Predictor-set
 []


Underfull \hbox (badness 10000) in paragraph at lines 1701--1701
\T1/cmr/m/n/9 com-par-i-son re-
 []


Underfull \hbox (badness 10000) in paragraph at lines 1701--1701
\T1/cmr/m/n/9 ported out of
 []


Underfull \hbox (badness 10000) in paragraph at lines 1701--1702
[]|\T1/cmr/m/n/9 Feature-
 []


Underfull \hbox (badness 10000) in paragraph at lines 1701--1702
\T1/cmr/m/n/9 importance
 []


Underfull \hbox (badness 1028) in paragraph at lines 1701--1702
\T1/cmr/m/n/9 fig-ures are di-ag-
 []


Underfull \hbox (badness 10000) in paragraph at lines 1702--1702
[]|\T1/cmr/m/n/9 Model classes
 []


Underfull \hbox (badness 10000) in paragraph at lines 1702--1702
\T1/cmr/m/n/9 fixed be-fore
 []


Underfull \hbox (badness 10000) in paragraph at lines 1702--1702
[]|\T1/cmr/m/n/9 Hyperparameters
 []


Underfull \hbox (badness 10000) in paragraph at lines 1702--1702
\T1/cmr/m/n/9 se-lected within
 []


Underfull \hbox (badness 10000) in paragraph at lines 1702--1703
[]|\T1/cmr/m/n/9 Model-frequency
 []


Underfull \hbox (badness 10000) in paragraph at lines 1702--1703
\T1/cmr/m/n/9 ta-ble re-ports
 []


Underfull \hbox (badness 3396) in paragraph at lines 1703--1703
[]|\T1/cmr/m/n/9 Student val-i-da-tion
 []


Underfull \hbox (badness 10000) in paragraph at lines 1703--1703
[]|\T1/cmr/m/n/9 AUC, bal-anced ac-cu-racy,
 []


Underfull \hbox (badness 2393) in paragraph at lines 1703--1703
\T1/cmr/m/n/9 Brier score, log loss, and
 []


Underfull \hbox (badness 10000) in paragraph at lines 1703--1703
\T1/cmr/m/n/9 allocation-relevant di-ag-nos-
 []


Underfull \hbox (badness 10000) in paragraph at lines 1703--1703
[]|\T1/cmr/m/n/9 Best re-ported
 []


Underfull \hbox (badness 10000) in paragraph at lines 1703--1703
\T1/cmr/m/n/9 spec-i-fi-ca-tions
 []


Underfull \hbox (badness 10000) in paragraph at lines 1703--1703
\T1/cmr/m/n/9 se-lected from
 []


Underfull \hbox (badness 10000) in paragraph at lines 1704--1704
[]|\T1/cmr/m/n/9 Asset uni-verse
 []


Underfull \hbox (badness 10000) in paragraph at lines 1704--1704
\T1/cmr/m/n/9 and al-lo-ca-tion
 []


Underfull \hbox (badness 10000) in paragraph at lines 1704--1704
\T1/cmr/m/n/9 ob-jec-tive fixed
 []


Underfull \hbox (badness 10000) in paragraph at lines 1704--1704
\T1/cmr/m/n/9 be-fore grid
 []


Underfull \hbox (badness 10000) in paragraph at lines 1704--1704
[]|\T1/cmr/m/n/9 Candidate grid
 []


Underfull \hbox (badness 1694) in paragraph at lines 1704--1704
\T1/cmr/m/n/9 varies risk aver-
 []


Underfull \hbox (badness 10000) in paragraph at lines 1704--1704
\T1/cmr/m/n/9 sion, turnover
 []


Underfull \hbox (badness 10000) in paragraph at lines 1704--1704
\T1/cmr/m/n/9 penalty, trans-
 []


Underfull \hbox (badness 10000) in paragraph at lines 1704--1704
\T1/cmr/m/n/9 ac-tion cost,
 []


Underfull \hbox (badness 10000) in paragraph at lines 1704--1704
\T1/cmr/m/n/9 and prob-a-bil-ity
 []


Underfull \hbox (badness 10000) in paragraph at lines 1704--1705
[]|\T1/cmr/m/n/9 Parameter-
 []


Underfull \hbox (badness 10000) in paragraph at lines 1704--1705
\T1/cmr/m/n/9 sensitivity ap-
 []


Underfull \hbox (badness 10000) in paragraph at lines 1704--1705
\T1/cmr/m/n/9 pendix re-ports
 []


Underfull \hbox (badness 2126) in paragraph at lines 1705--1705
[]|\T1/cmr/m/n/9 Values from the al-lo-ca-tion
 []


Underfull \hbox (badness 10000) in paragraph at lines 1705--1705
[]|\T1/cmr/m/n/9 Representative
 []


Underfull \hbox (badness 10000) in paragraph at lines 1705--1706
[]|\T1/cmr/m/n/9 Risk-aversion
 []


Underfull \hbox (badness 10000) in paragraph at lines 1705--1706
\T1/cmr/m/n/9 sweeps re-ported
 []


Underfull \hbox (badness 10000) in paragraph at lines 1706--1706
[]|\T1/cmr/m/n/9 One-way transaction-cost
 []


Underfull \hbox (badness 10000) in paragraph at lines 1706--1706
[]|\T1/cmr/m/n/9 Headline in-de-
 []


Underfull \hbox (badness 10000) in paragraph at lines 1706--1707
[]|\T1/cmr/m/n/9 Cost and
 []


Underfull \hbox (badness 10000) in paragraph at lines 1706--1707
\T1/cmr/m/n/9 turnover-penalty
 []


Underfull \hbox (badness 10000) in paragraph at lines 1706--1707
\T1/cmr/m/n/9 sen-si-tiv-ity re-
 []


Underfull \hbox (badness 10000) in paragraph at lines 1706--1707
\T1/cmr/m/n/9 ported in ap-
 []


Underfull \hbox (badness 10000) in paragraph at lines 1707--1707
[]|\T1/cmr/m/n/9 Representative
 []


Underfull \hbox (badness 10000) in paragraph at lines 1707--1707
\T1/cmr/m/n/9 rows use role-
 []


Underfull \hbox (badness 10000) in paragraph at lines 1707--1707
\T1/cmr/m/n/9 specific penalty
 []


Underfull \hbox (badness 10000) in paragraph at lines 1707--1708
[]|\T1/cmr/m/n/9 Turnover-penalty
 []


Underfull \hbox (badness 10000) in paragraph at lines 1707--1708
\T1/cmr/m/n/9 sweeps re-ported
 []


Underfull \hbox (badness 1354) in paragraph at lines 1708--1708
[]|\T1/cmr/m/n/9 High-return, de-fen-sive, and
 []


Underfull \hbox (badness 10000) in paragraph at lines 1708--1708
\T1/cmr/m/n/9 low-turnover rep-re-sen-ta-tive
 []


Underfull \hbox (badness 2744) in paragraph at lines 1708--1708
[]|\T1/cmr/m/n/9 Roles fixed for
 []


Underfull \hbox (badness 10000) in paragraph at lines 1708--1708
[]|\T1/cmr/m/n/9 Rows se-lected
 []


Underfull \hbox (badness 1527) in paragraph at lines 1708--1708
\T1/cmr/m/n/9 as rep-re-sen-ta-tive
 []


Underfull \hbox (badness 2521) in paragraph at lines 1708--1708
\T1/cmr/m/n/9 points from the
 []

[59]
Overfull \vbox (14.86797pt too high) has occurred while \output is active []


[60]
<figs/COUPLED__alloc_mechanics_appendix.pdf, id=1364, 1142.61989pt x 872.71732p
t>
File: figs/COUPLED__alloc_mechanics_appendix.pdf Graphic file (type pdf)
<use figs/COUPLED__alloc_mechanics_appendix.pdf>
Package pdftex.def Info: figs/COUPLED__alloc_mechanics_appendix.pdf  used on in
put line 1782.
(pdftex.def)             Requested size: 397.485pt x 303.59132pt.
 [61]
<figs/COUPLED__sweep_gamma_logit.pdf, id=1371, 1072.42601pt x 565.00453pt>
File: figs/COUPLED__sweep_gamma_logit.pdf Graphic file (type pdf)
<use figs/COUPLED__sweep_gamma_logit.pdf>
Package pdftex.def Info: figs/COUPLED__sweep_gamma_logit.pdf  used on input lin
e 1791.
(pdftex.def)             Requested size: 397.485pt x 209.41049pt.
<figs/COUPLED__sweep_gamma_rf.pdf, id=1372, 1072.42601pt x 565.00453pt>
File: figs/COUPLED__sweep_gamma_rf.pdf Graphic file (type pdf)
<use figs/COUPLED__sweep_gamma_rf.pdf>
Package pdftex.def Info: figs/COUPLED__sweep_gamma_rf.pdf  used on input line 1
798.
(pdftex.def)             Requested size: 397.485pt x 209.41049pt.
<figs/COUPLED__sweep_tp_logit.pdf, id=1373, 1072.42601pt x 731.22557pt>
File: figs/COUPLED__sweep_tp_logit.pdf Graphic file (type pdf)
<use figs/COUPLED__sweep_tp_logit.pdf>
Package pdftex.def Info: figs/COUPLED__sweep_tp_logit.pdf  used on input line 1
804.
(pdftex.def)             Requested size: 397.485pt x 271.01784pt.
 [62 <./figs/COUPLED__alloc_mechanics_appendix.pdf> <./figs/COUPLED__sweep_gamm
a_logit.pdf>]
<figs/COUPLED__sweep_tp_rf.pdf, id=1493, 1072.42601pt x 731.22557pt>
File: figs/COUPLED__sweep_tp_rf.pdf Graphic file (type pdf)
<use figs/COUPLED__sweep_tp_rf.pdf>
Package pdftex.def Info: figs/COUPLED__sweep_tp_rf.pdf  used on input line 1811
.
(pdftex.def)             Requested size: 397.485pt x 271.01784pt.
 [63 <./figs/COUPLED__sweep_gamma_rf.pdf> <./figs/COUPLED__sweep_tp_logit.pdf>]
 [64 <./figs/COUPLED__sweep_tp_rf.pdf>]
<figs/COUPLED__allocation_sweep_risk_aversion_high_return.pdf, id=1672, 960.900
34pt x 566.41115pt>
File: figs/COUPLED__allocation_sweep_risk_aversion_high_return.pdf Graphic file
 (type pdf)
<use figs/COUPLED__allocation_sweep_risk_aversion_high_return.pdf>
Package pdftex.def Info: figs/COUPLED__allocation_sweep_risk_aversion_high_retu
rn.pdf  used on input line 1877.
(pdftex.def)             Requested size: 397.49062pt x 234.30432pt.
<figs/COUPLED__allocation_sweep_risk_aversion_defensive.pdf, id=1673, 960.90034
pt x 566.41115pt>
File: figs/COUPLED__allocation_sweep_risk_aversion_defensive.pdf Graphic file (
type pdf)
<use figs/COUPLED__allocation_sweep_risk_aversion_defensive.pdf>
Package pdftex.def Info: figs/COUPLED__allocation_sweep_risk_aversion_defensive
.pdf  used on input line 1883.
(pdftex.def)             Requested size: 397.49062pt x 234.30432pt.
<figs/COUPLED__allocation_sweep_risk_aversion_low_turnover.pdf, id=1674, 960.90
034pt x 566.41115pt>
File: figs/COUPLED__allocation_sweep_risk_aversion_low_turnover.pdf Graphic fil
e (type pdf)
<use figs/COUPLED__allocation_sweep_risk_aversion_low_turnover.pdf>
Package pdftex.def Info: figs/COUPLED__allocation_sweep_risk_aversion_low_turno
ver.pdf  used on input line 1889.
(pdftex.def)             Requested size: 397.49062pt x 234.30432pt.
 [65 <./figs/COUPLED__allocation_sweep_risk_aversion_high_return.pdf>]
<figs/COUPLED__allocation_sweep_smoothing_high_return.pdf, id=1725, 960.90034pt
 x 566.41115pt>
File: figs/COUPLED__allocation_sweep_smoothing_high_return.pdf Graphic file (ty
pe pdf)
<use figs/COUPLED__allocation_sweep_smoothing_high_return.pdf>
Package pdftex.def Info: figs/COUPLED__allocation_sweep_smoothing_high_return.p
df  used on input line 1895.
(pdftex.def)             Requested size: 397.49062pt x 234.30432pt.
<figs/COUPLED__allocation_sweep_smoothing_defensive.pdf, id=1726, 960.90034pt x
 566.41115pt>
File: figs/COUPLED__allocation_sweep_smoothing_defensive.pdf Graphic file (type
 pdf)
<use figs/COUPLED__allocation_sweep_smoothing_defensive.pdf>
Package pdftex.def Info: figs/COUPLED__allocation_sweep_smoothing_defensive.pdf
  used on input line 1901.
(pdftex.def)             Requested size: 397.49062pt x 234.30432pt.
 [66 <./figs/COUPLED__allocation_sweep_risk_aversion_defensive.pdf> <./figs/COU
PLED__allocation_sweep_risk_aversion_low_turnover.pdf>]
<figs/COUPLED__allocation_sweep_smoothing_low_turnover.pdf, id=1827, 960.90034p
t x 566.41115pt>
File: figs/COUPLED__allocation_sweep_smoothing_low_turnover.pdf Graphic file (t
ype pdf)
<use figs/COUPLED__allocation_sweep_smoothing_low_turnover.pdf>
Package pdftex.def Info: figs/COUPLED__allocation_sweep_smoothing_low_turnover.
pdf  used on input line 1907.
(pdftex.def)             Requested size: 397.49062pt x 234.30432pt.
<figs/COUPLED__allocation_sweep_turnover_penalty_high_return.pdf, id=1828, 960.
90034pt x 566.41115pt>
File: figs/COUPLED__allocation_sweep_turnover_penalty_high_return.pdf Graphic f
ile (type pdf)
<use figs/COUPLED__allocation_sweep_turnover_penalty_high_return.pdf>
Package pdftex.def Info: figs/COUPLED__allocation_sweep_turnover_penalty_high_r
eturn.pdf  used on input line 1913.
(pdftex.def)             Requested size: 397.49062pt x 234.30432pt.
 [67 <./figs/COUPLED__allocation_sweep_smoothing_high_return.pdf> <./figs/COUPL
ED__allocation_sweep_smoothing_defensive.pdf>]
<figs/COUPLED__allocation_sweep_turnover_penalty_defensive.pdf, id=1930, 960.90
034pt x 566.41115pt>
File: figs/COUPLED__allocation_sweep_turnover_penalty_defensive.pdf Graphic fil
e (type pdf)
<use figs/COUPLED__allocation_sweep_turnover_penalty_defensive.pdf>
Package pdftex.def Info: figs/COUPLED__allocation_sweep_turnover_penalty_defens
ive.pdf  used on input line 1919.
(pdftex.def)             Requested size: 397.49062pt x 234.30432pt.
<figs/COUPLED__allocation_sweep_turnover_penalty_low_turnover.pdf, id=1931, 960
.90034pt x 566.41115pt>
File: figs/COUPLED__allocation_sweep_turnover_penalty_low_turnover.pdf Graphic 
file (type pdf)
<use figs/COUPLED__allocation_sweep_turnover_penalty_low_turnover.pdf>
Package pdftex.def Info: figs/COUPLED__allocation_sweep_turnover_penalty_low_tu
rnover.pdf  used on input line 1925.
(pdftex.def)             Requested size: 397.49062pt x 234.30432pt.

[68 <./figs/COUPLED__allocation_sweep_smoothing_low_turnover.pdf> <./figs/COUPL
ED__allocation_sweep_turnover_penalty_high_return.pdf>]
<figs/COUPLED__allocation_sweep_moment_shrinkage_high_return.pdf, id=2031, 960.
90034pt x 739.85913pt>
File: figs/COUPLED__allocation_sweep_moment_shrinkage_high_return.pdf Graphic f
ile (type pdf)
<use figs/COUPLED__allocation_sweep_moment_shrinkage_high_return.pdf>
Package pdftex.def Info: figs/COUPLED__allocation_sweep_moment_shrinkage_high_r
eturn.pdf  used on input line 1931.
(pdftex.def)             Requested size: 397.49062pt x 306.05365pt.
<figs/COUPLED__allocation_sweep_moment_shrinkage_defensive.pdf, id=2032, 960.90
034pt x 739.85913pt>
File: figs/COUPLED__allocation_sweep_moment_shrinkage_defensive.pdf Graphic fil
e (type pdf)
<use figs/COUPLED__allocation_sweep_moment_shrinkage_defensive.pdf>
Package pdftex.def Info: figs/COUPLED__allocation_sweep_moment_shrinkage_defens
ive.pdf  used on input line 1937.
(pdftex.def)             Requested size: 397.49062pt x 306.05365pt.
 [69 <./figs/COUPLED__allocation_sweep_turnover_penalty_defensive.pdf> <./figs/
COUPLED__allocation_sweep_turnover_penalty_low_turnover.pdf>]
<figs/COUPLED__allocation_sweep_moment_shrinkage_low_turnover.pdf, id=2134, 960
.90034pt x 739.85913pt>
File: figs/COUPLED__allocation_sweep_moment_shrinkage_low_turnover.pdf Graphic 
file (type pdf)
<use figs/COUPLED__allocation_sweep_moment_shrinkage_low_turnover.pdf>
Package pdftex.def Info: figs/COUPLED__allocation_sweep_moment_shrinkage_low_tu
rnover.pdf  used on input line 1943.
(pdftex.def)             Requested size: 397.49062pt x 306.05365pt.
 [70 <./figs/COUPLED__allocation_sweep_moment_shrinkage_high_return.pdf>] [71 <
./figs/COUPLED__allocation_sweep_moment_shrinkage_defensive.pdf>]
Underfull \hbox (badness 2359) in paragraph at lines 1969--1969
\T1/cmr/m/n/9 based fea-tures feed-ing one
 []


Underfull \hbox (badness 10000) in paragraph at lines 1969--1969
[]|\T1/cmr/m/n/9 Final re-ported
 []


Underfull \hbox (badness 10000) in paragraph at lines 1969--1969
\T1/cmr/m/n/9 fea-ture blocks
 []


Underfull \hbox (badness 6332) in paragraph at lines 1969--1969
\T1/cmr/m/n/9 dent pre-dic-tion
 []


Underfull \hbox (badness 10000) in paragraph at lines 1969--1970
[]|\T1/cmr/m/n/9 Per-leg feature-
 []


Underfull \hbox (badness 10000) in paragraph at lines 1969--1970
\T1/cmr/m/n/9 separation sum-
 []


Underfull \hbox (badness 1867) in paragraph at lines 1970--1970
[]|\T1/cmr/m/n/9 Three joint regimes (calm,
 []


Underfull \hbox (badness 10000) in paragraph at lines 1970--1970
\T1/cmr/m/n/9 struc-ture fixed
 []


Underfull \hbox (badness 10000) in paragraph at lines 1970--1970
\T1/cmr/m/n/9 be-fore es-ti-ma-
 []


Underfull \hbox (badness 7326) in paragraph at lines 1970--1971
\T1/cmr/m/n/9 nomics re-ported
 []


Underfull \hbox (badness 10000) in paragraph at lines 1971--1971
[]|\T1/cmr/m/n/9 Teacher jump
 []


Underfull \hbox (badness 1748) in paragraph at lines 1971--1971
\T1/cmr/m/n/9 with cou-pling pa-ram-e-ter $\OML/cmm/m/it/9 ^^Q$
 []


Underfull \hbox (badness 4492) in paragraph at lines 1971--1971
[]|\T1/cmr/m/n/9 Grid fixed be-
 []


Underfull \hbox (badness 10000) in paragraph at lines 1971--1971
\T1/cmr/m/n/9 fit-ted teacher
 []


Underfull \hbox (badness 10000) in paragraph at lines 1971--1972
[]|\T1/cmr/m/n/9 Jump-penalty
 []


Underfull \hbox (badness 10000) in paragraph at lines 1971--1972
\T1/cmr/m/n/9 di-ag-nos-tics re-
 []


Underfull \hbox (badness 2680) in paragraph at lines 1971--1972
\T1/cmr/m/n/9 ported across $\OML/cmm/m/it/9 ^^U$
 []


Underfull \hbox (badness 10000) in paragraph at lines 1972--1972
\T1/cmr/m/n/9 i-lies fixed as
 []


Underfull \hbox (badness 10000) in paragraph at lines 1972--1972
\T1/cmr/m/n/9 teacher can-di-
 []


Underfull \hbox (badness 2189) in paragraph at lines 1972--1972
[]|\T1/cmr/m/n/9 Final la-bel uses
 []


Underfull \hbox (badness 10000) in paragraph at lines 1973--1973
[]|\T1/cmr/m/n/9 Teacher en-sem-ble
 []


Underfull \hbox (badness 10000) in paragraph at lines 1973--1973
\T1/cmr/m/n/9 be-fore stu-dent
 []


Underfull \hbox (badness 10000) in paragraph at lines 1973--1974
[]|\T1/cmr/m/n/9 Member raster
 []


Underfull \hbox (badness 10000) in paragraph at lines 1973--1974
\T1/cmr/m/n/9 and vote-scope
 []


Underfull \hbox (badness 10000) in paragraph at lines 1973--1974
\T1/cmr/m/n/9 fig-ures re-port
 []


Underfull \hbox (badness 10000) in paragraph at lines 1973--1974
\T1/cmr/m/n/9 candidate-path
 []


Underfull \hbox (badness 10000) in paragraph at lines 1974--1974
[]|\T1/cmr/m/n/9 Student pre-dic-tor
 []


Underfull \hbox (badness 1755) in paragraph at lines 1974--1974
\T1/cmr/m/n/9 dic-tors for the next-month
 []


Underfull \hbox (badness 10000) in paragraph at lines 1974--1974
[]|\T1/cmr/m/n/9 Transformations
 []


Underfull \hbox (badness 10000) in paragraph at lines 1974--1974
\T1/cmr/m/n/9 fixed be-fore
 []


Underfull \hbox (badness 10000) in paragraph at lines 1974--1974
[]|\T1/cmr/m/n/9 Single re-ported
 []


Underfull \hbox (badness 10000) in paragraph at lines 1974--1974
\T1/cmr/m/n/9 pre-dic-tor de-sign
 []


Underfull \hbox (badness 10000) in paragraph at lines 1974--1975
[]|\T1/cmr/m/n/9 Individual-
 []


Underfull \hbox (badness 3302) in paragraph at lines 1974--1975
\T1/cmr/m/n/9 predictor im-por-
 []


Underfull \hbox (badness 10000) in paragraph at lines 1975--1975
[]|\T1/cmr/m/n/9 Model classes
 []


Underfull \hbox (badness 10000) in paragraph at lines 1975--1975
\T1/cmr/m/n/9 fixed be-fore
 []


Underfull \hbox (badness 10000) in paragraph at lines 1975--1975
[]|\T1/cmr/m/n/9 Hyperparameters
 []


Underfull \hbox (badness 10000) in paragraph at lines 1975--1975
\T1/cmr/m/n/9 se-lected within
 []


Underfull \hbox (badness 10000) in paragraph at lines 1975--1976
[]|\T1/cmr/m/n/9 Most-frequent-
 []


Underfull \hbox (badness 10000) in paragraph at lines 1975--1976
\T1/cmr/m/n/9 specification
 []


Underfull \hbox (badness 10000) in paragraph at lines 1975--1976
\T1/cmr/m/n/9 ta-ble re-ports
 []


Underfull \hbox (badness 3396) in paragraph at lines 1976--1976
[]|\T1/cmr/m/n/9 Student val-i-da-tion
 []


Underfull \hbox (badness 5288) in paragraph at lines 1976--1976
\T1/cmr/m/n/9 anced ac-cu-racy, mul-ti-class
 []


Underfull \hbox (badness 10000) in paragraph at lines 1976--1976
[]|\T1/cmr/m/n/9 Best re-ported
 []


Underfull \hbox (badness 10000) in paragraph at lines 1976--1976
\T1/cmr/m/n/9 spec-i-fi-ca-tions
 []


Underfull \hbox (badness 10000) in paragraph at lines 1976--1976
\T1/cmr/m/n/9 se-lected from
 []


Underfull \hbox (badness 10000) in paragraph at lines 1976--1977
[]|\T1/cmr/m/n/9 Full three-class
 []


Underfull \hbox (badness 10000) in paragraph at lines 1976--1977
\T1/cmr/m/n/9 pre-dic-tion di-ag-
 []


Underfull \hbox (badness 7256) in paragraph at lines 1976--1977
\T1/cmr/m/n/9 nos-tics kept in
 []


Underfull \hbox (badness 10000) in paragraph at lines 1977--1977
[]|\T1/cmr/m/n/9 Asset uni-verse
 []


Underfull \hbox (badness 10000) in paragraph at lines 1977--1977
\T1/cmr/m/n/9 and al-lo-ca-tion
 []


Underfull \hbox (badness 10000) in paragraph at lines 1977--1977
\T1/cmr/m/n/9 ob-jec-tive fixed
 []


Underfull \hbox (badness 10000) in paragraph at lines 1977--1977
\T1/cmr/m/n/9 be-fore grid
 []


Underfull \hbox (badness 10000) in paragraph at lines 1977--1977
[]|\T1/cmr/m/n/9 Candidate grid
 []


Underfull \hbox (badness 1694) in paragraph at lines 1977--1977
\T1/cmr/m/n/9 varies risk aver-
 []


Underfull \hbox (badness 10000) in paragraph at lines 1977--1977
\T1/cmr/m/n/9 sion, turnover
 []


Underfull \hbox (badness 10000) in paragraph at lines 1977--1977
\T1/cmr/m/n/9 penalty, trans-
 []


Underfull \hbox (badness 10000) in paragraph at lines 1977--1977
\T1/cmr/m/n/9 ac-tion cost,
 []


Underfull \hbox (badness 10000) in paragraph at lines 1977--1977
\T1/cmr/m/n/9 and prob-a-bil-ity
 []


Underfull \hbox (badness 10000) in paragraph at lines 1977--1978
[]|\T1/cmr/m/n/9 Parameter-
 []


Underfull \hbox (badness 10000) in paragraph at lines 1977--1978
\T1/cmr/m/n/9 sensitivity ap-
 []


Underfull \hbox (badness 10000) in paragraph at lines 1977--1978
\T1/cmr/m/n/9 pendix re-ports
 []


Underfull \hbox (badness 10000) in paragraph at lines 1978--1978
[]|\T1/cmr/m/n/9 Probability-to-
 []


Underfull \hbox (badness 6708) in paragraph at lines 1978--1978
\T1/cmr/m/n/9 dicted regime) and \T1/cmr/m/sc/9 prob
 []


Underfull \hbox (badness 6047) in paragraph at lines 1978--1978
\T1/cmr/m/n/9 map-ping (prob-a-bil-ity mix-
 []


Underfull \hbox (badness 5878) in paragraph at lines 1978--1978
[]|\T1/cmr/m/n/9 Both map-pings
 []


Underfull \hbox (badness 2653) in paragraph at lines 1978--1978
\T1/cmr/m/n/9 fixed as can-di-
 []


Underfull \hbox (badness 4156) in paragraph at lines 1978--1978
\T1/cmr/m/n/9 the \T1/cmr/m/sc/9 prob \T1/cmr/m/n/9 map-
 []


Underfull \hbox (badness 10000) in paragraph at lines 1978--1979
[]|\T1/cmr/m/sc/9 const \T1/cmr/m/n/9 map-ping
 []


Underfull \hbox (badness 10000) in paragraph at lines 1978--1979
\T1/cmr/m/n/9 re-tained as a
 []


Underfull \hbox (badness 10000) in paragraph at lines 1978--1979
\T1/cmr/m/n/9 di-ag-nos-tic com-
 []


Underfull \hbox (badness 10000) in paragraph at lines 1979--1979
[]|\T1/cmr/m/n/9 Minimum-variance ($\OML/cmm/m/it/9 ^^M[]\OT1/cmr/m/n/9 20$\T1/
cmr/m/n/9 )
 []


Underfull \hbox (badness 10000) in paragraph at lines 1979--1979
\T1/cmr/m/n/9 and mean--variance ($\OML/cmm/m/it/9 ^^M[]\OT1/cmr/m/n/9 5$\T1/cm
r/m/n/9 )
 []


Underfull \hbox (badness 10000) in paragraph at lines 1979--1979
[]|\T1/cmr/m/n/9 Representative
 []


Underfull \hbox (badness 10000) in paragraph at lines 1979--1980
[]|\T1/cmr/m/n/9 Risk-aversion
 []


Underfull \hbox (badness 10000) in paragraph at lines 1979--1980
\T1/cmr/m/n/9 sweeps re-ported
 []


Underfull \hbox (badness 10000) in paragraph at lines 1980--1980
[]|\T1/cmr/m/n/9 Transaction cost
 []


Underfull \hbox (badness 10000) in paragraph at lines 1980--1980
\T1/cmr/m/n/9 and turnover
 []


Underfull \hbox (badness 10000) in paragraph at lines 1980--1980
[]|\T1/cmr/m/n/9 One-way transaction-cost
 []


Underfull \hbox (badness 2717) in paragraph at lines 1980--1980
\T1/cmr/m/n/9 grid with an $\OML/cmm/m/it/9 L[]$ \T1/cmr/m/n/9 turnover
 []


Underfull \hbox (badness 10000) in paragraph at lines 1980--1981
[]|\T1/cmr/m/n/9 Cost and
 []


Underfull \hbox (badness 10000) in paragraph at lines 1980--1981
\T1/cmr/m/n/9 turnover-penalty
 []


Underfull \hbox (badness 10000) in paragraph at lines 1980--1981
\T1/cmr/m/n/9 sen-si-tiv-ity re-
 []


Underfull \hbox (badness 10000) in paragraph at lines 1980--1981
\T1/cmr/m/n/9 ported in ap-
 []


Underfull \hbox (badness 10000) in paragraph at lines 1981--1981
[]|\T1/cmr/m/n/9 Defensive, bal-anced, and
 []


Underfull \hbox (badness 10000) in paragraph at lines 1981--1981
\T1/cmr/m/n/9 high-return rep-re-sen-ta-tive
 []


Underfull \hbox (badness 2744) in paragraph at lines 1981--1981
[]|\T1/cmr/m/n/9 Roles fixed for
 []


Underfull \hbox (badness 10000) in paragraph at lines 1981--1981
[]|\T1/cmr/m/n/9 Rows se-lected
 []


Underfull \hbox (badness 1527) in paragraph at lines 1981--1981
\T1/cmr/m/n/9 as rep-re-sen-ta-tive
 []


Underfull \hbox (badness 2521) in paragraph at lines 1981--1981
\T1/cmr/m/n/9 points from the
 []

[72 <./figs/COUPLED__allocation_sweep_moment_shrinkage_low_turnover.pdf>]
Overfull \vbox (71.1879pt too high) has occurred while \output is active []


[73]) (regime_aware_tactical_asset_allocation.aux)
 ***********
LaTeX2e <2023-11-01> patch level 1
L3 programming layer <2024-01-04>
 ***********
Package rerunfilecheck Info: File `regime_aware_tactical_asset_allocation.out' 
has not changed.
(rerunfilecheck)             Checksum: 415EC0481DEA5EDDDBA68D3DB7ED845A;10407.
 ) 
Here is how much of TeX's memory you used:
 19041 strings out of 474486
 391491 string characters out of 5743755
 1968542 words of memory out of 5000000
 40676 multiletter control sequences out of 15000+600000
 584628 words of font info for 100 fonts, out of 8000000 for 9000
 1141 hyphenation exceptions out of 8191
 75i,14n,117p,971b,1216s stack positions out of 10000i,1000n,20000p,200000b,200000s
 <C:\Users\marce\AppData\Local\MiKTeX\fonts/pk/ljfour/jknappen/ec/dpi600\ecti
0800.pk> <C:\Users\marce\AppData\Local\MiKTeX\fonts/pk/ljfour/jknappen/ec/dpi60
0\ecrm0500.pk> <C:\Users\marce\AppData\Local\MiKTeX\fonts/pk/ljfour/jknappen/ec
/dpi600\ecrm0700.pk> <C:\Users\marce\AppData\Local\MiKTeX\fonts/pk/ljfour/jknap
pen/ec/dpi600\ecti0900.pk> <C:\Users\marce\AppData\Local\MiKTeX\fonts/pk/ljfour
/jknappen/ec/dpi600\ecti1000.pk> <C:\Users\marce\AppData\Local\MiKTeX\fonts/pk/
ljfour/jknappen/ec/dpi600\eccc0800.pk> <C:\Users\marce\AppData\Local\MiKTeX\fon
ts/pk/ljfour/jknappen/ec/dpi600\ecrm0800.pk> <C:\Users\marce\AppData\Local\MiKT
eX\fonts/pk/ljfour/jknappen/ec/dpi600\ecxc0900.pk> <C:\Users\marce\AppData\Loca
l\MiKTeX\fonts/pk/ljfour/jknappen/ec/dpi600\ecxc1000.pk> <C:\Users\marce\AppDat
a\Local\MiKTeX\fonts/pk/ljfour/jknappen/ec/dpi600\ecbx1000.pk> <C:\Users\marce\
AppData\Local\MiKTeX\fonts/pk/ljfour/jknappen/ec/dpi600\eccc1000.pk> <C:\Users\
marce\AppData\Local\MiKTeX\fonts/pk/ljfour/jknappen/ec/dpi600\ecbx1200.pk> <C:\
Users\marce\AppData\Local\MiKTeX\fonts/pk/ljfour/jknappen/ec/dpi600\eccc0900.pk
> <C:\Users\marce\AppData\Local\MiKTeX\fonts/pk/ljfour/jknappen/ec/dpi600\ecrm0
900.pk> <C:\Users\marce\AppData\Local\MiKTeX\fonts/pk/ljfour/jknappen/ec/dpi600
\ecbx0900.pk> <C:\Users\marce\AppData\Local\MiKTeX\fonts/pk/ljfour/jknappen/ec/
dpi600\ecrm1000.pk> <C:\Users\marce\AppData\Local\MiKTeX\fonts/pk/ljfour/jknapp
en/ec/dpi600\ecbx1728.pk><C:/Users/marce/AppData/Local/Programs/MiKTeX/fonts/ty
pe1/public/amsfonts/cm/cmbx10.pfb><C:/Users/marce/AppData/Local/Programs/MiKTeX
/fonts/type1/public/amsfonts/cm/cmex10.pfb><C:/Users/marce/AppData/Local/Progra
ms/MiKTeX/fonts/type1/public/amsfonts/cmextra/cmex8.pfb><C:/Users/marce/AppData
/Local/Programs/MiKTeX/fonts/type1/public/amsfonts/cm/cmmi10.pfb><C:/Users/marc
e/AppData/Local/Programs/MiKTeX/fonts/type1/public/amsfonts/cm/cmmi5.pfb><C:/Us
ers/marce/AppData/Local/Programs/MiKTeX/fonts/type1/public/amsfonts/cm/cmmi6.pf
b><C:/Users/marce/AppData/Local/Programs/MiKTeX/fonts/type1/public/amsfonts/cm/
cmmi7.pfb><C:/Users/marce/AppData/Local/Programs/MiKTeX/fonts/type1/public/amsf
onts/cm/cmmi8.pfb><C:/Users/marce/AppData/Local/Programs/MiKTeX/fonts/type1/pub
lic/amsfonts/cm/cmmi9.pfb><C:/Users/marce/AppData/Local/Programs/MiKTeX/fonts/t
ype1/public/amsfonts/cm/cmr10.pfb><C:/Users/marce/AppData/Local/Programs/MiKTeX
/fonts/type1/public/amsfonts/cm/cmr5.pfb><C:/Users/marce/AppData/Local/Programs
/MiKTeX/fonts/type1/public/amsfonts/cm/cmr6.pfb><C:/Users/marce/AppData/Local/P
rograms/MiKTeX/fonts/type1/public/amsfonts/cm/cmr7.pfb><C:/Users/marce/AppData/
Local/Programs/MiKTeX/fonts/type1/public/amsfonts/cm/cmr8.pfb><C:/Users/marce/A
ppData/Local/Programs/MiKTeX/fonts/type1/public/amsfonts/cm/cmr9.pfb><C:/Users/
marce/AppData/Local/Programs/MiKTeX/fonts/type1/public/amsfonts/cm/cmsy10.pfb><
C:/Users/marce/AppData/Local/Programs/MiKTeX/fonts/type1/public/amsfonts/cm/cms
y5.pfb><C:/Users/marce/AppData/Local/Programs/MiKTeX/fonts/type1/public/amsfont
s/cm/cmsy6.pfb><C:/Users/marce/AppData/Local/Programs/MiKTeX/fonts/type1/public
/amsfonts/cm/cmsy7.pfb><C:/Users/marce/AppData/Local/Programs/MiKTeX/fonts/type
1/public/amsfonts/cm/cmsy8.pfb><C:/Users/marce/AppData/Local/Programs/MiKTeX/fo
nts/type1/public/amsfonts/cm/cmsy9.pfb>
Output written on regime_aware_tactical_asset_allocation.pdf (73 pages, 1996925
1 bytes).
PDF statistics:
 3112 PDF objects out of 3580 (max. 8388607)
 334 named destinations out of 1000 (max. 500000)
 726 words of extra memory for PDF output out of 10000 (max. 10000000)

